Archive member included to satisfy reference by file (symbol)

/opt/devkitpro/libnds/lib/libnds9.a(background.o)
                              template.o (bgInitSub_call)
/opt/devkitpro/libnds/lib/libnds9.a(trig.o)
                              /opt/devkitpro/libnds/lib/libnds9.a(background.o) (sinLerp)
/opt/devkitpro/libnds/lib/libnds9.a(videoGL.o)
                              template.o (glRotatef32i)
/opt/devkitpro/libnds/lib/libnds9.a(sprite.o)
                              template.o (oamInit)
/opt/devkitpro/libnds/lib/libnds9.a(keys.o)
                              template.o (scanKeys)
/opt/devkitpro/libnds/lib/libnds9.a(initSystem.o)
                              /opt/devkitpro/devkitARM/bin/../lib/gcc/arm-none-eabi/14.1.0/../../../../arm-none-eabi/lib/thumb/ds_arm9_crt0.o (initSystem)
/opt/devkitpro/libnds/lib/libnds9.a(securearea.o)
                              /opt/devkitpro/devkitARM/bin/../lib/gcc/arm-none-eabi/14.1.0/../../../../arm-none-eabi/lib/thumb/ds_arm9_crt0.o (__secure_area__)
/opt/devkitpro/libnds/lib/libnds9.a(interrupts.o)
                              /opt/devkitpro/libnds/lib/libnds9.a(initSystem.o) (irqInit)
/opt/devkitpro/libnds/lib/libnds9.a(libnds_exit.arm.o)
                              /opt/devkitpro/devkitARM/bin/../lib/gcc/arm-none-eabi/14.1.0/../../../../arm-none-eabi/lib/thumb/ds_arm9_crt0.o (__libnds_exit)
/opt/devkitpro/libnds/lib/libnds9.a(fifosystem.o)
                              /opt/devkitpro/libnds/lib/libnds9.a(initSystem.o) (fifoSetValue32Handler)
/opt/devkitpro/libnds/lib/libnds9.a(dcache.o)
                              /opt/devkitpro/libnds/lib/libnds9.a(sprite.o) (DC_FlushRange)
/opt/devkitpro/libnds/lib/libnds9.a(mpu_setup.o)
                              /opt/devkitpro/devkitARM/bin/../lib/gcc/arm-none-eabi/14.1.0/../../../../arm-none-eabi/lib/thumb/ds_arm9_crt0.o (__libnds_mpu_setup)
/opt/devkitpro/libnds/lib/libnds9.a(IntrWait.o)
                              template.o (swiWaitForVBlank)
/opt/devkitpro/libnds/lib/libnds9.a(cpu_clock.o)
                              /opt/devkitpro/libnds/lib/libnds9.a(initSystem.o) (setCpuClock)
/opt/devkitpro/libnds/lib/libnds9.a(interruptDispatcher.o)
                              /opt/devkitpro/libnds/lib/libnds9.a(interrupts.o) (IntrMain)
/opt/devkitpro/libnds/lib/libnds9.a(biosCalls.o)
                              /opt/devkitpro/libnds/lib/libnds9.a(videoGL.o) (swiCopy)
/opt/devkitpro/libnds/lib/libnds9.a(swiSoftReset.o)
                              /opt/devkitpro/libnds/lib/libnds9.a(fifosystem.o) (swiSoftReset)
/opt/devkitpro/libnds/lib/libnds9.a(dynamicArray.o)
                              /opt/devkitpro/libnds/lib/libnds9.a(videoGL.o) (DynamicArrayInit)
/opt/devkitpro/libnds/lib/libnds9.a(video.o)
                              /opt/devkitpro/libnds/lib/libnds9.a(videoGL.o) (vramSetBanks_EFG)
/opt/devkitpro/libnds/lib/libnds9.a(sprite_alloc.o)
                              /opt/devkitpro/libnds/lib/libnds9.a(sprite.o) (oamAllocReset)
/opt/devkitpro/libnds/lib/libnds9.a(system.o)
                              /opt/devkitpro/libnds/lib/libnds9.a(initSystem.o) (systemValueHandler)
/opt/devkitpro/devkitARM/bin/../lib/gcc/arm-none-eabi/14.1.0/thumb/libgcc.a(_arm_mulsf3.o)
                              template.o (__aeabi_fmul)
/opt/devkitpro/devkitARM/bin/../lib/gcc/arm-none-eabi/14.1.0/thumb/libgcc.a(_divsi3.o)
                              template.o (__aeabi_idiv)
/opt/devkitpro/devkitARM/bin/../lib/gcc/arm-none-eabi/14.1.0/thumb/libgcc.a(_dvmd_tls.o)
                              /opt/devkitpro/devkitARM/bin/../lib/gcc/arm-none-eabi/14.1.0/thumb/libgcc.a(_divsi3.o) (__aeabi_idiv0)
/opt/devkitpro/devkitARM/bin/../lib/gcc/arm-none-eabi/14.1.0/thumb/libgcc.a(_arm_addsubdf3.o)
                              template.o (__aeabi_dadd)
/opt/devkitpro/devkitARM/bin/../lib/gcc/arm-none-eabi/14.1.0/thumb/libgcc.a(_arm_truncdfsf2.o)
                              template.o (__aeabi_d2f)
/opt/devkitpro/devkitARM/bin/../lib/gcc/arm-none-eabi/14.1.0/thumb/libgcc.a(_arm_addsubsf3.o)
                              template.o (__aeabi_fadd)
/opt/devkitpro/devkitARM/bin/../lib/gcc/arm-none-eabi/14.1.0/thumb/libgcc.a(_arm_fixsfsi.o)
                              template.o (__aeabi_f2iz)
/opt/devkitpro/devkitARM/bin/../lib/gcc/arm-none-eabi/14.1.0/thumb/libgcc.a(_sync_none.o)
                              (__sync_synchronize_none)
/opt/devkitpro/devkitARM/bin/../lib/gcc/arm-none-eabi/14.1.0/thumb/libgcc.a(_muldi3.o)
                              template.o (__aeabi_lmul)
/opt/devkitpro/devkitARM/bin/../lib/gcc/arm-none-eabi/14.1.0/../../../../arm-none-eabi/lib/thumb/libg.a(libc_a-bsearch.o)
                              /opt/devkitpro/libnds/lib/libnds9.a(trig.o) (bsearch)
/opt/devkitpro/devkitARM/bin/../lib/gcc/arm-none-eabi/14.1.0/../../../../arm-none-eabi/lib/thumb/libg.a(libc_a-calloc.o)
                              /opt/devkitpro/libnds/lib/libnds9.a(videoGL.o) (calloc)
[...]
Memory Configuration

Name             Origin             Length             Attributes
ewram            0x02000000         0x00380000
dtcm             0x02ff0000         0x00004000
vectors          0x01000000         0x00000100
itcm             0x01000100         0x00007f00
*default*        0x00000000         0xffffffff

Linker script and memory map

                0x00000000                        __sync_synchronize = __sync_synchronize_none
                0x02380000                        __ewram_end = (ORIGIN (ewram) + LENGTH (ewram))
                0x02380000                        __eheap_end = (ORIGIN (ewram) + LENGTH (ewram))
                0x02ff4000                        __dtcm_top = (ORIGIN (dtcm) + LENGTH (dtcm))
                0x02ff3ff8                        __irq_flags = (__dtcm_top - 0x8)
                0x02ff3ffc                        __irq_vector = (__dtcm_top - 0x4)
                0x02ff3f00                        __sp_svc = (__dtcm_top - 0x100)
                0x02ff3e00                        __sp_irq = (__sp_svc - 0x100)
                0x02ff3d00                        __sp_usr = (__sp_irq - 0x100)

.secure         0x02000000      0x800
 *(.secure)
 .secure        0x02000000      0x800 /opt/devkitpro/libnds/lib/libnds9.a(securearea.o)
                0x02000000                __secure_area__

.crt0           0x02000800      0x300
                0x02000800                        __text_start = .
 *(.crt0)
 .crt0          0x02000800      0x300 /opt/devkitpro/devkitARM/bin/../lib/gcc/arm-none-eabi/14.1.0/../../../../arm-none-eabi/lib/thumb/ds_arm9_crt0.o
                0x02000800                _start
                0x02000b00                        . = ALIGN (0x4)

.plt
 *(.plt)

.init           0x02000b00        0xc
 *(SORT_NONE(.init))
 .init          0x02000b00        0x4 /opt/devkitpro/devkitARM/bin/../lib/gcc/arm-none-eabi/14.1.0/thumb/crti.o
                0x02000b00                _init
 .init          0x02000b04        0x8 /opt/devkitpro/devkitARM/bin/../lib/gcc/arm-none-eabi/14.1.0/thumb/crtn.o

.text           0x02000b10     0x3fc0
 *(EXCLUDE_FILE(*.twl* *.vectors* *.itcm*) .text)
 .text          0x02000b10      0x308 template.o
                0x02000b4c                BOTTOM_SCREEN
                0x02000be8                TOP_SCREEN
                0x02000d3c                renderScene
                0x02000d94                initSubSprites
 .text          0x02000e18      0x198 /opt/devkitpro/devkitARM/bin/../lib/gcc/arm-none-eabi/14.1.0/thumb/libgcc.a(_arm_mulsf3.o)
                0x02000e18                __mulsf3
                0x02000e18                __aeabi_fmul
 .text          0x02000fb0      0x150 /opt/devkitpro/devkitARM/bin/../lib/gcc/arm-none-eabi/14.1.0/thumb/libgcc.a(_divsi3.o)
                0x02000fb0                __aeabi_idiv
                0x02000fb0                __divsi3
                0x020010e0                __aeabi_idivmod
 .text          0x02001100        0x4 /opt/devkitpro/devkitARM/bin/../lib/gcc/arm-none-eabi/14.1.0/thumb/libgcc.a(_dvmd_tls.o)
                0x02001100                __aeabi_ldiv0
                0x02001100                __aeabi_idiv0
 .text          0x02001104      0x424 /opt/devkitpro/devkitARM/bin/../lib/gcc/arm-none-eabi/14.1.0/thumb/libgcc.a(_arm_addsubdf3.o)
                0x02001104                __aeabi_drsub
                0x0200110c                __aeabi_dsub
                0x0200110c                __subdf3
                0x02001110                __adddf3
                0x02001110                __aeabi_dadd
                0x02001420                __aeabi_ui2d
                0x02001420                __floatunsidf
                0x02001444                __floatsidf
                0x02001444                __aeabi_i2d
                0x0200146c                __extendsfdf2
                0x0200146c                __aeabi_f2d
                0x020014b4                __aeabi_ul2d
                0x020014b4                __floatundidf
                0x020014c8                __floatdidf
                0x020014c8                __aeabi_l2d
 .text          0x02001528       0xa0 /opt/devkitpro/devkitARM/bin/../lib/gcc/arm-none-eabi/14.1.0/thumb/libgcc.a(_arm_truncdfsf2.o)
                0x02001528                __aeabi_d2f
                0x02001528                __truncdfsf2
 .text          0x020015c8      0x2ac /opt/devkitpro/devkitARM/bin/../lib/gcc/arm-none-eabi/14.1.0/thumb/libgcc.a(_arm_addsubsf3.o)
                0x020015c8                __aeabi_frsub
                0x020015d0                __subsf3
                0x020015d0                __aeabi_fsub
                0x020015d4                __aeabi_fadd
                0x020015d4                __addsf3
                0x02001790                __aeabi_ui2f
                0x02001790                __floatunsisf
                0x02001798                __aeabi_i2f
                0x02001798                __floatsisf
                0x020017b8                __floatundisf
                0x020017b8                __aeabi_ul2f
                0x020017c8                __floatdisf
                0x020017c8                __aeabi_l2f
 .text          0x02001874       0x5c /opt/devkitpro/devkitARM/bin/../lib/gcc/arm-none-eabi/14.1.0/thumb/libgcc.a(_arm_fixsfsi.o)
                0x02001874                __fixsfsi
                0x02001874                __aeabi_f2iz
 .text          0x020018d0      0x11c /opt/devkitpro/devkitARM/bin/../lib/gcc/arm-none-eabi/14.1.0/thumb/libgcc.a(_udivsi3.o)
                0x020018d0                __udivsi3
                0x020018d0                __aeabi_uidiv
                0x020019cc                __aeabi_uidivmod
 *(EXCLUDE_FILE(*.twl* *.vectors* *.itcm*) .stub)
 *(EXCLUDE_FILE(*.twl* *.vectors* *.itcm*) .text.*)
 .text.__do_global_dtors_aux
                0x020019ec       0x2c /opt/devkitpro/devkitARM/bin/../lib/gcc/arm-none-eabi/14.1.0/thumb/crtbegin.o
 .text.frame_dummy
                0x02001a18       0x24 /opt/devkitpro/devkitARM/bin/../lib/gcc/arm-none-eabi/14.1.0/thumb/crtbegin.o
 .text.startup  0x02001a3c      0x224 template.o
                0x02001a3c                main
 .text.checkIfText
                0x02001c60       0x5c /opt/devkitpro/libnds/lib/libnds9.a(background.o)
                0x02001c60                checkIfText
 .text.bgUpdate
                0x02001cbc       0xf4 /opt/devkitpro/libnds/lib/libnds9.a(background.o)
                0x02001cbc                bgUpdate
 .text.bgInitSub_call
                0x02001db0       0xcc /opt/devkitpro/libnds/lib/libnds9.a(background.o)
                0x02001db0                bgInitSub_call
 .text.sinLutLookup
                0x02001e7c       0x4c /opt/devkitpro/libnds/lib/libnds9.a(trig.o)
                0x02001e7c                sinLutLookup
 .text.sinLerp  0x02001ec8       0x40 /opt/devkitpro/libnds/lib/libnds9.a(trig.o)
                0x02001ec8                sinLerp
 .text.cosLerp  0x02001f08       0x4c /opt/devkitpro/libnds/lib/libnds9.a(trig.o)
                0x02001f08                cosLerp
 .text.tanLerp  0x02001f54       0xb0 /opt/devkitpro/libnds/lib/libnds9.a(trig.o)
                0x02001f54                tanLerp
 .text.glRotatef32i
                0x02002004      0x2b4 /opt/devkitpro/libnds/lib/libnds9.a(videoGL.o)
                0x02002004                glRotatef32i
 .text.vramBlock_init
                0x020022b8       0x5c /opt/devkitpro/libnds/lib/libnds9.a(videoGL.o)
                0x020022b8                vramBlock_init
 .text.glInit_C
                0x02002314      0x1cc /opt/devkitpro/libnds/lib/libnds9.a(videoGL.o)
                0x02002314                glInit_C
 .text.oamInit  0x020024e0      0x114 /opt/devkitpro/libnds/lib/libnds9.a(sprite.o)
                0x020024e0                oamInit
 .text.oamUpdate
                0x020025f4       0x60 /opt/devkitpro/libnds/lib/libnds9.a(sprite.o)
                0x020025f4                oamUpdate
 .text.scanKeys
                0x02002654       0x8c /opt/devkitpro/libnds/lib/libnds9.a(keys.o)
                0x02002654                scanKeys
 .text.keysHeld
                0x020026e0        0xc /opt/devkitpro/libnds/lib/libnds9.a(keys.o)
                0x020026e0                keysHeld
 .text.keysDown
                0x020026ec       0x14 /opt/devkitpro/libnds/lib/libnds9.a(keys.o)
                0x020026ec                keysDown
 .text.initSystem
                0x02002700      0x180 /opt/devkitpro/libnds/lib/libnds9.a(initSystem.o)
                0x02002700                initSystem
 .text.irqDummy
                0x02002880        0x4 /opt/devkitpro/libnds/lib/libnds9.a(interrupts.o)
                0x02002880                irqDummy
 .text.irqSet   0x02002884       0x6c /opt/devkitpro/libnds/lib/libnds9.a(interrupts.o)
                0x02002884                irqSet
 .text.irqInit  0x020028f0       0x50 /opt/devkitpro/libnds/lib/libnds9.a(interrupts.o)
                0x020028f0                irqInit
 .text.irqEnable
                0x02002940       0x64 /opt/devkitpro/libnds/lib/libnds9.a(interrupts.o)
                0x02002940                irqEnable
 .text.systemErrorExit
                0x020029a4        0x4 /opt/devkitpro/libnds/lib/libnds9.a(libnds_exit.arm.o)
                0x020029a4                systemErrorExit
 .text.__libnds_exit
                0x020029a8       0x5c /opt/devkitpro/libnds/lib/libnds9.a(libnds_exit.arm.o)
                0x020029a8                __libnds_exit
 .text.fifo_queueBlock
                0x02002a04       0x44 /opt/devkitpro/libnds/lib/libnds9.a(fifosystem.o)
 .text.fifo_waitBlock
                0x02002a48       0x80 /opt/devkitpro/libnds/lib/libnds9.a(fifosystem.o)
 .text.fifoInternalSend.part.0
                0x02002ac8       0xd4 /opt/devkitpro/libnds/lib/libnds9.a(fifosystem.o)
 .text.fifoInternalSendInterrupt
                0x02002b9c       0xb0 /opt/devkitpro/libnds/lib/libnds9.a(fifosystem.o)
 .text.fifoSetValue32Handler
                0x02002c4c       0xd4 /opt/devkitpro/libnds/lib/libnds9.a(fifosystem.o)
                0x02002c4c                fifoSetValue32Handler
 .text.fifoSendValue32
                0x02002d20       0x4c /opt/devkitpro/libnds/lib/libnds9.a(fifosystem.o)
                0x02002d20                fifoSendValue32
 .text.fifoGetDatamsg
                0x02002d6c       0xf4 /opt/devkitpro/libnds/lib/libnds9.a(fifosystem.o)
                0x02002d6c                fifoGetDatamsg
 .text.fifoInternalRecvInterrupt
                0x02002e60      0x37c /opt/devkitpro/libnds/lib/libnds9.a(fifosystem.o)
 .text.fifoSetDatamsgHandler
                0x020031dc       0x9c /opt/devkitpro/libnds/lib/libnds9.a(fifosystem.o)
                0x020031dc                fifoSetDatamsgHandler
 .text.fifoInit
                0x02003278      0x108 /opt/devkitpro/libnds/lib/libnds9.a(fifosystem.o)
                0x02003278                fifoInit
 .text.DC_FlushRange
                0x02003380       0x24 /opt/devkitpro/libnds/lib/libnds9.a(dcache.o)
                0x02003380                DC_FlushRange
 .text.__libnds_mpu_setup
                0x020033a4      0x174 /opt/devkitpro/libnds/lib/libnds9.a(mpu_setup.o)
                0x020033a4                __libnds_mpu_setup
 .text.memUncached
                0x02003518       0x20 /opt/devkitpro/libnds/lib/libnds9.a(mpu_setup.o)
                0x02003518                memUncached
 .text.swiWaitForVBlank
                0x02003538        0x8 /opt/devkitpro/libnds/lib/libnds9.a(IntrWait.o)
                0x02003538                swiWaitForVBlank
 .text.swiIntrWait
                0x02003540       0x70 /opt/devkitpro/libnds/lib/libnds9.a(IntrWait.o)
                0x02003540                swiIntrWait
 .text.setCpuClock
                0x020035b0       0x50 /opt/devkitpro/libnds/lib/libnds9.a(cpu_clock.o)
                0x020035b0                setCpuClock
 .text.swiDelay
                0x02003600        0x4 /opt/devkitpro/libnds/lib/libnds9.a(biosCalls.o)
                0x02003600                swiDelay
 .text.swiSoftReset
                0x02003604       0x2c /opt/devkitpro/libnds/lib/libnds9.a(swiSoftReset.o)
                0x02003604                swiSoftReset
 .text.DynamicArrayInit
                0x02003630       0x18 /opt/devkitpro/libnds/lib/libnds9.a(dynamicArray.o)
                0x02003630                DynamicArrayInit
 .text.DynamicArraySet
                0x02003648       0x48 /opt/devkitpro/libnds/lib/libnds9.a(dynamicArray.o)
                0x02003648                DynamicArraySet
 .text.vramDefault
                0x02003690       0xd0 /opt/devkitpro/libnds/lib/libnds9.a(video.o)
                0x02003690                vramDefault
 .text.oamAllocReset
                0x02003760       0x1c /opt/devkitpro/libnds/lib/libnds9.a(sprite_alloc.o)
                0x02003760                oamAllocReset
 .text.systemValueHandler
                0x0200377c       0x48 /opt/devkitpro/libnds/lib/libnds9.a(system.o)
                0x0200377c                systemValueHandler
 .text.systemMsgHandler
                0x020037c4       0x60 /opt/devkitpro/libnds/lib/libnds9.a(system.o)
                0x020037c4                systemMsgHandler
 .text.powerOn  0x02003824       0x2c /opt/devkitpro/libnds/lib/libnds9.a(system.o)
                0x02003824                powerOn
 .text.__muldi3
                0x02003850       0x64 /opt/devkitpro/devkitARM/bin/../lib/gcc/arm-none-eabi/14.1.0/thumb/libgcc.a(_muldi3.o)
                0x02003850                __aeabi_lmul
                0x02003850                __muldi3
 .text.calloc   0x020038b4       0x18 /opt/devkitpro/devkitARM/bin/../lib/gcc/arm-none-eabi/14.1.0/../../../../arm-none-eabi/lib/thumb/libg.a(libc_a-calloc.o)
                0x020038b4                calloc
 .text._calloc_r
                0x020038cc       0xb8 /opt/devkitpro/devkitARM/bin/../lib/gcc/arm-none-eabi/14.1.0/../../../../arm-none-eabi/lib/thumb/libg.a(libc_a-callocr.o)
                0x020038cc                _calloc_r
 .text.realloc  0x02003984       0x18 /opt/devkitpro/devkitARM/bin/../lib/gcc/arm-none-eabi/14.1.0/../../../../arm-none-eabi/lib/thumb/libg.a(libc_a-realloc.o)
                0x02003984                realloc
 .text._malloc_r
                0x0200399c      0x588 /opt/devkitpro/devkitARM/bin/../lib/gcc/arm-none-eabi/14.1.0/../../../../arm-none-eabi/lib/thumb/libg.a(libc_a-mallocr.o)
                0x0200399c                _malloc_r
 .text._malloc_trim_r
                0x02003f24       0xac /opt/devkitpro/devkitARM/bin/../lib/gcc/arm-none-eabi/14.1.0/../../../../arm-none-eabi/lib/thumb/libg.a(libc_a-freer.o)
                0x02003f24                _malloc_trim_r
 .text._free_r  0x02003fd0      0x1f4 /opt/devkitpro/devkitARM/bin/../lib/gcc/arm-none-eabi/14.1.0/../../../../arm-none-eabi/lib/thumb/libg.a(libc_a-freer.o)
                0x02003fd0                _free_r
 .text.__errno  0x020041c4        0xc /opt/devkitpro/devkitARM/bin/../lib/gcc/arm-none-eabi/14.1.0/../../../../arm-none-eabi/lib/thumb/libg.a(libc_a-errno.o)
                0x020041c4                __errno
 .text.malloc   0x020041d0       0x28 /opt/devkitpro/devkitARM/bin/../lib/gcc/arm-none-eabi/14.1.0/../../../../arm-none-eabi/lib/thumb/libg.a(libc_a-malloc.o)
                0x020041d0                malloc
 .text.free     0x020041f8       0x14 /opt/devkitpro/devkitARM/bin/../lib/gcc/arm-none-eabi/14.1.0/../../../../arm-none-eabi/lib/thumb/libg.a(libc_a-malloc.o)
                0x020041f8                free
 .text.memcpy   0x0200420c       0xb0 /opt/devkitpro/devkitARM/bin/../lib/gcc/arm-none-eabi/14.1.0/../../../../arm-none-eabi/lib/thumb/libg.a(libc_a-memcpy-stub.o)
                0x0200420c                memcpy
 .text.memset   0x020042bc       0x98 /opt/devkitpro/devkitARM/bin/../lib/gcc/arm-none-eabi/14.1.0/../../../../arm-none-eabi/lib/thumb/libg.a(libc_a-memset.o)
                0x020042bc                memset
 .text._realloc_r
                0x02004354      0x384 /opt/devkitpro/devkitARM/bin/../lib/gcc/arm-none-eabi/14.1.0/../../../../arm-none-eabi/lib/thumb/libg.a(libc_a-reallocr.o)
                0x02004354                _realloc_r
 .text.__malloc_lock
                0x020046d8       0x14 /opt/devkitpro/devkitARM/bin/../lib/gcc/arm-none-eabi/14.1.0/../../../../arm-none-eabi/lib/thumb/libg.a(libc_a-mlock.o)
                0x020046d8                __malloc_lock
 .text.__malloc_unlock
                0x020046ec       0x14 /opt/devkitpro/devkitARM/bin/../lib/gcc/arm-none-eabi/14.1.0/../../../../arm-none-eabi/lib/thumb/libg.a(libc_a-mlock.o)
                0x020046ec                __malloc_unlock
 .text.__libc_init_array
                0x02004700       0x54 /opt/devkitpro/devkitARM/bin/../lib/gcc/arm-none-eabi/14.1.0/../../../../arm-none-eabi/lib/thumb/libg.a(libc_a-init.o)
                0x02004700                __libc_init_array
 .text.memmove  0x02004754       0xcc /opt/devkitpro/devkitARM/bin/../lib/gcc/arm-none-eabi/14.1.0/../../../../arm-none-eabi/lib/thumb/libg.a(libc_a-memmove.o)
                0x02004754                memmove
 .text._memalign_r
                0x02004820      0x128 /opt/devkitpro/devkitARM/bin/../lib/gcc/arm-none-eabi/14.1.0/../../../../arm-none-eabi/lib/thumb/libg.a(libc_a-malignr.o)
                0x02004820                _memalign_r
 .text.build_argv
                0x02004948       0x54 /opt/devkitpro/devkitARM/bin/../lib/gcc/arm-none-eabi/14.1.0/../../../../arm-none-eabi/lib/thumb/libsysbase.a(libsysbase_libsysbase_a-build_argv.o)
                0x02004948                build_argv
 .text.__getreent
                0x0200499c       0x20 /opt/devkitpro/devkitARM/bin/../lib/gcc/arm-none-eabi/14.1.0/../../../../arm-none-eabi/lib/thumb/libsysbase.a(libsysbase_libsysbase_a-getreent.o)
                0x0200499c                __getreent
 .text._sbrk_r  0x020049bc       0x54 /opt/devkitpro/devkitARM/bin/../lib/gcc/arm-none-eabi/14.1.0/../../../../arm-none-eabi/lib/thumb/libsysbase.a(libsysbase_libsysbase_a-sbrk.o)
                0x020049bc                _sbrk_r
 .text.__libc_lock_acquire_recursive
                0x02004a10       0x18 /opt/devkitpro/devkitARM/bin/../lib/gcc/arm-none-eabi/14.1.0/../../../../arm-none-eabi/lib/thumb/libsysbase.a(libsysbase_libsysbase_a-syscall_support.o)
                0x02004a10                __libc_lock_acquire_recursive
 .text.__libc_lock_release_recursive
                0x02004a28       0x18 /opt/devkitpro/devkitARM/bin/../lib/gcc/arm-none-eabi/14.1.0/../../../../arm-none-eabi/lib/thumb/libsysbase.a(libsysbase_libsysbase_a-syscall_support.o)
                0x02004a28                __libc_lock_release_recursive
 .text.__libc_lock_release_recursive.__stub
                0x02004a40       0x88 linker stubs
 *(EXCLUDE_FILE(*.twl*) .gnu.warning)
 *(EXCLUDE_FILE(*.twl*) .gnu.linkonce.t*)
 *(.glue_7)
 .glue_7        0x02004ad0        0x0 linker stubs
 *(.glue_7t)
 .glue_7t       0x02004ad0        0x0 linker stubs
                0x02004ad0                        . = ALIGN (0x4)

.vfp11_veneer   0x02004ad0        0x0
 .vfp11_veneer  0x02004ad0        0x0 linker stubs

.v4_bx          0x02004ad0        0x0
 .v4_bx         0x02004ad0        0x0 linker stubs

.iplt           0x02004ad0        0x0
 .iplt          0x02004ad0        0x0 /opt/devkitpro/devkitARM/bin/../lib/gcc/arm-none-eabi/14.1.0/../../../../arm-none-eabi/lib/thumb/ds_arm9_crt0.o

.fini           0x02004ad0        0xc
 *(.fini)
 .fini          0x02004ad0        0x4 /opt/devkitpro/devkitARM/bin/../lib/gcc/arm-none-eabi/14.1.0/thumb/crti.o
                0x02004ad0                _fini
 .fini          0x02004ad4        0x8 /opt/devkitpro/devkitARM/bin/../lib/gcc/arm-none-eabi/14.1.0/thumb/crtn.o
                0x02004adc                        __text_end = .

.rodata         0x02004adc      0x308
 *(EXCLUDE_FILE(*.twl*) .rodata)
 *all.rodata*(*)
 *(EXCLUDE_FILE(*.twl*) .roda)
 *(EXCLUDE_FILE(*.twl*) .rodata.*)
 .rodata.SIN_LUT
                0x02004adc      0x102 /opt/devkitpro/libnds/lib/libnds9.a(trig.o)
                0x02004adc                SIN_LUT
 *fill*         0x02004bde        0x2 ff
 .rodata.TAN_LUT
                0x02004be0      0x204 /opt/devkitpro/libnds/lib/libnds9.a(trig.o)
                0x02004be0                TAN_LUT
 *(EXCLUDE_FILE(*.twl*) .gnu.linkonce.r*)
                0x02004de4                        . = ALIGN (0x4)

.ARM.extab
 *(.ARM.extab* .gnu.linkonce.armextab.*)
                0x02004de4                        __exidx_start = .

ARM.exidx
 *(.ARM.exidx* .gnu.linkonce.armexidx.*)
                0x02004de4                        __exidx_end = .
                0x02004de4                        . = ALIGN (0x4)
                0x02004de4                        PROVIDE (__preinit_array_start = .)

.preinit_array
 *(.preinit_array)
                0x02004de4                        PROVIDE (__preinit_array_end = .)
                0x02004de4                        PROVIDE (__init_array_start = .)

.init_array     0x02004de4        0x4
 *(SORT_BY_NAME(.init_array.*))
 *(.init_array)
 .init_array    0x02004de4        0x4 /opt/devkitpro/devkitARM/bin/../lib/gcc/arm-none-eabi/14.1.0/thumb/crtbegin.o
                0x02004de8                        PROVIDE (__init_array_end = .)
                [!provide]                        PROVIDE (__fini_array_start = .)

.fini_array     0x02004de8        0x4
 *(.fini_array)
 .fini_array    0x02004de8        0x4 /opt/devkitpro/devkitARM/bin/../lib/gcc/arm-none-eabi/14.1.0/thumb/crtbegin.o
 *(SORT_BY_NAME(.fini_array.*))
                [!provide]                        PROVIDE (__fini_array_end = .)

.ctors          0x02004dec        0x0
 *crtbegin.o(.ctors)
 *(EXCLUDE_FILE(*crtend.o) .ctors)
 *(SORT_BY_NAME(.ctors.*))
 *(.ctors)
                0x02004dec                        . = ALIGN (0x4)

.dtors          0x02004dec        0x0
 *crtbegin.o(.dtors)
 *(EXCLUDE_FILE(*crtend.o) .dtors)
 *(SORT_BY_NAME(.dtors.*))
 *(.dtors)
                0x02004dec                        . = ALIGN (0x4)

.eh_frame       0x02004dec        0x4
 *(.eh_frame)
 .eh_frame      0x02004dec        0x0 /opt/devkitpro/devkitARM/bin/../lib/gcc/arm-none-eabi/14.1.0/thumb/crtbegin.o
 .eh_frame      0x02004dec        0x4 /opt/devkitpro/devkitARM/bin/../lib/gcc/arm-none-eabi/14.1.0/thumb/crtend.o
                0x02004df0                        . = ALIGN (0x4)

.rel.dyn        0x02004df0        0x0
 .rel.iplt      0x02004df0        0x0 /opt/devkitpro/devkitARM/bin/../lib/gcc/arm-none-eabi/14.1.0/../../../../arm-none-eabi/lib/thumb/ds_arm9_crt0.o

.gcc_except_table
                0x02004df0        0x0
 *(.gcc_except_table)
                0x02004df0                        . = ALIGN (0x4)

.jcr
 *(.jcr)

.got
 *(.got.plt)
 *(.got)
 *(.rel.got)

.ewram          0x02004df0        0x0
                0x02004df0                        __ewram_start = ABSOLUTE (.)
 *(.ewram)
 *ewram.*(.text)
                0x02004df0                        . = ALIGN (0x4)

.data           0x02004df0      0x5e8
                0x02004df0                        __data_start = ABSOLUTE (.)
 *(EXCLUDE_FILE(*.twl*) .data)
 .data          0x02004df0       0x28 /opt/devkitpro/libnds/lib/libnds9.a(mpu_setup.o)
 *(EXCLUDE_FILE(*.twl*) .data.*)
 .data.bgScrollTable
                0x02004e18       0x20 /opt/devkitpro/libnds/lib/libnds9.a(background.o)
                0x02004e18                bgScrollTable
 .data.bgTransform
                0x02004e38       0x20 /opt/devkitpro/libnds/lib/libnds9.a(background.o)
                0x02004e38                bgTransform
 .data.glGlob   0x02004e58        0x4 /opt/devkitpro/libnds/lib/libnds9.a(videoGL.o)
 .data.oamMain  0x02004e5c       0x18 /opt/devkitpro/libnds/lib/libnds9.a(sprite.o)
                0x02004e5c                oamMain
 .data.oamSub   0x02004e74       0x18 /opt/devkitpro/libnds/lib/libnds9.a(sprite.o)
                0x02004e74                oamSub
 .data.count    0x02004e8c        0x1 /opt/devkitpro/libnds/lib/libnds9.a(keys.o)
 .data.delay    0x02004e8d        0x1 /opt/devkitpro/libnds/lib/libnds9.a(keys.o)
 .data.repeat   0x02004e8e        0x1 /opt/devkitpro/libnds/lib/libnds9.a(keys.o)
 *fill*         0x02004e8f        0x1 ff
 .data.fifo_buffer_free
                0x02004e90        0x4 /opt/devkitpro/libnds/lib/libnds9.a(fifosystem.o)
                0x02004e90                fifo_buffer_free
 .data.fifo_freewords
                0x02004e94        0x4 /opt/devkitpro/libnds/lib/libnds9.a(fifosystem.o)
                0x02004e94                fifo_freewords
 .data.fifo_receive_queue
                0x02004e98        0x4 /opt/devkitpro/libnds/lib/libnds9.a(fifosystem.o)
                0x02004e98                fifo_receive_queue
 .data.fifo_send_queue
                0x02004e9c        0x4 /opt/devkitpro/libnds/lib/libnds9.a(fifosystem.o)
                0x02004e9c                fifo_send_queue
 .data.__malloc_sbrk_base
                0x02004ea0        0x4 /opt/devkitpro/devkitARM/bin/../lib/gcc/arm-none-eabi/14.1.0/../../../../arm-none-eabi/lib/thumb/libg.a(libc_a-mallocr.o)
                0x02004ea0                __malloc_sbrk_base
 .data.__malloc_trim_threshold
                0x02004ea4        0x4 /opt/devkitpro/devkitARM/bin/../lib/gcc/arm-none-eabi/14.1.0/../../../../arm-none-eabi/lib/thumb/libg.a(libc_a-mallocr.o)
                0x02004ea4                __malloc_trim_threshold
 *fill*         0x02004ea8        0x0 ff
 .data.__malloc_av_
                0x02004ea8      0x408 /opt/devkitpro/devkitARM/bin/../lib/gcc/arm-none-eabi/14.1.0/../../../../arm-none-eabi/lib/thumb/libg.a(libc_a-mallocr.o)
                0x02004ea8                __malloc_av_
 .data._impure_ptr
                0x020052b0        0x4 /opt/devkitpro/devkitARM/bin/../lib/gcc/arm-none-eabi/14.1.0/../../../../arm-none-eabi/lib/thumb/libg.a(libc_a-impure.o)
                0x020052b0                _impure_ptr
 *fill*         0x020052b4        0x4 ff
 .data._impure_data
                0x020052b8      0x120 /opt/devkitpro/devkitARM/bin/../lib/gcc/arm-none-eabi/14.1.0/../../../../arm-none-eabi/lib/thumb/libg.a(libc_a-impure.o)
                0x020052b8                _impure_data
 *(EXCLUDE_FILE(*.twl*) .gnu.linkonce.d*)
                0x020053d8                        . = ALIGN (0x4)
                0x020053d8                        __data_end = ABSOLUTE (.)
                0x020053d8                        __bss_vma = .

.igot.plt       0x020053d8        0x0
 .igot.plt      0x020053d8        0x0 /opt/devkitpro/devkitARM/bin/../lib/gcc/arm-none-eabi/14.1.0/../../../../arm-none-eabi/lib/thumb/ds_arm9_crt0.o

.dtcm           0x02ff0000        0x0 load address 0x020053d8
                0x020053d8                        __dtcm_lma = LOADADDR (.dtcm)
                0x02ff0000                        __dtcm_start = ABSOLUTE (.)
 *(.dtcm)
 *(.dtcm.*)
                0x02ff0000                        . = ALIGN (0x4)
                0x02ff0000                        __dtcm_end = ABSOLUTE (.)

.itcm           0x01000100      0x194 load address 0x020053d8
                0x020053d8                        __itcm_lma = LOADADDR (.itcm)
                0x01000100                        __itcm_start = ABSOLUTE (.)
 *(.itcm)
 .itcm          0x01000100       0xc8 /opt/devkitpro/libnds/lib/libnds9.a(interrupts.o)
                0x01000100                irqTable
 .itcm          0x010001c8       0xcc /opt/devkitpro/libnds/lib/libnds9.a(interruptDispatcher.o)
                0x010001c8                IntrMain
 *.itcm*(.text .stub .text.*)
                0x01000294                        . = ALIGN (0x4)
                0x01000294                        __itcm_end = ABSOLUTE (.)

.vectors        0x01000000        0x0 load address 0x0200556c
                0x0200556c                        __vectors_lma = LOADADDR (.vectors)
                0x01000000                        __vectors_start = ABSOLUTE (.)
 *(.vectors .vectors.*)
                0x01000000                        . = ALIGN (0x4)
                0x01000000                        __vectors_end = ABSOLUTE (.)

.sbss           0x02ff0000        0x0
                0x02ff0000                        __sbss_start = ABSOLUTE (.)
                0x02ff0000                        __sbss_start__ = ABSOLUTE (.)
 *(.sbss)
                0x02ff0000                        . = ALIGN (0x4)
                0x02ff0000                        __sbss_end = ABSOLUTE (.)

.bss            0x020053d8     0x15c8
                0x020053d8                        __bss_start = ABSOLUTE (.)
                0x020053d8                        __bss_start__ = ABSOLUTE (.)
 *(EXCLUDE_FILE(*.twl*) .dynbss)
 *(EXCLUDE_FILE(*.twl*) .gnu.linkonce.b*)
 *(EXCLUDE_FILE(*.twl*) .bss*)
 .bss.completed.1
                0x020053d8        0x1 /opt/devkitpro/devkitARM/bin/../lib/gcc/arm-none-eabi/14.1.0/thumb/crtbegin.o
 *fill*         0x020053d9        0x3 
 .bss.object.0  0x020053dc       0x18 /opt/devkitpro/devkitARM/bin/../lib/gcc/arm-none-eabi/14.1.0/thumb/crtbegin.o
 .bss           0x020053f4        0x4 template.o
 .bss.bgIsTextLut
                0x020053f8        0x8 /opt/devkitpro/libnds/lib/libnds9.a(background.o)
                0x020053f8                bgIsTextLut
 .bss.bgState   0x02005400      0x140 /opt/devkitpro/libnds/lib/libnds9.a(background.o)
                0x02005400                bgState
 .bss.glGlobalData
                0x02005540       0x54 /opt/devkitpro/libnds/lib/libnds9.a(videoGL.o)
                0x02005540                glGlobalData
 .bss.OamMemory
                0x02005594      0x400 /opt/devkitpro/libnds/lib/libnds9.a(sprite.o)
                0x02005594                OamMemory
 .bss.OamMemorySub
                0x02005994      0x400 /opt/devkitpro/libnds/lib/libnds9.a(sprite.o)
                0x02005994                OamMemorySub
 .bss.keys      0x02005d94        0x2 /opt/devkitpro/libnds/lib/libnds9.a(keys.o)
 .bss.keysold   0x02005d96        0x2 /opt/devkitpro/libnds/lib/libnds9.a(keys.o)
 .bss.keysrepeat
                0x02005d98        0x2 /opt/devkitpro/libnds/lib/libnds9.a(keys.o)
 .bss.__dsimode
                0x02005d9a        0x1 /opt/devkitpro/libnds/lib/libnds9.a(initSystem.o)
                0x02005d9a                __dsimode
 *fill*         0x02005d9b        0x1 
 .bss.punixTime
                0x02005d9c        0x4 /opt/devkitpro/libnds/lib/libnds9.a(initSystem.o)
                0x02005d9c                punixTime
 .bss.fifo_address_data
                0x02005da0       0x40 /opt/devkitpro/libnds/lib/libnds9.a(fifosystem.o)
                0x02005da0                fifo_address_data
 .bss.fifo_address_func
                0x02005de0       0x40 /opt/devkitpro/libnds/lib/libnds9.a(fifosystem.o)
                0x02005de0                fifo_address_func
 .bss.fifo_address_queue
                0x02005e20       0x40 /opt/devkitpro/libnds/lib/libnds9.a(fifosystem.o)
                0x02005e20                fifo_address_queue
 .bss.fifo_buffer
                0x02005e60      0x800 /opt/devkitpro/libnds/lib/libnds9.a(fifosystem.o)
                0x02005e60                fifo_buffer
 .bss.fifo_data_queue
                0x02006660       0x40 /opt/devkitpro/libnds/lib/libnds9.a(fifosystem.o)
                0x02006660                fifo_data_queue
 .bss.fifo_datamsg_data
                0x020066a0       0x40 /opt/devkitpro/libnds/lib/libnds9.a(fifosystem.o)
                0x020066a0                fifo_datamsg_data
 .bss.fifo_datamsg_func
                0x020066e0       0x40 /opt/devkitpro/libnds/lib/libnds9.a(fifosystem.o)
                0x020066e0                fifo_datamsg_func
 .bss.fifo_value32_data
                0x02006720       0x40 /opt/devkitpro/libnds/lib/libnds9.a(fifosystem.o)
                0x02006720                fifo_value32_data
 .bss.fifo_value32_func
                0x02006760       0x40 /opt/devkitpro/libnds/lib/libnds9.a(fifosystem.o)
                0x02006760                fifo_value32_func
 .bss.fifo_value32_queue
                0x020067a0       0x40 /opt/devkitpro/libnds/lib/libnds9.a(fifosystem.o)
                0x020067a0                fifo_value32_queue
 .bss.processing
                0x020067e0        0x4 /opt/devkitpro/libnds/lib/libnds9.a(fifosystem.o)
                0x020067e0                processing
 .bss.SDcallback
                0x020067e4        0x4 /opt/devkitpro/libnds/lib/libnds9.a(system.o)
 .bss.__malloc_current_mallinfo
                0x020067e8       0x28 /opt/devkitpro/devkitARM/bin/../lib/gcc/arm-none-eabi/14.1.0/../../../../arm-none-eabi/lib/thumb/libg.a(libc_a-mallocr.o)
                0x020067e8                __malloc_current_mallinfo
 .bss.__malloc_max_total_mem
                0x02006810        0x4 /opt/devkitpro/devkitARM/bin/../lib/gcc/arm-none-eabi/14.1.0/../../../../arm-none-eabi/lib/thumb/libg.a(libc_a-mallocr.o)
                0x02006810                __malloc_max_total_mem
 .bss.__malloc_max_sbrked_mem
                0x02006814        0x4 /opt/devkitpro/devkitARM/bin/../lib/gcc/arm-none-eabi/14.1.0/../../../../arm-none-eabi/lib/thumb/libg.a(libc_a-mallocr.o)
                0x02006814                __malloc_max_sbrked_mem
 .bss.__malloc_top_pad
                0x02006818        0x4 /opt/devkitpro/devkitARM/bin/../lib/gcc/arm-none-eabi/14.1.0/../../../../arm-none-eabi/lib/thumb/libg.a(libc_a-mallocr.o)
                0x02006818                __malloc_top_pad
 .bss.__malloc_recursive_mutex
                0x0200681c        0xc /opt/devkitpro/devkitARM/bin/../lib/gcc/arm-none-eabi/14.1.0/../../../../arm-none-eabi/lib/thumb/libg.a(libc_a-mlock.o)
 .bss.fake_heap_start
                0x02006828        0x4 /opt/devkitpro/devkitARM/bin/../lib/gcc/arm-none-eabi/14.1.0/../../../../arm-none-eabi/lib/thumb/libsysbase.a(libsysbase_libsysbase_a-malloc_vars.o)
                0x02006828                fake_heap_start
 .bss.fake_heap_end
                0x0200682c        0x4 /opt/devkitpro/devkitARM/bin/../lib/gcc/arm-none-eabi/14.1.0/../../../../arm-none-eabi/lib/thumb/libsysbase.a(libsysbase_libsysbase_a-malloc_vars.o)
                0x0200682c                fake_heap_end
 .bss.heap_start.0
                0x02006830        0x4 /opt/devkitpro/devkitARM/bin/../lib/gcc/arm-none-eabi/14.1.0/../../../../arm-none-eabi/lib/thumb/libsysbase.a(libsysbase_libsysbase_a-sbrk.o)
 *fill*         0x02006834        0x4 
 .bss.__sf      0x02006838      0x168 /opt/devkitpro/devkitARM/bin/../lib/gcc/arm-none-eabi/14.1.0/../../../../arm-none-eabi/lib/thumb/libg.a(libc_a-findfp.o)
                0x02006838                __sf
 *(EXCLUDE_FILE(*.twl*) COMMON)
                0x020069a0                        . = ALIGN (0x4)
                0x020069a0                        __bss_end__ = ABSOLUTE (.)
                0x020069a0                        __end__ = ABSOLUTE (.)

.twl            0x020069a0        0x0 load address 0x02400000
                0x02400000                        __arm9i_lma__ = LOADADDR (.twl)
                0x020069a0                        __arm9i_start__ = ABSOLUTE (.)
 *(.twl)
 *.twl*(.text .stub .text.* .gnu.linkonce.t.*)
 *.twl*(.rodata)
 *.twl*(.roda)
 *.twl*(.rodata.*)
 *.twl*(.data)
 *.twl*(.data.*)
 *.twl*(.gnu.linkonce.d*)
                0x020069a0                        __arm9i_end__ = ABSOLUTE (.)

.twl_bss        0x020069a0        0x0
                0x020069a0                        __twl_bss_start__ = ABSOLUTE (.)
 *(.twl_bss)
 *.twl*(.dynbss)
 *.twl*(.gnu.linkonce.b*)
 *.twl*(.bss*)
 *.twl*(COMMON)
                0x020069a0                        . = ALIGN (0x4)
                0x020069a0                        __twl_bss_end__ = ABSOLUTE (.)
                0x020069a0                        __twl_end__ = ABSOLUTE (.)

.stab
 *(.stab)

.stabstr
 *(.stabstr)

.stab.excl
 *(.stab.excl)

.stab.exclstr
 *(.stab.exclstr)

.stab.index
 *(.stab.index)

.stab.indexstr
 *(.stab.indexstr)

.comment        0x00000000       0x46
 *(.comment)
 .comment       0x00000000       0x46 /opt/devkitpro/devkitARM/bin/../lib/gcc/arm-none-eabi/14.1.0/thumb/crtbegin.o
                                 0x24 (size before relaxing)
 .comment       0x00000046       0x24 template.o
 .comment       0x00000046       0x24 /opt/devkitpro/libnds/lib/libnds9.a(background.o)
 .comment       0x00000046       0x24 /opt/devkitpro/libnds/lib/libnds9.a(trig.o)
 .comment       0x00000046       0x24 /opt/devkitpro/libnds/lib/libnds9.a(videoGL.o)
 .comment       0x00000046       0x24 /opt/devkitpro/libnds/lib/libnds9.a(sprite.o)
 .comment       0x00000046       0x24 /opt/devkitpro/libnds/lib/libnds9.a(keys.o)
 .comment       0x00000046       0x24 /opt/devkitpro/libnds/lib/libnds9.a(initSystem.o)
 .comment       0x00000046       0x24 /opt/devkitpro/libnds/lib/libnds9.a(securearea.o)
 .comment       0x00000046       0x24 /opt/devkitpro/libnds/lib/libnds9.a(interrupts.o)
 .comment       0x00000046       0x24 /opt/devkitpro/libnds/lib/libnds9.a(libnds_exit.arm.o)
 .comment       0x00000046       0x24 /opt/devkitpro/libnds/lib/libnds9.a(fifosystem.o)
 .comment       0x00000046       0x24 /opt/devkitpro/libnds/lib/libnds9.a(dynamicArray.o)
 .comment       0x00000046       0x24 /opt/devkitpro/libnds/lib/libnds9.a(video.o)
 .comment       0x00000046       0x24 /opt/devkitpro/libnds/lib/libnds9.a(sprite_alloc.o)
 .comment       0x00000046       0x24 /opt/devkitpro/libnds/lib/libnds9.a(system.o)
 .comment       0x00000046       0x24 /opt/devkitpro/devkitARM/bin/../lib/gcc/arm-none-eabi/14.1.0/thumb/libgcc.a(_muldi3.o)
 .comment       0x00000046       0x24 /opt/devkitpro/devkitARM/bin/../lib/gcc/arm-none-eabi/14.1.0/../../../../arm-none-eabi/lib/thumb/libg.a(libc_a-calloc.o)
 .comment       0x00000046       0x24 /opt/devkitpro/devkitARM/bin/../lib/gcc/arm-none-eabi/14.1.0/../../../../arm-none-eabi/lib/thumb/libg.a(libc_a-callocr.o)
 .comment       0x00000046       0x24 /opt/devkitpro/devkitARM/bin/../lib/gcc/arm-none-eabi/14.1.0/../../../../arm-none-eabi/lib/thumb/libg.a(libc_a-realloc.o)
 .comment       0x00000046       0x24 /opt/devkitpro/devkitARM/bin/../lib/gcc/arm-none-eabi/14.1.0/../../../../arm-none-eabi/lib/thumb/libg.a(libc_a-mallocr.o)
 .comment       0x00000046       0x24 /opt/devkitpro/devkitARM/bin/../lib/gcc/arm-none-eabi/14.1.0/../../../../arm-none-eabi/lib/thumb/libg.a(libc_a-freer.o)
 .comment       0x00000046       0x24 /opt/devkitpro/devkitARM/bin/../lib/gcc/arm-none-eabi/14.1.0/../../../../arm-none-eabi/lib/thumb/libg.a(libc_a-errno.o)
 .comment       0x00000046       0x24 /opt/devkitpro/devkitARM/bin/../lib/gcc/arm-none-eabi/14.1.0/../../../../arm-none-eabi/lib/thumb/libg.a(libc_a-malloc.o)
 .comment       0x00000046       0x24 /opt/devkitpro/devkitARM/bin/../lib/gcc/arm-none-eabi/14.1.0/../../../../arm-none-eabi/lib/thumb/libg.a(libc_a-memcpy-stub.o)
 .comment       0x00000046       0x24 /opt/devkitpro/devkitARM/bin/../lib/gcc/arm-none-eabi/14.1.0/../../../../arm-none-eabi/lib/thumb/libg.a(libc_a-memset.o)
 .comment       0x00000046       0x24 /opt/devkitpro/devkitARM/bin/../lib/gcc/arm-none-eabi/14.1.0/../../../../arm-none-eabi/lib/thumb/libg.a(libc_a-reallocr.o)
 .comment       0x00000046       0x24 /opt/devkitpro/devkitARM/bin/../lib/gcc/arm-none-eabi/14.1.0/../../../../arm-none-eabi/lib/thumb/libg.a(libc_a-mlock.o)
 .comment       0x00000046       0x24 /opt/devkitpro/devkitARM/bin/../lib/gcc/arm-none-eabi/14.1.0/../../../../arm-none-eabi/lib/thumb/libg.a(libc_a-init.o)
 .comment       0x00000046       0x24 /opt/devkitpro/devkitARM/bin/../lib/gcc/arm-none-eabi/14.1.0/../../../../arm-none-eabi/lib/thumb/libg.a(libc_a-memmove.o)
 .comment       0x00000046       0x24 /opt/devkitpro/devkitARM/bin/../lib/gcc/arm-none-eabi/14.1.0/../../../../arm-none-eabi/lib/thumb/libg.a(libc_a-malignr.o)
 .comment       0x00000046       0x24 /opt/devkitpro/devkitARM/bin/../lib/gcc/arm-none-eabi/14.1.0/../../../../arm-none-eabi/lib/thumb/libsysbase.a(libsysbase_libsysbase_a-build_argv.o)
 .comment       0x00000046       0x24 /opt/devkitpro/devkitARM/bin/../lib/gcc/arm-none-eabi/14.1.0/../../../../arm-none-eabi/lib/thumb/libsysbase.a(libsysbase_libsysbase_a-getreent.o)
 .comment       0x00000046       0x24 /opt/devkitpro/devkitARM/bin/../lib/gcc/arm-none-eabi/14.1.0/../../../../arm-none-eabi/lib/thumb/libsysbase.a(libsysbase_libsysbase_a-malloc_vars.o)
 .comment       0x00000046       0x24 /opt/devkitpro/devkitARM/bin/../lib/gcc/arm-none-eabi/14.1.0/../../../../arm-none-eabi/lib/thumb/libsysbase.a(libsysbase_libsysbase_a-sbrk.o)
 .comment       0x00000046       0x24 /opt/devkitpro/devkitARM/bin/../lib/gcc/arm-none-eabi/14.1.0/../../../../arm-none-eabi/lib/thumb/libsysbase.a(libsysbase_libsysbase_a-syscall_support.o)
 .comment       0x00000046       0x24 /opt/devkitpro/devkitARM/bin/../lib/gcc/arm-none-eabi/14.1.0/../../../../arm-none-eabi/lib/thumb/libg.a(libc_a-impure.o)
 .comment       0x00000046       0x24 /opt/devkitpro/devkitARM/bin/../lib/gcc/arm-none-eabi/14.1.0/../../../../arm-none-eabi/lib/thumb/libg.a(libc_a-findfp.o)
 .comment       0x00000046       0x24 /opt/devkitpro/devkitARM/bin/../lib/gcc/arm-none-eabi/14.1.0/thumb/crtend.o

.ARM.attributes
                0x00000000       0x2d
 .ARM.attributes
                0x00000000       0x21 /opt/devkitpro/devkitARM/bin/../lib/gcc/arm-none-eabi/14.1.0/../../../../arm-none-eabi/lib/thumb/ds_arm9_crt0.o
 .ARM.attributes
                0x00000021       0x1c /opt/devkitpro/devkitARM/bin/../lib/gcc/arm-none-eabi/14.1.0/thumb/crti.o
 .ARM.attributes
                0x0000003d       0x2a /opt/devkitpro/devkitARM/bin/../lib/gcc/arm-none-eabi/14.1.0/thumb/crtbegin.o
 .ARM.attributes
                0x00000067       0x27 template.o
 .ARM.attributes
                0x0000008e       0x2b /opt/devkitpro/libnds/lib/libnds9.a(background.o)
 .ARM.attributes
                0x000000b9       0x2b /opt/devkitpro/libnds/lib/libnds9.a(trig.o)
 .ARM.attributes
                0x000000e4       0x2b /opt/devkitpro/libnds/lib/libnds9.a(videoGL.o)
 .ARM.attributes
                0x0000010f       0x2b /opt/devkitpro/libnds/lib/libnds9.a(sprite.o)
 .ARM.attributes
                0x0000013a       0x2b /opt/devkitpro/libnds/lib/libnds9.a(keys.o)
 .ARM.attributes
                0x00000165       0x2b /opt/devkitpro/libnds/lib/libnds9.a(initSystem.o)
 .ARM.attributes
                0x00000190       0x2b /opt/devkitpro/libnds/lib/libnds9.a(securearea.o)
 .ARM.attributes
                0x000001bb       0x2b /opt/devkitpro/libnds/lib/libnds9.a(interrupts.o)
 .ARM.attributes
                0x000001e6       0x2b /opt/devkitpro/libnds/lib/libnds9.a(libnds_exit.arm.o)
 .ARM.attributes
                0x00000211       0x2b /opt/devkitpro/libnds/lib/libnds9.a(fifosystem.o)
 .ARM.attributes
                0x0000023c       0x1b /opt/devkitpro/libnds/lib/libnds9.a(dcache.o)
 .ARM.attributes
                0x00000257       0x21 /opt/devkitpro/libnds/lib/libnds9.a(mpu_setup.o)
 .ARM.attributes
                0x00000278       0x21 /opt/devkitpro/libnds/lib/libnds9.a(IntrWait.o)
 .ARM.attributes
                0x00000299       0x21 /opt/devkitpro/libnds/lib/libnds9.a(cpu_clock.o)
 .ARM.attributes
                0x000002ba       0x1b /opt/devkitpro/libnds/lib/libnds9.a(interruptDispatcher.o)
 .ARM.attributes
                0x000002d5       0x1b /opt/devkitpro/libnds/lib/libnds9.a(biosCalls.o)
 .ARM.attributes
                0x000002f0       0x21 /opt/devkitpro/libnds/lib/libnds9.a(swiSoftReset.o)
 .ARM.attributes
                0x00000311       0x2b /opt/devkitpro/libnds/lib/libnds9.a(dynamicArray.o)
 .ARM.attributes
                0x0000033c       0x2b /opt/devkitpro/libnds/lib/libnds9.a(video.o)
 .ARM.attributes
                0x00000367       0x2b /opt/devkitpro/libnds/lib/libnds9.a(sprite_alloc.o)
 .ARM.attributes
                0x00000392       0x2b /opt/devkitpro/libnds/lib/libnds9.a(system.o)
 .ARM.attributes
                0x000003bd       0x1c /opt/devkitpro/devkitARM/bin/../lib/gcc/arm-none-eabi/14.1.0/thumb/libgcc.a(_arm_mulsf3.o)
 .ARM.attributes
                0x000003d9       0x1c /opt/devkitpro/devkitARM/bin/../lib/gcc/arm-none-eabi/14.1.0/thumb/libgcc.a(_divsi3.o)
 .ARM.attributes
                0x000003f5       0x1c /opt/devkitpro/devkitARM/bin/../lib/gcc/arm-none-eabi/14.1.0/thumb/libgcc.a(_dvmd_tls.o)
 .ARM.attributes
                0x00000411       0x1c /opt/devkitpro/devkitARM/bin/../lib/gcc/arm-none-eabi/14.1.0/thumb/libgcc.a(_arm_addsubdf3.o)
 .ARM.attributes
                0x0000042d       0x1c /opt/devkitpro/devkitARM/bin/../lib/gcc/arm-none-eabi/14.1.0/thumb/libgcc.a(_arm_truncdfsf2.o)
 .ARM.attributes
                0x00000449       0x1c /opt/devkitpro/devkitARM/bin/../lib/gcc/arm-none-eabi/14.1.0/thumb/libgcc.a(_arm_addsubsf3.o)
 .ARM.attributes
                0x00000465       0x1c /opt/devkitpro/devkitARM/bin/../lib/gcc/arm-none-eabi/14.1.0/thumb/libgcc.a(_arm_fixsfsi.o)
 .ARM.attributes
                0x00000481       0x2a /opt/devkitpro/devkitARM/bin/../lib/gcc/arm-none-eabi/14.1.0/thumb/libgcc.a(_muldi3.o)
 .ARM.attributes
                0x000004ab       0x2a /opt/devkitpro/devkitARM/bin/../lib/gcc/arm-none-eabi/14.1.0/../../../../arm-none-eabi/lib/thumb/libg.a(libc_a-calloc.o)
 .ARM.attributes
                0x000004d5       0x2a /opt/devkitpro/devkitARM/bin/../lib/gcc/arm-none-eabi/14.1.0/../../../../arm-none-eabi/lib/thumb/libg.a(libc_a-callocr.o)
 .ARM.attributes
                0x000004ff       0x2a /opt/devkitpro/devkitARM/bin/../lib/gcc/arm-none-eabi/14.1.0/../../../../arm-none-eabi/lib/thumb/libg.a(libc_a-realloc.o)
 .ARM.attributes
                0x00000529       0x2a /opt/devkitpro/devkitARM/bin/../lib/gcc/arm-none-eabi/14.1.0/../../../../arm-none-eabi/lib/thumb/libg.a(libc_a-mallocr.o)
 .ARM.attributes
                0x00000553       0x2a /opt/devkitpro/devkitARM/bin/../lib/gcc/arm-none-eabi/14.1.0/../../../../arm-none-eabi/lib/thumb/libg.a(libc_a-freer.o)
 .ARM.attributes
                0x0000057d       0x2a /opt/devkitpro/devkitARM/bin/../lib/gcc/arm-none-eabi/14.1.0/../../../../arm-none-eabi/lib/thumb/libg.a(libc_a-errno.o)
 .ARM.attributes
                0x000005a7       0x2a /opt/devkitpro/devkitARM/bin/../lib/gcc/arm-none-eabi/14.1.0/../../../../arm-none-eabi/lib/thumb/libg.a(libc_a-malloc.o)
 .ARM.attributes
                0x000005d1       0x2a /opt/devkitpro/devkitARM/bin/../lib/gcc/arm-none-eabi/14.1.0/../../../../arm-none-eabi/lib/thumb/libg.a(libc_a-memcpy-stub.o)
 .ARM.attributes
                0x000005fb       0x2a /opt/devkitpro/devkitARM/bin/../lib/gcc/arm-none-eabi/14.1.0/../../../../arm-none-eabi/lib/thumb/libg.a(libc_a-memset.o)
 .ARM.attributes
                0x00000625       0x2a /opt/devkitpro/devkitARM/bin/../lib/gcc/arm-none-eabi/14.1.0/../../../../arm-none-eabi/lib/thumb/libg.a(libc_a-reallocr.o)
 .ARM.attributes
                0x0000064f       0x2a /opt/devkitpro/devkitARM/bin/../lib/gcc/arm-none-eabi/14.1.0/../../../../arm-none-eabi/lib/thumb/libg.a(libc_a-mlock.o)
 .ARM.attributes
                0x00000679       0x2a /opt/devkitpro/devkitARM/bin/../lib/gcc/arm-none-eabi/14.1.0/../../../../arm-none-eabi/lib/thumb/libg.a(libc_a-init.o)
 .ARM.attributes
                0x000006a3       0x2a /opt/devkitpro/devkitARM/bin/../lib/gcc/arm-none-eabi/14.1.0/../../../../arm-none-eabi/lib/thumb/libg.a(libc_a-memmove.o)
 .ARM.attributes
                0x000006cd       0x2a /opt/devkitpro/devkitARM/bin/../lib/gcc/arm-none-eabi/14.1.0/../../../../arm-none-eabi/lib/thumb/libg.a(libc_a-malignr.o)
 .ARM.attributes
                0x000006f7       0x2a /opt/devkitpro/devkitARM/bin/../lib/gcc/arm-none-eabi/14.1.0/../../../../arm-none-eabi/lib/thumb/libsysbase.a(libsysbase_libsysbase_a-build_argv.o)
 .ARM.attributes
                0x00000721       0x2a /opt/devkitpro/devkitARM/bin/../lib/gcc/arm-none-eabi/14.1.0/../../../../arm-none-eabi/lib/thumb/libsysbase.a(libsysbase_libsysbase_a-getreent.o)
 .ARM.attributes
                0x0000074b       0x2a /opt/devkitpro/devkitARM/bin/../lib/gcc/arm-none-eabi/14.1.0/../../../../arm-none-eabi/lib/thumb/libsysbase.a(libsysbase_libsysbase_a-malloc_vars.o)
 .ARM.attributes
                0x00000775       0x2a /opt/devkitpro/devkitARM/bin/../lib/gcc/arm-none-eabi/14.1.0/../../../../arm-none-eabi/lib/thumb/libsysbase.a(libsysbase_libsysbase_a-sbrk.o)
 .ARM.attributes
                0x0000079f       0x2a /opt/devkitpro/devkitARM/bin/../lib/gcc/arm-none-eabi/14.1.0/../../../../arm-none-eabi/lib/thumb/libsysbase.a(libsysbase_libsysbase_a-syscall_support.o)
 .ARM.attributes
                0x000007c9       0x1c /opt/devkitpro/devkitARM/bin/../lib/gcc/arm-none-eabi/14.1.0/thumb/libgcc.a(_udivsi3.o)
 .ARM.attributes
                0x000007e5       0x2a /opt/devkitpro/devkitARM/bin/../lib/gcc/arm-none-eabi/14.1.0/../../../../arm-none-eabi/lib/thumb/libg.a(libc_a-impure.o)
 .ARM.attributes
                0x0000080f       0x2a /opt/devkitpro/devkitARM/bin/../lib/gcc/arm-none-eabi/14.1.0/../../../../arm-none-eabi/lib/thumb/libg.a(libc_a-findfp.o)
 .ARM.attributes
                0x00000839       0x2a /opt/devkitpro/devkitARM/bin/../lib/gcc/arm-none-eabi/14.1.0/thumb/crtend.o
 .ARM.attributes
                0x00000863       0x1c /opt/devkitpro/devkitARM/bin/../lib/gcc/arm-none-eabi/14.1.0/thumb/crtn.o

.debug
 *(.debug)

.line
 *(.line)

.debug_srcinfo
 *(.debug_srcinfo)

.debug_sfnames
 *(.debug_sfnames)

.debug_aranges  0x00000000      0x700
 *(.debug_aranges)
 .debug_aranges
                0x00000000       0x28 template.o
 .debug_aranges
                0x00000028       0x40 /opt/devkitpro/libnds/lib/libnds9.a(background.o)
 .debug_aranges
                0x00000068       0x60 /opt/devkitpro/libnds/lib/libnds9.a(trig.o)
 .debug_aranges
                0x000000c8      0x140 /opt/devkitpro/libnds/lib/libnds9.a(videoGL.o)
 .debug_aranges
                0x00000208       0x60 /opt/devkitpro/libnds/lib/libnds9.a(sprite.o)
 .debug_aranges
                0x00000268       0x50 /opt/devkitpro/libnds/lib/libnds9.a(keys.o)
 .debug_aranges
                0x000002b8       0x30 /opt/devkitpro/libnds/lib/libnds9.a(initSystem.o)
 .debug_aranges
                0x000002e8       0x18 /opt/devkitpro/libnds/lib/libnds9.a(securearea.o)
 .debug_aranges
                0x00000300       0x50 /opt/devkitpro/libnds/lib/libnds9.a(interrupts.o)
 .debug_aranges
                0x00000350       0x28 /opt/devkitpro/libnds/lib/libnds9.a(libnds_exit.arm.o)
 .debug_aranges
                0x00000378       0xb0 /opt/devkitpro/libnds/lib/libnds9.a(fifosystem.o)
 .debug_aranges
                0x00000428       0x38 /opt/devkitpro/libnds/lib/libnds9.a(dcache.o)
 .debug_aranges
                0x00000460       0x30 /opt/devkitpro/libnds/lib/libnds9.a(mpu_setup.o)
 .debug_aranges
                0x00000490       0x28 /opt/devkitpro/libnds/lib/libnds9.a(IntrWait.o)
 .debug_aranges
                0x000004b8       0x20 /opt/devkitpro/libnds/lib/libnds9.a(cpu_clock.o)
 .debug_aranges
                0x000004d8       0x20 /opt/devkitpro/libnds/lib/libnds9.a(interruptDispatcher.o)
 .debug_aranges
                0x000004f8       0xc8 /opt/devkitpro/libnds/lib/libnds9.a(biosCalls.o)
 .debug_aranges
                0x000005c0       0x20 /opt/devkitpro/libnds/lib/libnds9.a(swiSoftReset.o)
 .debug_aranges
                0x000005e0       0x38 /opt/devkitpro/libnds/lib/libnds9.a(dynamicArray.o)
 .debug_aranges
                0x00000618       0x48 /opt/devkitpro/libnds/lib/libnds9.a(video.o)
 .debug_aranges
                0x00000660       0x38 /opt/devkitpro/libnds/lib/libnds9.a(sprite_alloc.o)
 .debug_aranges
                0x00000698       0x68 /opt/devkitpro/libnds/lib/libnds9.a(system.o)

.debug_pubnames
 *(.debug_pubnames)

.debug_info     0x00000000     0xe610
 *(.debug_info)
 .debug_info    0x00000000     0x23e8 template.o
 .debug_info    0x000023e8      0xa9c /opt/devkitpro/libnds/lib/libnds9.a(background.o)
 .debug_info    0x00002e84      0x793 /opt/devkitpro/libnds/lib/libnds9.a(trig.o)
 .debug_info    0x00003617     0x3895 /opt/devkitpro/libnds/lib/libnds9.a(videoGL.o)
 .debug_info    0x00006eac      0xd00 /opt/devkitpro/libnds/lib/libnds9.a(sprite.o)
 .debug_info    0x00007bac      0x43b /opt/devkitpro/libnds/lib/libnds9.a(keys.o)
 .debug_info    0x00007fe7     0x113e /opt/devkitpro/libnds/lib/libnds9.a(initSystem.o)
 .debug_info    0x00009125       0x5a /opt/devkitpro/libnds/lib/libnds9.a(securearea.o)
 .debug_info    0x0000917f      0x68d /opt/devkitpro/libnds/lib/libnds9.a(interrupts.o)
 .debug_info    0x0000980c      0x367 /opt/devkitpro/libnds/lib/libnds9.a(libnds_exit.arm.o)
 .debug_info    0x00009b73     0x183f /opt/devkitpro/libnds/lib/libnds9.a(fifosystem.o)
 .debug_info    0x0000b3b2       0x23 /opt/devkitpro/libnds/lib/libnds9.a(dcache.o)
 .debug_info    0x0000b3d5       0x23 /opt/devkitpro/libnds/lib/libnds9.a(mpu_setup.o)
 .debug_info    0x0000b3f8       0x23 /opt/devkitpro/libnds/lib/libnds9.a(IntrWait.o)
 .debug_info    0x0000b41b       0x24 /opt/devkitpro/libnds/lib/libnds9.a(cpu_clock.o)
 .debug_info    0x0000b43f       0x25 /opt/devkitpro/libnds/lib/libnds9.a(interruptDispatcher.o)
 .debug_info    0x0000b464       0x23 /opt/devkitpro/libnds/lib/libnds9.a(biosCalls.o)
 .debug_info    0x0000b487       0x24 /opt/devkitpro/libnds/lib/libnds9.a(swiSoftReset.o)
 .debug_info    0x0000b4ab      0x2ae /opt/devkitpro/libnds/lib/libnds9.a(dynamicArray.o)
 .debug_info    0x0000b759      0x790 /opt/devkitpro/libnds/lib/libnds9.a(video.o)
 .debug_info    0x0000bee9     0x1cb1 /opt/devkitpro/libnds/lib/libnds9.a(sprite_alloc.o)
 .debug_info    0x0000db9a      0xa76 /opt/devkitpro/libnds/lib/libnds9.a(system.o)

.debug_abbrev   0x00000000     0x2e9c
 *(.debug_abbrev)
 .debug_abbrev  0x00000000      0x50b template.o
 .debug_abbrev  0x0000050b      0x366 /opt/devkitpro/libnds/lib/libnds9.a(background.o)
 .debug_abbrev  0x00000871      0x26e /opt/devkitpro/libnds/lib/libnds9.a(trig.o)
 .debug_abbrev  0x00000adf      0x5d2 /opt/devkitpro/libnds/lib/libnds9.a(videoGL.o)
 .debug_abbrev  0x000010b1      0x3de /opt/devkitpro/libnds/lib/libnds9.a(sprite.o)
 .debug_abbrev  0x0000148f      0x1a7 /opt/devkitpro/libnds/lib/libnds9.a(keys.o)
 .debug_abbrev  0x00001636      0x3e1 /opt/devkitpro/libnds/lib/libnds9.a(initSystem.o)
 .debug_abbrev  0x00001a17       0x47 /opt/devkitpro/libnds/lib/libnds9.a(securearea.o)
 .debug_abbrev  0x00001a5e      0x2da /opt/devkitpro/libnds/lib/libnds9.a(interrupts.o)
 .debug_abbrev  0x00001d38      0x1ad /opt/devkitpro/libnds/lib/libnds9.a(libnds_exit.arm.o)
 .debug_abbrev  0x00001ee5      0x4bb /opt/devkitpro/libnds/lib/libnds9.a(fifosystem.o)
 .debug_abbrev  0x000023a0       0x12 /opt/devkitpro/libnds/lib/libnds9.a(dcache.o)
 .debug_abbrev  0x000023b2       0x12 /opt/devkitpro/libnds/lib/libnds9.a(mpu_setup.o)
 .debug_abbrev  0x000023c4       0x12 /opt/devkitpro/libnds/lib/libnds9.a(IntrWait.o)
 .debug_abbrev  0x000023d6       0x14 /opt/devkitpro/libnds/lib/libnds9.a(cpu_clock.o)
 .debug_abbrev  0x000023ea       0x14 /opt/devkitpro/libnds/lib/libnds9.a(interruptDispatcher.o)
 .debug_abbrev  0x000023fe       0x12 /opt/devkitpro/libnds/lib/libnds9.a(biosCalls.o)
 .debug_abbrev  0x00002410       0x14 /opt/devkitpro/libnds/lib/libnds9.a(swiSoftReset.o)
 .debug_abbrev  0x00002424      0x158 /opt/devkitpro/libnds/lib/libnds9.a(dynamicArray.o)
 .debug_abbrev  0x0000257c      0x24c /opt/devkitpro/libnds/lib/libnds9.a(video.o)
 .debug_abbrev  0x000027c8      0x3b5 /opt/devkitpro/libnds/lib/libnds9.a(sprite_alloc.o)
 .debug_abbrev  0x00002b7d      0x31f /opt/devkitpro/libnds/lib/libnds9.a(system.o)

.debug_line     0x00000000     0x9e4e
 *(.debug_line)
 .debug_line    0x00000000      0xdc3 template.o
 .debug_line    0x00000dc3      0x725 /opt/devkitpro/libnds/lib/libnds9.a(background.o)
 .debug_line    0x000014e8      0x837 /opt/devkitpro/libnds/lib/libnds9.a(trig.o)
 .debug_line    0x00001d1f     0x2b2f /opt/devkitpro/libnds/lib/libnds9.a(videoGL.o)
 .debug_line    0x0000484e      0x74e /opt/devkitpro/libnds/lib/libnds9.a(sprite.o)
 .debug_line    0x00004f9c      0x399 /opt/devkitpro/libnds/lib/libnds9.a(keys.o)
 .debug_line    0x00005335      0x597 /opt/devkitpro/libnds/lib/libnds9.a(initSystem.o)
 .debug_line    0x000058cc       0x8f /opt/devkitpro/libnds/lib/libnds9.a(securearea.o)
 .debug_line    0x0000595b      0x54c /opt/devkitpro/libnds/lib/libnds9.a(interrupts.o)
 .debug_line    0x00005ea7      0x23b /opt/devkitpro/libnds/lib/libnds9.a(libnds_exit.arm.o)
 .debug_line    0x000060e2     0x14f5 /opt/devkitpro/libnds/lib/libnds9.a(fifosystem.o)
 .debug_line    0x000075d7       0x96 /opt/devkitpro/libnds/lib/libnds9.a(dcache.o)
 .debug_line    0x0000766d       0xe8 /opt/devkitpro/libnds/lib/libnds9.a(mpu_setup.o)
 .debug_line    0x00007755       0x74 /opt/devkitpro/libnds/lib/libnds9.a(IntrWait.o)
 .debug_line    0x000077c9       0x5c /opt/devkitpro/libnds/lib/libnds9.a(cpu_clock.o)
 .debug_line    0x00007825       0x80 /opt/devkitpro/libnds/lib/libnds9.a(interruptDispatcher.o)
 .debug_line    0x000078a5      0x1b0 /opt/devkitpro/libnds/lib/libnds9.a(biosCalls.o)
 .debug_line    0x00007a55       0x57 /opt/devkitpro/libnds/lib/libnds9.a(swiSoftReset.o)
 .debug_line    0x00007aac      0x2db /opt/devkitpro/libnds/lib/libnds9.a(dynamicArray.o)
 .debug_line    0x00007d87      0x4b5 /opt/devkitpro/libnds/lib/libnds9.a(video.o)
 .debug_line    0x0000823c     0x1736 /opt/devkitpro/libnds/lib/libnds9.a(sprite_alloc.o)
 .debug_line    0x00009972      0x4dc /opt/devkitpro/libnds/lib/libnds9.a(system.o)

.debug_frame    0x00000000      0xec4
 *(.debug_frame)
 .debug_frame   0x00000000       0xd4 template.o
 .debug_frame   0x000000d4       0xb8 /opt/devkitpro/libnds/lib/libnds9.a(background.o)
 .debug_frame   0x0000018c       0xd8 /opt/devkitpro/libnds/lib/libnds9.a(trig.o)
 .debug_frame   0x00000264      0x458 /opt/devkitpro/libnds/lib/libnds9.a(videoGL.o)
 .debug_frame   0x000006bc       0xf0 /opt/devkitpro/libnds/lib/libnds9.a(sprite.o)
 .debug_frame   0x000007ac       0x8c /opt/devkitpro/libnds/lib/libnds9.a(keys.o)
 .debug_frame   0x00000838       0x5c /opt/devkitpro/libnds/lib/libnds9.a(initSystem.o)
 .debug_frame   0x00000894       0xa4 /opt/devkitpro/libnds/lib/libnds9.a(interrupts.o)
 .debug_frame   0x00000938       0x38 /opt/devkitpro/libnds/lib/libnds9.a(libnds_exit.arm.o)
 .debug_frame   0x00000970      0x294 /opt/devkitpro/libnds/lib/libnds9.a(fifosystem.o)
 .debug_frame   0x00000c04       0x70 /opt/devkitpro/libnds/lib/libnds9.a(dynamicArray.o)
 .debug_frame   0x00000c74       0xbc /opt/devkitpro/libnds/lib/libnds9.a(video.o)
 .debug_frame   0x00000d30       0x9c /opt/devkitpro/libnds/lib/libnds9.a(sprite_alloc.o)
 .debug_frame   0x00000dcc       0xf8 /opt/devkitpro/libnds/lib/libnds9.a(system.o)

.debug_str      0x00000000     0x3fdf
 *(.debug_str)
 .debug_str     0x00000000     0x3fdf template.o
                               0x1328 (size before relaxing)
 .debug_str     0x00003fdf      0x7a2 /opt/devkitpro/libnds/lib/libnds9.a(background.o)
 .debug_str     0x00003fdf      0x2fc /opt/devkitpro/libnds/lib/libnds9.a(trig.o)
 .debug_str     0x00003fdf     0x1740 /opt/devkitpro/libnds/lib/libnds9.a(videoGL.o)
 .debug_str     0x00003fdf      0x870 /opt/devkitpro/libnds/lib/libnds9.a(sprite.o)
 .debug_str     0x00003fdf      0x420 /opt/devkitpro/libnds/lib/libnds9.a(keys.o)
 .debug_str     0x00003fdf      0xb81 /opt/devkitpro/libnds/lib/libnds9.a(initSystem.o)
 .debug_str     0x00003fdf      0x16e /opt/devkitpro/libnds/lib/libnds9.a(securearea.o)
 .debug_str     0x00003fdf      0x496 /opt/devkitpro/libnds/lib/libnds9.a(interrupts.o)
 .debug_str     0x00003fdf      0x3e5 /opt/devkitpro/libnds/lib/libnds9.a(libnds_exit.arm.o)
 .debug_str     0x00003fdf      0x8a9 /opt/devkitpro/libnds/lib/libnds9.a(fifosystem.o)
 .debug_str     0x00003fdf       0x69 /opt/devkitpro/libnds/lib/libnds9.a(dcache.o)
 .debug_str     0x00003fdf       0x6c /opt/devkitpro/libnds/lib/libnds9.a(mpu_setup.o)
 .debug_str     0x00003fdf       0x6b /opt/devkitpro/libnds/lib/libnds9.a(IntrWait.o)
 .debug_str     0x00003fdf       0x6c /opt/devkitpro/libnds/lib/libnds9.a(cpu_clock.o)
 .debug_str     0x00003fdf       0x76 /opt/devkitpro/libnds/lib/libnds9.a(interruptDispatcher.o)
 .debug_str     0x00003fdf       0x6c /opt/devkitpro/libnds/lib/libnds9.a(biosCalls.o)
 .debug_str     0x00003fdf       0x6f /opt/devkitpro/libnds/lib/libnds9.a(swiSoftReset.o)
 .debug_str     0x00003fdf      0x2a5 /opt/devkitpro/libnds/lib/libnds9.a(dynamicArray.o)
 .debug_str     0x00003fdf      0xc53 /opt/devkitpro/libnds/lib/libnds9.a(video.o)
 .debug_str     0x00003fdf      0x7de /opt/devkitpro/libnds/lib/libnds9.a(sprite_alloc.o)
 .debug_str     0x00003fdf      0x798 /opt/devkitpro/libnds/lib/libnds9.a(system.o)

.debug_loc
 *(.debug_loc)

.debug_macinfo
 *(.debug_macinfo)

.debug_weaknames
 *(.debug_weaknames)

.debug_funcnames
 *(.debug_funcnames)

.debug_typenames
 *(.debug_typenames)

.debug_varnames
 *(.debug_varnames)

.stack          0x00080000        0x0
                0x00080000                        _stack = .
 *(.stack)
LOAD /opt/devkitpro/devkitARM/bin/../lib/gcc/arm-none-eabi/14.1.0/../../../../arm-none-eabi/lib/thumb/ds_arm9_crt0.o
LOAD /opt/devkitpro/devkitARM/bin/../lib/gcc/arm-none-eabi/14.1.0/thumb/crti.o
LOAD /opt/devkitpro/devkitARM/bin/../lib/gcc/arm-none-eabi/14.1.0/thumb/crtbegin.o
LOAD template.o
LOAD /opt/devkitpro/libnds/lib/libnds9.a
START GROUP
LOAD /opt/devkitpro/devkitARM/bin/../lib/gcc/arm-none-eabi/14.1.0/thumb/libgcc.a
LOAD /opt/devkitpro/devkitARM/bin/../lib/gcc/arm-none-eabi/14.1.0/../../../../arm-none-eabi/lib/thumb/libg.a
LOAD /opt/devkitpro/devkitARM/bin/../lib/gcc/arm-none-eabi/14.1.0/../../../../arm-none-eabi/lib/thumb/libc.a
LOAD /opt/devkitpro/devkitARM/bin/../lib/gcc/arm-none-eabi/14.1.0/../../../../arm-none-eabi/lib/thumb/libsysbase.a
END GROUP
LOAD /opt/devkitpro/devkitARM/bin/../lib/gcc/arm-none-eabi/14.1.0/thumb/crtend.o
LOAD /opt/devkitpro/devkitARM/bin/../lib/gcc/arm-none-eabi/14.1.0/thumb/crtn.o
OUTPUT(/home/bhu2/Downloads/nds-examples-20181226/Graphics/3D/synthwave/synthwave.elf elf32-littlearm)
LOAD linker stubs

.debug_loclists
                0x00000000     0x6595
 .debug_loclists
                0x00000000      0x8d8 template.o
 .debug_loclists
                0x000008d8      0x2a3 /opt/devkitpro/libnds/lib/libnds9.a(background.o)
 .debug_loclists
                0x00000b7b      0x779 /opt/devkitpro/libnds/lib/libnds9.a(trig.o)
 .debug_loclists
                0x000012f4     0x25a2 /opt/devkitpro/libnds/lib/libnds9.a(videoGL.o)
 .debug_loclists
                0x00003896      0x5a6 /opt/devkitpro/libnds/lib/libnds9.a(sprite.o)
 .debug_loclists
                0x00003e3c       0x17 /opt/devkitpro/libnds/lib/libnds9.a(keys.o)
 .debug_loclists
                0x00003e53       0xc5 /opt/devkitpro/libnds/lib/libnds9.a(initSystem.o)
 .debug_loclists
                0x00003f18      0x1a5 /opt/devkitpro/libnds/lib/libnds9.a(interrupts.o)
 .debug_loclists
                0x000040bd       0x48 /opt/devkitpro/libnds/lib/libnds9.a(libnds_exit.arm.o)
 .debug_loclists
                0x00004105      0xe1a /opt/devkitpro/libnds/lib/libnds9.a(fifosystem.o)
 .debug_loclists
                0x00004f1f      0x142 /opt/devkitpro/libnds/lib/libnds9.a(dynamicArray.o)
 .debug_loclists
                0x00005061      0x1da /opt/devkitpro/libnds/lib/libnds9.a(video.o)
 .debug_loclists
                0x0000523b     0x121a /opt/devkitpro/libnds/lib/libnds9.a(sprite_alloc.o)
 .debug_loclists
                0x00006455      0x140 /opt/devkitpro/libnds/lib/libnds9.a(system.o)

.debug_rnglists
                0x00000000     0x15dd
 .debug_rnglists
                0x00000000      0x2a1 template.o
 .debug_rnglists
                0x000002a1       0x7c /opt/devkitpro/libnds/lib/libnds9.a(background.o)
 .debug_rnglists
                0x0000031d       0x9d /opt/devkitpro/libnds/lib/libnds9.a(trig.o)
 .debug_rnglists
                0x000003ba      0x4d9 /opt/devkitpro/libnds/lib/libnds9.a(videoGL.o)
 .debug_rnglists
                0x00000893       0x7b /opt/devkitpro/libnds/lib/libnds9.a(sprite.o)
 .debug_rnglists
                0x0000090e       0x44 /opt/devkitpro/libnds/lib/libnds9.a(keys.o)
 .debug_rnglists
                0x00000952       0x20 /opt/devkitpro/libnds/lib/libnds9.a(initSystem.o)
 .debug_rnglists
                0x00000972       0x8b /opt/devkitpro/libnds/lib/libnds9.a(interrupts.o)
 .debug_rnglists
                0x000009fd       0x19 /opt/devkitpro/libnds/lib/libnds9.a(libnds_exit.arm.o)
 .debug_rnglists
                0x00000a16      0x2a4 /opt/devkitpro/libnds/lib/libnds9.a(fifosystem.o)
 .debug_rnglists
                0x00000cba       0x25 /opt/devkitpro/libnds/lib/libnds9.a(dcache.o)
 .debug_rnglists
                0x00000cdf       0x20 /opt/devkitpro/libnds/lib/libnds9.a(mpu_setup.o)
 .debug_rnglists
                0x00000cff       0x19 /opt/devkitpro/libnds/lib/libnds9.a(IntrWait.o)
 .debug_rnglists
                0x00000d18       0x91 /opt/devkitpro/libnds/lib/libnds9.a(biosCalls.o)
 .debug_rnglists
                0x00000da9       0x25 /opt/devkitpro/libnds/lib/libnds9.a(dynamicArray.o)
 .debug_rnglists
                0x00000dce       0x3e /opt/devkitpro/libnds/lib/libnds9.a(video.o)
 .debug_rnglists
                0x00000e0c      0x788 /opt/devkitpro/libnds/lib/libnds9.a(sprite_alloc.o)
 .debug_rnglists
                0x00001594       0x49 /opt/devkitpro/libnds/lib/libnds9.a(system.o)

.debug_line_str
                0x00000000      0x177
 .debug_line_str
                0x00000000      0x177 /opt/devkitpro/libnds/lib/libnds9.a(dcache.o)
                                 0xc8 (size before relaxing)
 .debug_line_str
                0x00000177       0xdc /opt/devkitpro/libnds/lib/libnds9.a(mpu_setup.o)
 .debug_line_str
                0x00000177       0xda /opt/devkitpro/libnds/lib/libnds9.a(IntrWait.o)
 .debug_line_str
                0x00000177       0xdc /opt/devkitpro/libnds/lib/libnds9.a(cpu_clock.o)
 .debug_line_str
                0x00000177       0xe6 /opt/devkitpro/libnds/lib/libnds9.a(interruptDispatcher.o)
 .debug_line_str
                0x00000177       0xd2 /opt/devkitpro/libnds/lib/libnds9.a(biosCalls.o)
 .debug_line_str
                0x00000177       0xd8 /opt/devkitpro/libnds/lib/libnds9.a(swiSoftReset.o)
