Archive member included to satisfy reference by file (symbol)

/opt/devkitpro/libnds/lib/libnds9.a(touch.o)
                              template.o (touchRead)
/opt/devkitpro/libnds/lib/libnds9.a(console.o)
                              template.o (consoleDemoInit)
/opt/devkitpro/libnds/lib/libnds9.a(keys.o)
                              template.o (scanKeys)
/opt/devkitpro/libnds/lib/libnds9.a(initSystem.o)
                              /opt/devkitpro/devkitARM/bin/../lib/gcc/arm-none-eabi/14.1.0/../../../../arm-none-eabi/lib/thumb/ds_arm9_crt0.o (initSystem)
/opt/devkitpro/libnds/lib/libnds9.a(securearea.o)
                              /opt/devkitpro/devkitARM/bin/../lib/gcc/arm-none-eabi/14.1.0/../../../../arm-none-eabi/lib/thumb/ds_arm9_crt0.o (__secure_area__)
/opt/devkitpro/libnds/lib/libnds9.a(interrupts.o)
                              /opt/devkitpro/libnds/lib/libnds9.a(initSystem.o) (irqInit)
/opt/devkitpro/libnds/lib/libnds9.a(libnds_exit.arm.o)
                              /opt/devkitpro/devkitARM/bin/../lib/gcc/arm-none-eabi/14.1.0/../../../../arm-none-eabi/lib/thumb/ds_arm9_crt0.o (__libnds_exit)
/opt/devkitpro/libnds/lib/libnds9.a(fifosystem.o)
                              /opt/devkitpro/libnds/lib/libnds9.a(initSystem.o) (fifoSetValue32Handler)
/opt/devkitpro/libnds/lib/libnds9.a(mpu_setup.o)
                              /opt/devkitpro/devkitARM/bin/../lib/gcc/arm-none-eabi/14.1.0/../../../../arm-none-eabi/lib/thumb/ds_arm9_crt0.o (__libnds_mpu_setup)
/opt/devkitpro/libnds/lib/libnds9.a(IntrWait.o)
                              template.o (swiWaitForVBlank)
/opt/devkitpro/libnds/lib/libnds9.a(cpu_clock.o)
                              /opt/devkitpro/libnds/lib/libnds9.a(initSystem.o) (setCpuClock)
/opt/devkitpro/libnds/lib/libnds9.a(interruptDispatcher.o)
                              /opt/devkitpro/libnds/lib/libnds9.a(interrupts.o) (IntrMain)
/opt/devkitpro/libnds/lib/libnds9.a(debugprint.o)
                              /opt/devkitpro/libnds/lib/libnds9.a(console.o) (nocashWrite)
/opt/devkitpro/libnds/lib/libnds9.a(swiSoftReset.o)
                              /opt/devkitpro/libnds/lib/libnds9.a(fifosystem.o) (swiSoftReset)
/opt/devkitpro/libnds/lib/libnds9.a(default_font.bin.o)
                              /opt/devkitpro/libnds/lib/libnds9.a(console.o) (default_font_bin)
/opt/devkitpro/libnds/lib/libnds9.a(background.o)
                              /opt/devkitpro/libnds/lib/libnds9.a(console.o) (bgState)
/opt/devkitpro/libnds/lib/libnds9.a(trig.o)
                              /opt/devkitpro/libnds/lib/libnds9.a(background.o) (sinLerp)
/opt/devkitpro/libnds/lib/libnds9.a(video.o)
                              /opt/devkitpro/libnds/lib/libnds9.a(initSystem.o) (vramDefault)
/opt/devkitpro/libnds/lib/libnds9.a(system.o)
                              /opt/devkitpro/libnds/lib/libnds9.a(initSystem.o) (systemValueHandler)
/opt/devkitpro/libnds/lib/libnds9.a(biosCalls.o)
                              /opt/devkitpro/libnds/lib/libnds9.a(system.o) (swiDelay)
/opt/devkitpro/devkitARM/bin/../lib/gcc/arm-none-eabi/14.1.0/thumb/libgcc.a(_divsi3.o)
                              /opt/devkitpro/libnds/lib/libnds9.a(console.o) (__aeabi_idivmod)
/opt/devkitpro/devkitARM/bin/../lib/gcc/arm-none-eabi/14.1.0/thumb/libgcc.a(_dvmd_tls.o)
                              /opt/devkitpro/devkitARM/bin/../lib/gcc/arm-none-eabi/14.1.0/thumb/libgcc.a(_divsi3.o) (__aeabi_idiv0)
/opt/devkitpro/devkitARM/bin/../lib/gcc/arm-none-eabi/14.1.0/thumb/libgcc.a(_sync_none.o)
                              (__sync_synchronize_none)
/opt/devkitpro/devkitARM/bin/../lib/gcc/arm-none-eabi/14.1.0/../../../../arm-none-eabi/lib/thumb/libg.a(libc_a-bsearch.o)
                              /opt/devkitpro/libnds/lib/libnds9.a(trig.o) (bsearch)
/opt/devkitpro/devkitARM/bin/../lib/gcc/arm-none-eabi/14.1.0/../../../../arm-none-eabi/lib/thumb/libg.a(libc_a-siscanf.o)
                              /opt/devkitpro/libnds/lib/libnds9.a(console.o) (siscanf)
/opt/devkitpro/devkitARM/bin/../lib/gcc/arm-none-eabi/14.1.0/../../../../arm-none-eabi/lib/thumb/libg.a(libc_a-stdio.o)
                              /opt/devkitpro/devkitARM/bin/../lib/gcc/arm-none-eabi/14.1.0/../../../../arm-none-eabi/lib/thumb/libg.a(libc_a-siscanf.o) (__seofread)
/opt/devkitpro/devkitARM/bin/../lib/gcc/arm-none-eabi/14.1.0/../../../../arm-none-eabi/lib/thumb/libg.a(libc_a-setvbuf.o)
                              /opt/devkitpro/libnds/lib/libnds9.a(console.o) (setvbuf)
/opt/devkitpro/devkitARM/bin/../lib/gcc/arm-none-eabi/14.1.0/../../../../arm-none-eabi/lib/thumb/libg.a(libc_a-malloc.o)
                              /opt/devkitpro/devkitARM/bin/../lib/gcc/arm-none-eabi/14.1.0/../../../../arm-none-eabi/lib/thumb/libg.a(libc_a-setvbuf.o) (malloc)
/opt/devkitpro/devkitARM/bin/../lib/gcc/arm-none-eabi/14.1.0/../../../../arm-none-eabi/lib/thumb/libg.a(libc_a-memcpy-stub.o)
                              /opt/devkitpro/libnds/lib/libnds9.a(console.o) (memcpy)
[...]
Memory Configuration

Name             Origin             Length             Attributes
ewram            0x02000000         0x00380000
dtcm             0x02ff0000         0x00004000
vectors          0x01000000         0x00000100
itcm             0x01000100         0x00007f00
*default*        0x00000000         0xffffffff

Linker script and memory map

                0x00000000                        __sync_synchronize = __sync_synchronize_none
                0x02380000                        __ewram_end = (ORIGIN (ewram) + LENGTH (ewram))
                0x02380000                        __eheap_end = (ORIGIN (ewram) + LENGTH (ewram))
                0x02ff4000                        __dtcm_top = (ORIGIN (dtcm) + LENGTH (dtcm))
                0x02ff3ff8                        __irq_flags = (__dtcm_top - 0x8)
                0x02ff3ffc                        __irq_vector = (__dtcm_top - 0x4)
                0x02ff3f00                        __sp_svc = (__dtcm_top - 0x100)
                0x02ff3e00                        __sp_irq = (__sp_svc - 0x100)
                0x02ff3d00                        __sp_usr = (__sp_irq - 0x100)

.secure         0x02000000      0x800
 *(.secure)
 .secure        0x02000000      0x800 /opt/devkitpro/libnds/lib/libnds9.a(securearea.o)
                0x02000000                __secure_area__

.crt0           0x02000800      0x300
                0x02000800                        __text_start = .
 *(.crt0)
 .crt0          0x02000800      0x300 /opt/devkitpro/devkitARM/bin/../lib/gcc/arm-none-eabi/14.1.0/../../../../arm-none-eabi/lib/thumb/ds_arm9_crt0.o
                0x02000800                _start
                0x02000b00                        . = ALIGN (0x4)

.plt
 *(.plt)

.init           0x02000b00        0xc
 *(SORT_NONE(.init))
 .init          0x02000b00        0x4 /opt/devkitpro/devkitARM/bin/../lib/gcc/arm-none-eabi/14.1.0/thumb/crti.o
                0x02000b00                _init
 .init          0x02000b04        0x8 /opt/devkitpro/devkitARM/bin/../lib/gcc/arm-none-eabi/14.1.0/thumb/crtn.o

.text           0x02000b10     0x6c18
 *(EXCLUDE_FILE(*.twl* *.vectors* *.itcm*) .text)
 .text          0x02000b10       0xb0 template.o
                0x02000b10                setPixel
                0x02000b90                resetScreen
 .text          0x02000bc0      0x150 /opt/devkitpro/devkitARM/bin/../lib/gcc/arm-none-eabi/14.1.0/thumb/libgcc.a(_divsi3.o)
                0x02000bc0                __aeabi_idiv
                0x02000bc0                __divsi3
                0x02000cf0                __aeabi_idivmod
 .text          0x02000d10        0x4 /opt/devkitpro/devkitARM/bin/../lib/gcc/arm-none-eabi/14.1.0/thumb/libgcc.a(_dvmd_tls.o)
                0x02000d10                __aeabi_ldiv0
                0x02000d10                __aeabi_idiv0
 .text          0x02000d14       0x14 /opt/devkitpro/devkitARM/bin/../lib/gcc/arm-none-eabi/14.1.0/thumb/libgcc.a(_thumb1_case_uqi.o)
                0x02000d14                __gnu_thumb1_case_uqi
 .text          0x02000d28       0x14 /opt/devkitpro/devkitARM/bin/../lib/gcc/arm-none-eabi/14.1.0/thumb/libgcc.a(_thumb1_case_uhi.o)
                0x02000d28                __gnu_thumb1_case_uhi
 .text          0x02000d3c      0x11c /opt/devkitpro/devkitARM/bin/../lib/gcc/arm-none-eabi/14.1.0/thumb/libgcc.a(_udivsi3.o)
                0x02000d3c                __udivsi3
                0x02000d3c                __aeabi_uidiv
                0x02000e38                __aeabi_uidivmod
 .text          0x02000e58       0x3c /opt/devkitpro/devkitARM/bin/../lib/gcc/arm-none-eabi/14.1.0/thumb/libgcc.a(_aeabi_uldivmod.o)
                0x02000e58                __aeabi_uldivmod
 .text          0x02000e94       0x28 /opt/devkitpro/devkitARM/bin/../lib/gcc/arm-none-eabi/14.1.0/thumb/libgcc.a(_clzdi2.o)
                0x02000e94                __clzdi2
 .text          0x02000ebc       0x48 /opt/devkitpro/devkitARM/bin/../lib/gcc/arm-none-eabi/14.1.0/thumb/libgcc.a(_clzsi2.o)
                0x02000ebc                __clzsi2
 *(EXCLUDE_FILE(*.twl* *.vectors* *.itcm*) .stub)
 *(EXCLUDE_FILE(*.twl* *.vectors* *.itcm*) .text.*)
 .text.__do_global_dtors_aux
                0x02000f04       0x2c /opt/devkitpro/devkitARM/bin/../lib/gcc/arm-none-eabi/14.1.0/thumb/crtbegin.o
 .text.frame_dummy
                0x02000f30       0x24 /opt/devkitpro/devkitARM/bin/../lib/gcc/arm-none-eabi/14.1.0/thumb/crtbegin.o
 .text.startup  0x02000f54       0x84 template.o
                0x02000f54                main
 .text.touchRead
                0x02000fd8       0x24 /opt/devkitpro/libnds/lib/libnds9.a(touch.o)
                0x02000fd8                touchRead
 .text.newRow   0x02000ffc       0xa8 /opt/devkitpro/libnds/lib/libnds9.a(console.o)
 .text.consolePrintChar
                0x020010a4       0xe0 /opt/devkitpro/libnds/lib/libnds9.a(console.o)
                0x020010a4                consolePrintChar
 .text.con_write
                0x02001184      0x36c /opt/devkitpro/libnds/lib/libnds9.a(console.o)
                0x02001184                con_write
 .text.consoleLoadFont
                0x020014f0      0x2a0 /opt/devkitpro/libnds/lib/libnds9.a(console.o)
                0x020014f0                consoleLoadFont
 .text.consoleInit
                0x02001790      0x18c /opt/devkitpro/libnds/lib/libnds9.a(console.o)
                0x02001790                consoleInit
 .text.consoleDemoInit
                0x0200191c       0x40 /opt/devkitpro/libnds/lib/libnds9.a(console.o)
                0x0200191c                consoleDemoInit
 .text.scanKeys
                0x0200195c       0x8c /opt/devkitpro/libnds/lib/libnds9.a(keys.o)
                0x0200195c                scanKeys
 .text.keysHeld
                0x020019e8        0xc /opt/devkitpro/libnds/lib/libnds9.a(keys.o)
                0x020019e8                keysHeld
 .text.initSystem
                0x020019f4      0x180 /opt/devkitpro/libnds/lib/libnds9.a(initSystem.o)
                0x020019f4                initSystem
 .text.irqDummy
                0x02001b74        0x4 /opt/devkitpro/libnds/lib/libnds9.a(interrupts.o)
                0x02001b74                irqDummy
 .text.irqSet   0x02001b78       0x6c /opt/devkitpro/libnds/lib/libnds9.a(interrupts.o)
                0x02001b78                irqSet
 .text.irqInit  0x02001be4       0x50 /opt/devkitpro/libnds/lib/libnds9.a(interrupts.o)
                0x02001be4                irqInit
 .text.irqEnable
                0x02001c34       0x64 /opt/devkitpro/libnds/lib/libnds9.a(interrupts.o)
                0x02001c34                irqEnable
 .text.systemErrorExit
                0x02001c98        0x4 /opt/devkitpro/libnds/lib/libnds9.a(libnds_exit.arm.o)
                0x02001c98                systemErrorExit
 .text.__libnds_exit
                0x02001c9c       0x5c /opt/devkitpro/libnds/lib/libnds9.a(libnds_exit.arm.o)
                0x02001c9c                __libnds_exit
 .text.fifo_queueBlock
                0x02001cf8       0x44 /opt/devkitpro/libnds/lib/libnds9.a(fifosystem.o)
 .text.fifo_waitBlock
                0x02001d3c       0x80 /opt/devkitpro/libnds/lib/libnds9.a(fifosystem.o)
 .text.fifoInternalSend.part.0
                0x02001dbc       0xd4 /opt/devkitpro/libnds/lib/libnds9.a(fifosystem.o)
 .text.fifoInternalSendInterrupt
                0x02001e90       0xb0 /opt/devkitpro/libnds/lib/libnds9.a(fifosystem.o)
 .text.fifoSetValue32Handler
                0x02001f40       0xd4 /opt/devkitpro/libnds/lib/libnds9.a(fifosystem.o)
                0x02001f40                fifoSetValue32Handler
 .text.fifoSendValue32
                0x02002014       0x4c /opt/devkitpro/libnds/lib/libnds9.a(fifosystem.o)
                0x02002014                fifoSendValue32
 .text.fifoGetDatamsg
                0x02002060       0xf4 /opt/devkitpro/libnds/lib/libnds9.a(fifosystem.o)
                0x02002060                fifoGetDatamsg
 .text.fifoInternalRecvInterrupt
                0x02002154      0x37c /opt/devkitpro/libnds/lib/libnds9.a(fifosystem.o)
 .text.fifoSetDatamsgHandler
                0x020024d0       0x9c /opt/devkitpro/libnds/lib/libnds9.a(fifosystem.o)
                0x020024d0                fifoSetDatamsgHandler
 .text.fifoInit
                0x0200256c      0x108 /opt/devkitpro/libnds/lib/libnds9.a(fifosystem.o)
                0x0200256c                fifoInit
 .text.__libnds_mpu_setup
                0x02002674      0x174 /opt/devkitpro/libnds/lib/libnds9.a(mpu_setup.o)
                0x02002674                __libnds_mpu_setup
 .text.memUncached
                0x020027e8       0x20 /opt/devkitpro/libnds/lib/libnds9.a(mpu_setup.o)
                0x020027e8                memUncached
 .text.swiWaitForVBlank
                0x02002808        0x8 /opt/devkitpro/libnds/lib/libnds9.a(IntrWait.o)
                0x02002808                swiWaitForVBlank
 .text.swiIntrWait
                0x02002810       0x70 /opt/devkitpro/libnds/lib/libnds9.a(IntrWait.o)
                0x02002810                swiIntrWait
 .text.setCpuClock
                0x02002880       0x50 /opt/devkitpro/libnds/lib/libnds9.a(cpu_clock.o)
                0x02002880                setCpuClock
 .text.swiSoftReset
                0x020028d0       0x2c /opt/devkitpro/libnds/lib/libnds9.a(swiSoftReset.o)
                0x020028d0                swiSoftReset
 .text.checkIfText
                0x020028fc       0x5c /opt/devkitpro/libnds/lib/libnds9.a(background.o)
                0x020028fc                checkIfText
 .text.bgUpdate
                0x02002958       0xf4 /opt/devkitpro/libnds/lib/libnds9.a(background.o)
                0x02002958                bgUpdate
 .text.bgInit_call
                0x02002a4c       0xc4 /opt/devkitpro/libnds/lib/libnds9.a(background.o)
                0x02002a4c                bgInit_call
 .text.bgInitSub_call
                0x02002b10       0xcc /opt/devkitpro/libnds/lib/libnds9.a(background.o)
                0x02002b10                bgInitSub_call
 .text.sinLutLookup
                0x02002bdc       0x4c /opt/devkitpro/libnds/lib/libnds9.a(trig.o)
                0x02002bdc                sinLutLookup
 .text.sinLerp  0x02002c28       0x40 /opt/devkitpro/libnds/lib/libnds9.a(trig.o)
                0x02002c28                sinLerp
 .text.cosLerp  0x02002c68       0x4c /opt/devkitpro/libnds/lib/libnds9.a(trig.o)
                0x02002c68                cosLerp
 .text.vramDefault
                0x02002cb4       0xd0 /opt/devkitpro/libnds/lib/libnds9.a(video.o)
                0x02002cb4                vramDefault
 .text.systemValueHandler
                0x02002d84       0x48 /opt/devkitpro/libnds/lib/libnds9.a(system.o)
                0x02002d84                systemValueHandler
 .text.systemMsgHandler
                0x02002dcc       0x60 /opt/devkitpro/libnds/lib/libnds9.a(system.o)
                0x02002dcc                systemMsgHandler
 .text.powerOn  0x02002e2c       0x2c /opt/devkitpro/libnds/lib/libnds9.a(system.o)
                0x02002e2c                powerOn
 .text.swiDelay
                0x02002e58        0x4 /opt/devkitpro/libnds/lib/libnds9.a(biosCalls.o)
                0x02002e58                swiDelay
 .text.siscanf  0x02002e5c       0x50 /opt/devkitpro/devkitARM/bin/../lib/gcc/arm-none-eabi/14.1.0/../../../../arm-none-eabi/lib/thumb/libg.a(libc_a-siscanf.o)
                0x02002e5c                siscanf
 .text.__sread  0x02002eac       0x34 /opt/devkitpro/devkitARM/bin/../lib/gcc/arm-none-eabi/14.1.0/../../../../arm-none-eabi/lib/thumb/libg.a(libc_a-stdio.o)
                0x02002eac                __sread
 .text.__seofread
                0x02002ee0        0x4 /opt/devkitpro/devkitARM/bin/../lib/gcc/arm-none-eabi/14.1.0/../../../../arm-none-eabi/lib/thumb/libg.a(libc_a-stdio.o)
                0x02002ee0                __seofread
 .text.__swrite
                0x02002ee4       0x4c /opt/devkitpro/devkitARM/bin/../lib/gcc/arm-none-eabi/14.1.0/../../../../arm-none-eabi/lib/thumb/libg.a(libc_a-stdio.o)
                0x02002ee4                __swrite
 .text.__sseek  0x02002f30       0x3c /opt/devkitpro/devkitARM/bin/../lib/gcc/arm-none-eabi/14.1.0/../../../../arm-none-eabi/lib/thumb/libg.a(libc_a-stdio.o)
                0x02002f30                __sseek
 .text.__sclose
                0x02002f6c       0x10 /opt/devkitpro/devkitARM/bin/../lib/gcc/arm-none-eabi/14.1.0/../../../../arm-none-eabi/lib/thumb/libg.a(libc_a-stdio.o)
                0x02002f6c                __sclose
 .text.setvbuf  0x02002f7c      0x1ac /opt/devkitpro/devkitARM/bin/../lib/gcc/arm-none-eabi/14.1.0/../../../../arm-none-eabi/lib/thumb/libg.a(libc_a-setvbuf.o)
                0x02002f7c                setvbuf
 .text.malloc   0x02003128       0x28 /opt/devkitpro/devkitARM/bin/../lib/gcc/arm-none-eabi/14.1.0/../../../../arm-none-eabi/lib/thumb/libg.a(libc_a-malloc.o)
                0x02003128                malloc
 .text.free     0x02003150       0x14 /opt/devkitpro/devkitARM/bin/../lib/gcc/arm-none-eabi/14.1.0/../../../../arm-none-eabi/lib/thumb/libg.a(libc_a-malloc.o)
                0x02003150                free
 .text.memcpy   0x02003164       0xb0 /opt/devkitpro/devkitARM/bin/../lib/gcc/arm-none-eabi/14.1.0/../../../../arm-none-eabi/lib/thumb/libg.a(libc_a-memcpy-stub.o)
                0x02003164                memcpy
 .text.memset   0x02003214       0x98 /opt/devkitpro/devkitARM/bin/../lib/gcc/arm-none-eabi/14.1.0/../../../../arm-none-eabi/lib/thumb/libg.a(libc_a-memset.o)
                0x02003214                memset
 .text.__libc_init_array
                0x020032ac       0x54 /opt/devkitpro/devkitARM/bin/../lib/gcc/arm-none-eabi/14.1.0/../../../../arm-none-eabi/lib/thumb/libg.a(libc_a-init.o)
                0x020032ac                __libc_init_array
 .text.__sflush_r
                0x02003300      0x194 /opt/devkitpro/devkitARM/bin/../lib/gcc/arm-none-eabi/14.1.0/../../../../arm-none-eabi/lib/thumb/libg.a(libc_a-fflush.o)
                0x02003300                __sflush_r
 .text._fflush_r
                0x02003494       0x70 /opt/devkitpro/devkitARM/bin/../lib/gcc/arm-none-eabi/14.1.0/../../../../arm-none-eabi/lib/thumb/libg.a(libc_a-fflush.o)
                0x02003494                _fflush_r
 .text.strlen   0x02003504       0x60 /opt/devkitpro/devkitARM/bin/../lib/gcc/arm-none-eabi/14.1.0/../../../../arm-none-eabi/lib/thumb/libg.a(libc_a-strlen-stub.o)
                0x02003504                strlen
 .text._memalign_r
                0x02003564      0x128 /opt/devkitpro/devkitARM/bin/../lib/gcc/arm-none-eabi/14.1.0/../../../../arm-none-eabi/lib/thumb/libg.a(libc_a-malignr.o)
                0x02003564                _memalign_r
 .text.get_arg  0x0200368c       0x3e /opt/devkitpro/devkitARM/bin/../lib/gcc/arm-none-eabi/14.1.0/../../../../arm-none-eabi/lib/thumb/libg.a(libc_a-svfiscanf.o)
 .text._sungetc_r
                0x020036ca       0x7e /opt/devkitpro/devkitARM/bin/../lib/gcc/arm-none-eabi/14.1.0/../../../../arm-none-eabi/lib/thumb/libg.a(libc_a-svfiscanf.o)
                0x020036ca                _sungetc_r
 .text.__ssrefill_r
                0x02003748       0x42 /opt/devkitpro/devkitARM/bin/../lib/gcc/arm-none-eabi/14.1.0/../../../../arm-none-eabi/lib/thumb/libg.a(libc_a-svfiscanf.o)
                0x02003748                __ssrefill_r
 .text._sfread_r
                0x0200378a       0x88 /opt/devkitpro/devkitARM/bin/../lib/gcc/arm-none-eabi/14.1.0/../../../../arm-none-eabi/lib/thumb/libg.a(libc_a-svfiscanf.o)
                0x0200378a                _sfread_r
 *fill*         0x02003812        0x2 ff
 .text.__ssvfiscanf_r
                0x02003814     0x1a78 /opt/devkitpro/devkitARM/bin/../lib/gcc/arm-none-eabi/14.1.0/../../../../arm-none-eabi/lib/thumb/libg.a(libc_a-svfiscanf.o)
                0x02003814                __ssvfiscanf_r
 .text._strtoul_l.isra.0
                0x0200528c      0x154 /opt/devkitpro/devkitARM/bin/../lib/gcc/arm-none-eabi/14.1.0/../../../../arm-none-eabi/lib/thumb/libg.a(libc_a-strtoul.o)
 .text._strtoul_r
                0x020053e0       0x20 /opt/devkitpro/devkitARM/bin/../lib/gcc/arm-none-eabi/14.1.0/../../../../arm-none-eabi/lib/thumb/libg.a(libc_a-strtoul.o)
                0x020053e0                _strtoul_r
 .text.iswspace
                0x02005400       0x10 /opt/devkitpro/devkitARM/bin/../lib/gcc/arm-none-eabi/14.1.0/../../../../arm-none-eabi/lib/thumb/libg.a(libc_a-iswspace.o)
                0x02005400                iswspace
 .text.__sccl   0x02005410       0xa0 /opt/devkitpro/devkitARM/bin/../lib/gcc/arm-none-eabi/14.1.0/../../../../arm-none-eabi/lib/thumb/libg.a(libc_a-sccl.o)
                0x02005410                __sccl
 .text.__swhatbuf_r
                0x020054b0       0x5c /opt/devkitpro/devkitARM/bin/../lib/gcc/arm-none-eabi/14.1.0/../../../../arm-none-eabi/lib/thumb/libg.a(libc_a-makebuf.o)
                0x020054b0                __swhatbuf_r
 .text.realloc  0x0200550c       0x18 /opt/devkitpro/devkitARM/bin/../lib/gcc/arm-none-eabi/14.1.0/../../../../arm-none-eabi/lib/thumb/libg.a(libc_a-realloc.o)
                0x0200550c                realloc
 .text.stdio_exit_handler
                0x02005524       0x20 /opt/devkitpro/devkitARM/bin/../lib/gcc/arm-none-eabi/14.1.0/../../../../arm-none-eabi/lib/thumb/libg.a(libc_a-findfp.o)
 .text.cleanup_stdio
                0x02005544       0x40 /opt/devkitpro/devkitARM/bin/../lib/gcc/arm-none-eabi/14.1.0/../../../../arm-none-eabi/lib/thumb/libg.a(libc_a-findfp.o)
 .text.global_stdio_init.part.0
                0x02005584      0x128 /opt/devkitpro/devkitARM/bin/../lib/gcc/arm-none-eabi/14.1.0/../../../../arm-none-eabi/lib/thumb/libg.a(libc_a-findfp.o)
 .text.__sinit  0x020056ac       0x3c /opt/devkitpro/devkitARM/bin/../lib/gcc/arm-none-eabi/14.1.0/../../../../arm-none-eabi/lib/thumb/libg.a(libc_a-findfp.o)
                0x020056ac                __sinit
 .text.__sfp_lock_acquire
                0x020056e8       0x14 /opt/devkitpro/devkitARM/bin/../lib/gcc/arm-none-eabi/14.1.0/../../../../arm-none-eabi/lib/thumb/libg.a(libc_a-findfp.o)
                0x020056e8                __sfp_lock_acquire
 .text.__sfp_lock_release
                0x020056fc       0x14 /opt/devkitpro/devkitARM/bin/../lib/gcc/arm-none-eabi/14.1.0/../../../../arm-none-eabi/lib/thumb/libg.a(libc_a-findfp.o)
                0x020056fc                __sfp_lock_release
 .text._malloc_r
                0x02005710      0x588 /opt/devkitpro/devkitARM/bin/../lib/gcc/arm-none-eabi/14.1.0/../../../../arm-none-eabi/lib/thumb/libg.a(libc_a-mallocr.o)
                0x02005710                _malloc_r
 .text._malloc_trim_r
                0x02005c98       0xac /opt/devkitpro/devkitARM/bin/../lib/gcc/arm-none-eabi/14.1.0/../../../../arm-none-eabi/lib/thumb/libg.a(libc_a-freer.o)
                0x02005c98                _malloc_trim_r
 .text._free_r  0x02005d44      0x1f4 /opt/devkitpro/devkitARM/bin/../lib/gcc/arm-none-eabi/14.1.0/../../../../arm-none-eabi/lib/thumb/libg.a(libc_a-freer.o)
                0x02005d44                _free_r
 .text._strtol_l.part.0
                0x02005f38      0x25c /opt/devkitpro/devkitARM/bin/../lib/gcc/arm-none-eabi/14.1.0/../../../../arm-none-eabi/lib/thumb/libg.a(libc_a-strtol.o)
 .text._strtol_r
                0x02006194       0x34 /opt/devkitpro/devkitARM/bin/../lib/gcc/arm-none-eabi/14.1.0/../../../../arm-none-eabi/lib/thumb/libg.a(libc_a-strtol.o)
                0x02006194                _strtol_r
 .text.__errno  0x020061c8        0xc /opt/devkitpro/devkitARM/bin/../lib/gcc/arm-none-eabi/14.1.0/../../../../arm-none-eabi/lib/thumb/libg.a(libc_a-errno.o)
                0x020061c8                __errno
 .text._realloc_r
                0x020061d4      0x384 /opt/devkitpro/devkitARM/bin/../lib/gcc/arm-none-eabi/14.1.0/../../../../arm-none-eabi/lib/thumb/libg.a(libc_a-reallocr.o)
                0x020061d4                _realloc_r
 .text._fwalk_sglue
                0x02006558       0x4c /opt/devkitpro/devkitARM/bin/../lib/gcc/arm-none-eabi/14.1.0/../../../../arm-none-eabi/lib/thumb/libg.a(libc_a-fwalk.o)
                0x02006558                _fwalk_sglue
 .text.__malloc_lock
                0x020065a4       0x14 /opt/devkitpro/devkitARM/bin/../lib/gcc/arm-none-eabi/14.1.0/../../../../arm-none-eabi/lib/thumb/libg.a(libc_a-mlock.o)
                0x020065a4                __malloc_lock
 .text.__malloc_unlock
                0x020065b8       0x14 /opt/devkitpro/devkitARM/bin/../lib/gcc/arm-none-eabi/14.1.0/../../../../arm-none-eabi/lib/thumb/libg.a(libc_a-mlock.o)
                0x020065b8                __malloc_unlock
 .text._strtoull_l.isra.0
                0x020065cc      0x1bc /opt/devkitpro/devkitARM/bin/../lib/gcc/arm-none-eabi/14.1.0/../../../../arm-none-eabi/lib/thumb/libg.a(libc_a-strtoull.o)
 .text._strtoull_r
                0x02006788       0x20 /opt/devkitpro/devkitARM/bin/../lib/gcc/arm-none-eabi/14.1.0/../../../../arm-none-eabi/lib/thumb/libg.a(libc_a-strtoull.o)
                0x02006788                _strtoull_r
 .text._mbrtowc_r
                0x020067a8       0x90 /opt/devkitpro/devkitARM/bin/../lib/gcc/arm-none-eabi/14.1.0/../../../../arm-none-eabi/lib/thumb/libg.a(libc_a-mbrtowc.o)
                0x020067a8                _mbrtowc_r
 .text.__submore
                0x02006838       0x88 /opt/devkitpro/devkitARM/bin/../lib/gcc/arm-none-eabi/14.1.0/../../../../arm-none-eabi/lib/thumb/libg.a(libc_a-ungetc.o)
                0x02006838                __submore
 .text.memmove  0x020068c0       0xcc /opt/devkitpro/devkitARM/bin/../lib/gcc/arm-none-eabi/14.1.0/../../../../arm-none-eabi/lib/thumb/libg.a(libc_a-memmove.o)
                0x020068c0                memmove
 .text.iswspace_l
                0x0200698c       0x28 /opt/devkitpro/devkitARM/bin/../lib/gcc/arm-none-eabi/14.1.0/../../../../arm-none-eabi/lib/thumb/libg.a(libc_a-iswspace_l.o)
                0x0200698c                iswspace_l
 .text._strtoll_l.isra.0
                0x020069b4      0x30c /opt/devkitpro/devkitARM/bin/../lib/gcc/arm-none-eabi/14.1.0/../../../../arm-none-eabi/lib/thumb/libg.a(libc_a-strtoll.o)
 .text._strtoll_r
                0x02006cc0       0x20 /opt/devkitpro/devkitARM/bin/../lib/gcc/arm-none-eabi/14.1.0/../../../../arm-none-eabi/lib/thumb/libg.a(libc_a-strtoll.o)
                0x02006cc0                _strtoll_r
 .text.__locale_mb_cur_max
                0x02006ce0       0x20 /opt/devkitpro/devkitARM/bin/../lib/gcc/arm-none-eabi/14.1.0/../../../../arm-none-eabi/lib/thumb/libg.a(libc_a-locale.o)
                0x02006ce0                __locale_mb_cur_max
 .text.__utf8_mbtowc
                0x02006d00      0x234 /opt/devkitpro/devkitARM/bin/../lib/gcc/arm-none-eabi/14.1.0/../../../../arm-none-eabi/lib/thumb/libg.a(libc_a-mbtowc_r.o)
                0x02006d00                __utf8_mbtowc
 .text._fclose_r
                0x02006f34       0xd4 /opt/devkitpro/devkitARM/bin/../lib/gcc/arm-none-eabi/14.1.0/../../../../arm-none-eabi/lib/thumb/libg.a(libc_a-fclose.o)
                0x02006f34                _fclose_r
 .text.category
                0x02007008       0x58 /opt/devkitpro/devkitARM/bin/../lib/gcc/arm-none-eabi/14.1.0/../../../../arm-none-eabi/lib/thumb/libg.a(libc_a-categories.o)
                0x02007008                category
 .text.__utf8_wctomb
                0x02007060       0xb4 /opt/devkitpro/devkitARM/bin/../lib/gcc/arm-none-eabi/14.1.0/../../../../arm-none-eabi/lib/thumb/libg.a(libc_a-wctomb_r.o)
                0x02007060                __utf8_wctomb
 .text.build_argv
                0x02007114       0x54 /opt/devkitpro/devkitARM/bin/../lib/gcc/arm-none-eabi/14.1.0/../../../../arm-none-eabi/lib/thumb/libsysbase.a(libsysbase_libsysbase_a-build_argv.o)
                0x02007114                build_argv
 .text._fstat_r
                0x02007168       0x58 /opt/devkitpro/devkitARM/bin/../lib/gcc/arm-none-eabi/14.1.0/../../../../arm-none-eabi/lib/thumb/libsysbase.a(libsysbase_libsysbase_a-fstat.o)
                0x02007168                _fstat_r
 .text.__getreent
                0x020071c0       0x20 /opt/devkitpro/devkitARM/bin/../lib/gcc/arm-none-eabi/14.1.0/../../../../arm-none-eabi/lib/thumb/libsysbase.a(libsysbase_libsysbase_a-getreent.o)
                0x020071c0                __getreent
 .text.__get_handle
                0x020071e0       0x34 /opt/devkitpro/devkitARM/bin/../lib/gcc/arm-none-eabi/14.1.0/../../../../arm-none-eabi/lib/thumb/libsysbase.a(libsysbase_libsysbase_a-handle_manager.o)
                0x020071e0                __get_handle
 .text._close_r
                0x02007214       0xb8 /opt/devkitpro/devkitARM/bin/../lib/gcc/arm-none-eabi/14.1.0/../../../../arm-none-eabi/lib/thumb/libsysbase.a(libsysbase_libsysbase_a-handle_manager.o)
                0x02007214                _close_r
 .text.null_write
                0x020072cc        0x4 /opt/devkitpro/devkitARM/bin/../lib/gcc/arm-none-eabi/14.1.0/../../../../arm-none-eabi/lib/thumb/libsysbase.a(libsysbase_libsysbase_a-iosupport.o)
 .text._lseek_r
                0x020072d0       0x60 /opt/devkitpro/devkitARM/bin/../lib/gcc/arm-none-eabi/14.1.0/../../../../arm-none-eabi/lib/thumb/libsysbase.a(libsysbase_libsysbase_a-lseek.o)
                0x020072d0                _lseek_r
 .text._read_r  0x02007330       0x58 /opt/devkitpro/devkitARM/bin/../lib/gcc/arm-none-eabi/14.1.0/../../../../arm-none-eabi/lib/thumb/libsysbase.a(libsysbase_libsysbase_a-read.o)
                0x02007330                _read_r
 .text._sbrk_r  0x02007388       0x54 /opt/devkitpro/devkitARM/bin/../lib/gcc/arm-none-eabi/14.1.0/../../../../arm-none-eabi/lib/thumb/libsysbase.a(libsysbase_libsysbase_a-sbrk.o)
                0x02007388                _sbrk_r
 .text.__libc_lock_acquire
                0x020073dc       0x18 /opt/devkitpro/devkitARM/bin/../lib/gcc/arm-none-eabi/14.1.0/../../../../arm-none-eabi/lib/thumb/libsysbase.a(libsysbase_libsysbase_a-syscall_support.o)
                0x020073dc                __libc_lock_acquire
 .text.__libc_lock_release
                0x020073f4       0x18 /opt/devkitpro/devkitARM/bin/../lib/gcc/arm-none-eabi/14.1.0/../../../../arm-none-eabi/lib/thumb/libsysbase.a(libsysbase_libsysbase_a-syscall_support.o)
                0x020073f4                __libc_lock_release
 .text.__libc_lock_acquire_recursive
                0x0200740c       0x18 /opt/devkitpro/devkitARM/bin/../lib/gcc/arm-none-eabi/14.1.0/../../../../arm-none-eabi/lib/thumb/libsysbase.a(libsysbase_libsysbase_a-syscall_support.o)
                0x0200740c                __libc_lock_acquire_recursive
 .text.__libc_lock_release_recursive
                0x02007424       0x18 /opt/devkitpro/devkitARM/bin/../lib/gcc/arm-none-eabi/14.1.0/../../../../arm-none-eabi/lib/thumb/libsysbase.a(libsysbase_libsysbase_a-syscall_support.o)
                0x02007424                __libc_lock_release_recursive
 .text._write_r
                0x0200743c       0x58 /opt/devkitpro/devkitARM/bin/../lib/gcc/arm-none-eabi/14.1.0/../../../../arm-none-eabi/lib/thumb/libsysbase.a(libsysbase_libsysbase_a-write.o)
                0x0200743c                _write_r
 .text.__muldi3
                0x02007494       0x64 /opt/devkitpro/devkitARM/bin/../lib/gcc/arm-none-eabi/14.1.0/thumb/libgcc.a(_muldi3.o)
                0x02007494                __aeabi_lmul
                0x02007494                __muldi3
 .text.__udivmoddi4
                0x020074f8      0x19c /opt/devkitpro/devkitARM/bin/../lib/gcc/arm-none-eabi/14.1.0/thumb/libgcc.a(_udivmoddi4.o)
                0x020074f8                __udivmoddi4
 *fill*         0x02007694        0x4 ff
 .text.__udivmoddi4.__stub
                0x02007698       0x80 linker stubs
 *(EXCLUDE_FILE(*.twl*) .gnu.warning)
 *(EXCLUDE_FILE(*.twl*) .gnu.linkonce.t*)
 *(.glue_7)
 .glue_7        0x02007728        0x0 linker stubs
 *(.glue_7t)
 .glue_7t       0x02007728        0x0 linker stubs
                0x02007728                        . = ALIGN (0x4)

.vfp11_veneer   0x02007728        0x0
 .vfp11_veneer  0x02007728        0x0 linker stubs

.v4_bx          0x02007728        0x0
 .v4_bx         0x02007728        0x0 linker stubs

.iplt           0x02007728        0x0
 .iplt          0x02007728        0x0 /opt/devkitpro/devkitARM/bin/../lib/gcc/arm-none-eabi/14.1.0/../../../../arm-none-eabi/lib/thumb/ds_arm9_crt0.o

.fini           0x02007728        0xc
 *(.fini)
 .fini          0x02007728        0x4 /opt/devkitpro/devkitARM/bin/../lib/gcc/arm-none-eabi/14.1.0/thumb/crti.o
                0x02007728                _fini
 .fini          0x0200772c        0x8 /opt/devkitpro/devkitARM/bin/../lib/gcc/arm-none-eabi/14.1.0/thumb/crtn.o
                0x02007734                        __text_end = .

.rodata         0x02007734     0x5a60
 *(EXCLUDE_FILE(*.twl*) .rodata)
 *all.rodata*(*)
 *(EXCLUDE_FILE(*.twl*) .roda)
 *(EXCLUDE_FILE(*.twl*) .rodata.*)
 .rodata.con_write.str1.4
                0x02007734       0x94 /opt/devkitpro/libnds/lib/libnds9.a(console.o)
                                 0x30 (size before relaxing)
 .rodata.con_write
                0x020077c8       0xd4 /opt/devkitpro/libnds/lib/libnds9.a(console.o)
 .rodata.str1.4
                0x0200789c       0x14 /opt/devkitpro/libnds/lib/libnds9.a(console.o)
 .rodata.dotab_stdout
                0x0200789c       0x70 /opt/devkitpro/libnds/lib/libnds9.a(console.o)
 .rodata.default_font_bin
                0x0200790c     0x2000 /opt/devkitpro/libnds/lib/libnds9.a(default_font.bin.o)
                0x0200790c                default_font_bin
                0x0200990c                default_font_bin_end
 .rodata.SIN_LUT
                0x0200990c      0x102 /opt/devkitpro/libnds/lib/libnds9.a(trig.o)
                0x0200990c                SIN_LUT
 *fill*         0x02009a0e        0x2 ff
 .rodata.basefix.0
                0x02009a10       0x22 /opt/devkitpro/devkitARM/bin/../lib/gcc/arm-none-eabi/14.1.0/../../../../arm-none-eabi/lib/thumb/libg.a(libc_a-svfiscanf.o)
 *fill*         0x02009a32        0x2 ff
 .rodata._ctype_
                0x02009a34      0x101 /opt/devkitpro/devkitARM/bin/../lib/gcc/arm-none-eabi/14.1.0/../../../../arm-none-eabi/lib/thumb/libg.a(libc_a-ctype_.o)
                0x02009a34                _ctype_
 .rodata._mbrtowc_r.str1.4
                0x02009b35        0x1 /opt/devkitpro/devkitARM/bin/../lib/gcc/arm-none-eabi/14.1.0/../../../../arm-none-eabi/lib/thumb/libg.a(libc_a-mbrtowc.o)
 .rodata.str1.4
                0x02009b35       0x4c /opt/devkitpro/devkitARM/bin/../lib/gcc/arm-none-eabi/14.1.0/../../../../arm-none-eabi/lib/thumb/libg.a(libc_a-locale.o)
 *fill*         0x02009b35        0x3 ff
 .rodata.categories
                0x02009b38     0x35dc /opt/devkitpro/devkitARM/bin/../lib/gcc/arm-none-eabi/14.1.0/../../../../arm-none-eabi/lib/thumb/libg.a(libc_a-categories.o)
 .rodata.AddDevice.str1.4
                0x0200d114        0x8 /opt/devkitpro/devkitARM/bin/../lib/gcc/arm-none-eabi/14.1.0/../../../../arm-none-eabi/lib/thumb/libsysbase.a(libsysbase_libsysbase_a-iosupport.o)
 .rodata.dotab_stdnull
                0x0200d114       0x80 /opt/devkitpro/devkitARM/bin/../lib/gcc/arm-none-eabi/14.1.0/../../../../arm-none-eabi/lib/thumb/libsysbase.a(libsysbase_libsysbase_a-iosupport.o)
                0x0200d114                dotab_stdnull
 *(EXCLUDE_FILE(*.twl*) .gnu.linkonce.r*)
                0x0200d194                        . = ALIGN (0x4)

.ARM.extab
 *(.ARM.extab* .gnu.linkonce.armextab.*)
                0x0200d194                        __exidx_start = .

ARM.exidx
 *(.ARM.exidx* .gnu.linkonce.armexidx.*)
                0x0200d194                        __exidx_end = .
                0x0200d194                        . = ALIGN (0x4)
                0x0200d194                        PROVIDE (__preinit_array_start = .)

.preinit_array
 *(.preinit_array)
                0x0200d194                        PROVIDE (__preinit_array_end = .)
                0x0200d194                        PROVIDE (__init_array_start = .)

.init_array     0x0200d194        0x4
 *(SORT_BY_NAME(.init_array.*))
 *(.init_array)
 .init_array    0x0200d194        0x4 /opt/devkitpro/devkitARM/bin/../lib/gcc/arm-none-eabi/14.1.0/thumb/crtbegin.o
                0x0200d198                        PROVIDE (__init_array_end = .)
                [!provide]                        PROVIDE (__fini_array_start = .)

.fini_array     0x0200d198        0x4
 *(.fini_array)
 .fini_array    0x0200d198        0x4 /opt/devkitpro/devkitARM/bin/../lib/gcc/arm-none-eabi/14.1.0/thumb/crtbegin.o
 *(SORT_BY_NAME(.fini_array.*))
                [!provide]                        PROVIDE (__fini_array_end = .)

.ctors          0x0200d19c        0x0
 *crtbegin.o(.ctors)
 *(EXCLUDE_FILE(*crtend.o) .ctors)
 *(SORT_BY_NAME(.ctors.*))
 *(.ctors)
                0x0200d19c                        . = ALIGN (0x4)

.dtors          0x0200d19c        0x0
 *crtbegin.o(.dtors)
 *(EXCLUDE_FILE(*crtend.o) .dtors)
 *(SORT_BY_NAME(.dtors.*))
 *(.dtors)
                0x0200d19c                        . = ALIGN (0x4)

.eh_frame       0x0200d19c        0x4
 *(.eh_frame)
 .eh_frame      0x0200d19c        0x0 /opt/devkitpro/devkitARM/bin/../lib/gcc/arm-none-eabi/14.1.0/thumb/crtbegin.o
 .eh_frame      0x0200d19c        0x4 /opt/devkitpro/devkitARM/bin/../lib/gcc/arm-none-eabi/14.1.0/thumb/crtend.o
                0x0200d1a0                        . = ALIGN (0x4)

.rel.dyn        0x0200d1a0        0x0
 .rel.iplt      0x0200d1a0        0x0 /opt/devkitpro/devkitARM/bin/../lib/gcc/arm-none-eabi/14.1.0/../../../../arm-none-eabi/lib/thumb/ds_arm9_crt0.o

.gcc_except_table
                0x0200d1a0        0x0
 *(.gcc_except_table)
                0x0200d1a0                        . = ALIGN (0x4)

.jcr
 *(.jcr)

.got
 *(.got.plt)
 *(.got)
 *(.rel.got)

.ewram          0x0200d1a0        0x0
                0x0200d1a0                        __ewram_start = ABSOLUTE (.)
 *(.ewram)
 *ewram.*(.text)
                0x0200d1a0                        . = ALIGN (0x4)

.data           0x0200d1a0     0x1860
                0x0200d1a0                        __data_start = ABSOLUTE (.)
 *(EXCLUDE_FILE(*.twl*) .data)
 .data          0x0200d1a0       0x28 /opt/devkitpro/libnds/lib/libnds9.a(mpu_setup.o)
 *(EXCLUDE_FILE(*.twl*) .data.*)
 .data.currentConsole
                0x0200d1c8        0x4 /opt/devkitpro/libnds/lib/libnds9.a(console.o)
                0x0200d1c8                currentConsole
 .data.defaultConsole
                0x0200d1cc       0x5c /opt/devkitpro/libnds/lib/libnds9.a(console.o)
                0x0200d1cc                defaultConsole
 .data.firstConsoleInit.0
                0x0200d228        0x1 /opt/devkitpro/libnds/lib/libnds9.a(console.o)
 .data.count    0x0200d229        0x1 /opt/devkitpro/libnds/lib/libnds9.a(keys.o)
 .data.delay    0x0200d22a        0x1 /opt/devkitpro/libnds/lib/libnds9.a(keys.o)
 .data.repeat   0x0200d22b        0x1 /opt/devkitpro/libnds/lib/libnds9.a(keys.o)
 .data.fifo_buffer_free
                0x0200d22c        0x4 /opt/devkitpro/libnds/lib/libnds9.a(fifosystem.o)
                0x0200d22c                fifo_buffer_free
 .data.fifo_freewords
                0x0200d230        0x4 /opt/devkitpro/libnds/lib/libnds9.a(fifosystem.o)
                0x0200d230                fifo_freewords
 .data.fifo_receive_queue
                0x0200d234        0x4 /opt/devkitpro/libnds/lib/libnds9.a(fifosystem.o)
                0x0200d234                fifo_receive_queue
 .data.fifo_send_queue
                0x0200d238        0x4 /opt/devkitpro/libnds/lib/libnds9.a(fifosystem.o)
                0x0200d238                fifo_send_queue
 .data.bgControl
                0x0200d23c       0x20 /opt/devkitpro/libnds/lib/libnds9.a(background.o)
                0x0200d23c                bgControl
 .data.bgScrollTable
                0x0200d25c       0x20 /opt/devkitpro/libnds/lib/libnds9.a(background.o)
                0x0200d25c                bgScrollTable
 .data.bgTransform
                0x0200d27c       0x20 /opt/devkitpro/libnds/lib/libnds9.a(background.o)
                0x0200d27c                bgTransform
 .data._impure_ptr
                0x0200d29c        0x4 /opt/devkitpro/devkitARM/bin/../lib/gcc/arm-none-eabi/14.1.0/../../../../arm-none-eabi/lib/thumb/libg.a(libc_a-impure.o)
                0x0200d29c                _impure_ptr
 .data._impure_data
                0x0200d2a0      0x120 /opt/devkitpro/devkitARM/bin/../lib/gcc/arm-none-eabi/14.1.0/../../../../arm-none-eabi/lib/thumb/libg.a(libc_a-impure.o)
                0x0200d2a0                _impure_data
 .data.__sglue  0x0200d3c0        0xc /opt/devkitpro/devkitARM/bin/../lib/gcc/arm-none-eabi/14.1.0/../../../../arm-none-eabi/lib/thumb/libg.a(libc_a-findfp.o)
                0x0200d3c0                __sglue
 .data.__malloc_sbrk_base
                0x0200d3cc        0x4 /opt/devkitpro/devkitARM/bin/../lib/gcc/arm-none-eabi/14.1.0/../../../../arm-none-eabi/lib/thumb/libg.a(libc_a-mallocr.o)
                0x0200d3cc                __malloc_sbrk_base
 .data.__malloc_trim_threshold
                0x0200d3d0        0x4 /opt/devkitpro/devkitARM/bin/../lib/gcc/arm-none-eabi/14.1.0/../../../../arm-none-eabi/lib/thumb/libg.a(libc_a-mallocr.o)
                0x0200d3d0                __malloc_trim_threshold
 *fill*         0x0200d3d4        0x4 ff
 .data.__malloc_av_
                0x0200d3d8      0x408 /opt/devkitpro/devkitARM/bin/../lib/gcc/arm-none-eabi/14.1.0/../../../../arm-none-eabi/lib/thumb/libg.a(libc_a-mallocr.o)
                0x0200d3d8                __malloc_av_
 .data.__global_locale
                0x0200d7e0      0x16c /opt/devkitpro/devkitARM/bin/../lib/gcc/arm-none-eabi/14.1.0/../../../../arm-none-eabi/lib/thumb/libg.a(libc_a-locale.o)
                0x0200d7e0                __global_locale
 *fill*         0x0200d94c        0x4 ff
 .data.handles  0x0200d950     0x1000 /opt/devkitpro/devkitARM/bin/../lib/gcc/arm-none-eabi/14.1.0/../../../../arm-none-eabi/lib/thumb/libsysbase.a(libsysbase_libsysbase_a-handle_manager.o)
 .data.__stderr_handle
                0x0200e950        0xc /opt/devkitpro/devkitARM/bin/../lib/gcc/arm-none-eabi/14.1.0/../../../../arm-none-eabi/lib/thumb/libsysbase.a(libsysbase_libsysbase_a-handle_manager.o)
 .data.__stdout_handle
                0x0200e95c        0xc /opt/devkitpro/devkitARM/bin/../lib/gcc/arm-none-eabi/14.1.0/../../../../arm-none-eabi/lib/thumb/libsysbase.a(libsysbase_libsysbase_a-handle_manager.o)
 .data.__stdin_handle
                0x0200e968        0xc /opt/devkitpro/devkitARM/bin/../lib/gcc/arm-none-eabi/14.1.0/../../../../arm-none-eabi/lib/thumb/libsysbase.a(libsysbase_libsysbase_a-handle_manager.o)
 .data.devoptab_list
                0x0200e974       0x8c /opt/devkitpro/devkitARM/bin/../lib/gcc/arm-none-eabi/14.1.0/../../../../arm-none-eabi/lib/thumb/libsysbase.a(libsysbase_libsysbase_a-iosupport.o)
                0x0200e974                devoptab_list
 *(EXCLUDE_FILE(*.twl*) .gnu.linkonce.d*)
                0x0200ea00                        . = ALIGN (0x4)
                0x0200ea00                        __data_end = ABSOLUTE (.)
                0x0200ea00                        __bss_vma = .

.igot.plt       0x0200ea00        0x0
 .igot.plt      0x0200ea00        0x0 /opt/devkitpro/devkitARM/bin/../lib/gcc/arm-none-eabi/14.1.0/../../../../arm-none-eabi/lib/thumb/ds_arm9_crt0.o

.dtcm           0x02ff0000        0x0 load address 0x0200ea00
                0x0200ea00                        __dtcm_lma = LOADADDR (.dtcm)
                0x02ff0000                        __dtcm_start = ABSOLUTE (.)
 *(.dtcm)
 *(.dtcm.*)
                0x02ff0000                        . = ALIGN (0x4)
                0x02ff0000                        __dtcm_end = ABSOLUTE (.)

.itcm           0x01000100      0x194 load address 0x0200ea00
                0x0200ea00                        __itcm_lma = LOADADDR (.itcm)
                0x01000100                        __itcm_start = ABSOLUTE (.)
 *(.itcm)
 .itcm          0x01000100       0xc8 /opt/devkitpro/libnds/lib/libnds9.a(interrupts.o)
                0x01000100                irqTable
 .itcm          0x010001c8       0xcc /opt/devkitpro/libnds/lib/libnds9.a(interruptDispatcher.o)
                0x010001c8                IntrMain
 *.itcm*(.text .stub .text.*)
                0x01000294                        . = ALIGN (0x4)
                0x01000294                        __itcm_end = ABSOLUTE (.)

.vectors        0x01000000        0x0 load address 0x0200eb94
                0x0200eb94                        __vectors_lma = LOADADDR (.vectors)
                0x01000000                        __vectors_start = ABSOLUTE (.)
 *(.vectors .vectors.*)
                0x01000000                        . = ALIGN (0x4)
                0x01000000                        __vectors_end = ABSOLUTE (.)

.sbss           0x02ff0000        0x0
                0x02ff0000                        __sbss_start = ABSOLUTE (.)
                0x02ff0000                        __sbss_start__ = ABSOLUTE (.)
 *(.sbss)
                0x02ff0000                        . = ALIGN (0x4)
                0x02ff0000                        __sbss_end = ABSOLUTE (.)

.bss            0x0200ea00      0xddc
                0x0200ea00                        __bss_start = ABSOLUTE (.)
                0x0200ea00                        __bss_start__ = ABSOLUTE (.)
 *(EXCLUDE_FILE(*.twl*) .dynbss)
 *(EXCLUDE_FILE(*.twl*) .gnu.linkonce.b*)
 *(EXCLUDE_FILE(*.twl*) .bss*)
 .bss.completed.1
                0x0200ea00        0x1 /opt/devkitpro/devkitARM/bin/../lib/gcc/arm-none-eabi/14.1.0/thumb/crtbegin.o
 *fill*         0x0200ea01        0x3 
 .bss.object.0  0x0200ea04       0x18 /opt/devkitpro/devkitARM/bin/../lib/gcc/arm-none-eabi/14.1.0/thumb/crtbegin.o
 .bss.currentCopy
                0x0200ea1c       0x5c /opt/devkitpro/libnds/lib/libnds9.a(console.o)
                0x0200ea1c                currentCopy
 .bss.keys      0x0200ea78        0x2 /opt/devkitpro/libnds/lib/libnds9.a(keys.o)
 .bss.keysold   0x0200ea7a        0x2 /opt/devkitpro/libnds/lib/libnds9.a(keys.o)
 .bss.keysrepeat
                0x0200ea7c        0x2 /opt/devkitpro/libnds/lib/libnds9.a(keys.o)
 .bss.__dsimode
                0x0200ea7e        0x1 /opt/devkitpro/libnds/lib/libnds9.a(initSystem.o)
                0x0200ea7e                __dsimode
 *fill*         0x0200ea7f        0x1 
 .bss.punixTime
                0x0200ea80        0x4 /opt/devkitpro/libnds/lib/libnds9.a(initSystem.o)
                0x0200ea80                punixTime
 .bss.fifo_address_data
                0x0200ea84       0x40 /opt/devkitpro/libnds/lib/libnds9.a(fifosystem.o)
                0x0200ea84                fifo_address_data
 .bss.fifo_address_func
                0x0200eac4       0x40 /opt/devkitpro/libnds/lib/libnds9.a(fifosystem.o)
                0x0200eac4                fifo_address_func
 .bss.fifo_address_queue
                0x0200eb04       0x40 /opt/devkitpro/libnds/lib/libnds9.a(fifosystem.o)
                0x0200eb04                fifo_address_queue
 .bss.fifo_buffer
                0x0200eb44      0x800 /opt/devkitpro/libnds/lib/libnds9.a(fifosystem.o)
                0x0200eb44                fifo_buffer
 .bss.fifo_data_queue
                0x0200f344       0x40 /opt/devkitpro/libnds/lib/libnds9.a(fifosystem.o)
                0x0200f344                fifo_data_queue
 .bss.fifo_datamsg_data
                0x0200f384       0x40 /opt/devkitpro/libnds/lib/libnds9.a(fifosystem.o)
                0x0200f384                fifo_datamsg_data
 .bss.fifo_datamsg_func
                0x0200f3c4       0x40 /opt/devkitpro/libnds/lib/libnds9.a(fifosystem.o)
                0x0200f3c4                fifo_datamsg_func
 .bss.fifo_value32_data
                0x0200f404       0x40 /opt/devkitpro/libnds/lib/libnds9.a(fifosystem.o)
                0x0200f404                fifo_value32_data
 .bss.fifo_value32_func
                0x0200f444       0x40 /opt/devkitpro/libnds/lib/libnds9.a(fifosystem.o)
                0x0200f444                fifo_value32_func
 .bss.fifo_value32_queue
                0x0200f484       0x40 /opt/devkitpro/libnds/lib/libnds9.a(fifosystem.o)
                0x0200f484                fifo_value32_queue
 .bss.processing
                0x0200f4c4        0x4 /opt/devkitpro/libnds/lib/libnds9.a(fifosystem.o)
                0x0200f4c4                processing
 .bss.bgIsTextLut
                0x0200f4c8        0x8 /opt/devkitpro/libnds/lib/libnds9.a(background.o)
                0x0200f4c8                bgIsTextLut
 .bss.bgState   0x0200f4d0      0x140 /opt/devkitpro/libnds/lib/libnds9.a(background.o)
                0x0200f4d0                bgState
 .bss.SDcallback
                0x0200f610        0x4 /opt/devkitpro/libnds/lib/libnds9.a(system.o)
 .bss.__sfp_recursive_mutex
                0x0200f614        0xc /opt/devkitpro/devkitARM/bin/../lib/gcc/arm-none-eabi/14.1.0/../../../../arm-none-eabi/lib/thumb/libg.a(libc_a-findfp.o)
 .bss.__sf      0x0200f620      0x168 /opt/devkitpro/devkitARM/bin/../lib/gcc/arm-none-eabi/14.1.0/../../../../arm-none-eabi/lib/thumb/libg.a(libc_a-findfp.o)
                0x0200f620                __sf
 .bss.__stdio_exit_handler
                0x0200f788        0x4 /opt/devkitpro/devkitARM/bin/../lib/gcc/arm-none-eabi/14.1.0/../../../../arm-none-eabi/lib/thumb/libg.a(libc_a-findfp.o)
                0x0200f788                __stdio_exit_handler
 .bss.__malloc_current_mallinfo
                0x0200f78c       0x28 /opt/devkitpro/devkitARM/bin/../lib/gcc/arm-none-eabi/14.1.0/../../../../arm-none-eabi/lib/thumb/libg.a(libc_a-mallocr.o)
                0x0200f78c                __malloc_current_mallinfo
 .bss.__malloc_max_total_mem
                0x0200f7b4        0x4 /opt/devkitpro/devkitARM/bin/../lib/gcc/arm-none-eabi/14.1.0/../../../../arm-none-eabi/lib/thumb/libg.a(libc_a-mallocr.o)
                0x0200f7b4                __malloc_max_total_mem
 .bss.__malloc_max_sbrked_mem
                0x0200f7b8        0x4 /opt/devkitpro/devkitARM/bin/../lib/gcc/arm-none-eabi/14.1.0/../../../../arm-none-eabi/lib/thumb/libg.a(libc_a-mallocr.o)
                0x0200f7b8                __malloc_max_sbrked_mem
 .bss.__malloc_top_pad
                0x0200f7bc        0x4 /opt/devkitpro/devkitARM/bin/../lib/gcc/arm-none-eabi/14.1.0/../../../../arm-none-eabi/lib/thumb/libg.a(libc_a-mallocr.o)
                0x0200f7bc                __malloc_top_pad
 .bss.__malloc_recursive_mutex
                0x0200f7c0        0xc /opt/devkitpro/devkitARM/bin/../lib/gcc/arm-none-eabi/14.1.0/../../../../arm-none-eabi/lib/thumb/libg.a(libc_a-mlock.o)
 .bss.__hndl_lock
                0x0200f7cc        0x4 /opt/devkitpro/devkitARM/bin/../lib/gcc/arm-none-eabi/14.1.0/../../../../arm-none-eabi/lib/thumb/libsysbase.a(libsysbase_libsysbase_a-handle_manager.o)
 .bss.fake_heap_start
                0x0200f7d0        0x4 /opt/devkitpro/devkitARM/bin/../lib/gcc/arm-none-eabi/14.1.0/../../../../arm-none-eabi/lib/thumb/libsysbase.a(libsysbase_libsysbase_a-malloc_vars.o)
                0x0200f7d0                fake_heap_start
 .bss.fake_heap_end
                0x0200f7d4        0x4 /opt/devkitpro/devkitARM/bin/../lib/gcc/arm-none-eabi/14.1.0/../../../../arm-none-eabi/lib/thumb/libsysbase.a(libsysbase_libsysbase_a-malloc_vars.o)
                0x0200f7d4                fake_heap_end
 .bss.heap_start.0
                0x0200f7d8        0x4 /opt/devkitpro/devkitARM/bin/../lib/gcc/arm-none-eabi/14.1.0/../../../../arm-none-eabi/lib/thumb/libsysbase.a(libsysbase_libsysbase_a-sbrk.o)
 *(EXCLUDE_FILE(*.twl*) COMMON)
                0x0200f7dc                        . = ALIGN (0x4)
                0x0200f7dc                        __bss_end__ = ABSOLUTE (.)
                0x0200f7dc                        __end__ = ABSOLUTE (.)

.twl            0x0200f7dc        0x0 load address 0x02400000
                0x02400000                        __arm9i_lma__ = LOADADDR (.twl)
                0x0200f7dc                        __arm9i_start__ = ABSOLUTE (.)
 *(.twl)
 *.twl*(.text .stub .text.* .gnu.linkonce.t.*)
 *.twl*(.rodata)
 *.twl*(.roda)
 *.twl*(.rodata.*)
 *.twl*(.data)
 *.twl*(.data.*)
 *.twl*(.gnu.linkonce.d*)
                0x0200f7dc                        __arm9i_end__ = ABSOLUTE (.)

.twl_bss        0x0200f7dc        0x0
                0x0200f7dc                        __twl_bss_start__ = ABSOLUTE (.)
 *(.twl_bss)
 *.twl*(.dynbss)
 *.twl*(.gnu.linkonce.b*)
 *.twl*(.bss*)
 *.twl*(COMMON)
                0x0200f7dc                        . = ALIGN (0x4)
                0x0200f7dc                        __twl_bss_end__ = ABSOLUTE (.)
                0x0200f7dc                        __twl_end__ = ABSOLUTE (.)

.stab
 *(.stab)

.stabstr
 *(.stabstr)

.stab.excl
 *(.stab.excl)

.stab.exclstr
 *(.stab.exclstr)

.stab.index
 *(.stab.index)

.stab.indexstr
 *(.stab.indexstr)

.comment        0x00000000       0x46
 *(.comment)
 .comment       0x00000000       0x46 /opt/devkitpro/devkitARM/bin/../lib/gcc/arm-none-eabi/14.1.0/thumb/crtbegin.o
                                 0x24 (size before relaxing)
 .comment       0x00000046       0x24 template.o
 .comment       0x00000046       0x24 /opt/devkitpro/libnds/lib/libnds9.a(touch.o)
 .comment       0x00000046       0x24 /opt/devkitpro/libnds/lib/libnds9.a(console.o)
 .comment       0x00000046       0x24 /opt/devkitpro/libnds/lib/libnds9.a(keys.o)
 .comment       0x00000046       0x24 /opt/devkitpro/libnds/lib/libnds9.a(initSystem.o)
 .comment       0x00000046       0x24 /opt/devkitpro/libnds/lib/libnds9.a(securearea.o)
 .comment       0x00000046       0x24 /opt/devkitpro/libnds/lib/libnds9.a(interrupts.o)
 .comment       0x00000046       0x24 /opt/devkitpro/libnds/lib/libnds9.a(libnds_exit.arm.o)
 .comment       0x00000046       0x24 /opt/devkitpro/libnds/lib/libnds9.a(fifosystem.o)
 .comment       0x00000046       0x24 /opt/devkitpro/libnds/lib/libnds9.a(background.o)
 .comment       0x00000046       0x24 /opt/devkitpro/libnds/lib/libnds9.a(trig.o)
 .comment       0x00000046       0x24 /opt/devkitpro/libnds/lib/libnds9.a(video.o)
 .comment       0x00000046       0x24 /opt/devkitpro/libnds/lib/libnds9.a(system.o)
 .comment       0x00000046       0x24 /opt/devkitpro/devkitARM/bin/../lib/gcc/arm-none-eabi/14.1.0/../../../../arm-none-eabi/lib/thumb/libg.a(libc_a-siscanf.o)
 .comment       0x00000046       0x24 /opt/devkitpro/devkitARM/bin/../lib/gcc/arm-none-eabi/14.1.0/../../../../arm-none-eabi/lib/thumb/libg.a(libc_a-stdio.o)
 .comment       0x00000046       0x24 /opt/devkitpro/devkitARM/bin/../lib/gcc/arm-none-eabi/14.1.0/../../../../arm-none-eabi/lib/thumb/libg.a(libc_a-setvbuf.o)
 .comment       0x00000046       0x24 /opt/devkitpro/devkitARM/bin/../lib/gcc/arm-none-eabi/14.1.0/../../../../arm-none-eabi/lib/thumb/libg.a(libc_a-malloc.o)
 .comment       0x00000046       0x24 /opt/devkitpro/devkitARM/bin/../lib/gcc/arm-none-eabi/14.1.0/../../../../arm-none-eabi/lib/thumb/libg.a(libc_a-memcpy-stub.o)
 .comment       0x00000046       0x24 /opt/devkitpro/devkitARM/bin/../lib/gcc/arm-none-eabi/14.1.0/../../../../arm-none-eabi/lib/thumb/libg.a(libc_a-memset.o)
 .comment       0x00000046       0x24 /opt/devkitpro/devkitARM/bin/../lib/gcc/arm-none-eabi/14.1.0/../../../../arm-none-eabi/lib/thumb/libg.a(libc_a-init.o)
 .comment       0x00000046       0x24 /opt/devkitpro/devkitARM/bin/../lib/gcc/arm-none-eabi/14.1.0/../../../../arm-none-eabi/lib/thumb/libg.a(libc_a-fflush.o)
 .comment       0x00000046       0x24 /opt/devkitpro/devkitARM/bin/../lib/gcc/arm-none-eabi/14.1.0/../../../../arm-none-eabi/lib/thumb/libg.a(libc_a-strlen-stub.o)
 .comment       0x00000046       0x24 /opt/devkitpro/devkitARM/bin/../lib/gcc/arm-none-eabi/14.1.0/../../../../arm-none-eabi/lib/thumb/libg.a(libc_a-impure.o)
 .comment       0x00000046       0x24 /opt/devkitpro/devkitARM/bin/../lib/gcc/arm-none-eabi/14.1.0/../../../../arm-none-eabi/lib/thumb/libg.a(libc_a-malignr.o)
 .comment       0x00000046       0x24 /opt/devkitpro/devkitARM/bin/../lib/gcc/arm-none-eabi/14.1.0/../../../../arm-none-eabi/lib/thumb/libg.a(libc_a-svfiscanf.o)
 .comment       0x00000046       0x24 /opt/devkitpro/devkitARM/bin/../lib/gcc/arm-none-eabi/14.1.0/../../../../arm-none-eabi/lib/thumb/libg.a(libc_a-strtoul.o)
 .comment       0x00000046       0x24 /opt/devkitpro/devkitARM/bin/../lib/gcc/arm-none-eabi/14.1.0/../../../../arm-none-eabi/lib/thumb/libg.a(libc_a-iswspace.o)
 .comment       0x00000046       0x24 /opt/devkitpro/devkitARM/bin/../lib/gcc/arm-none-eabi/14.1.0/../../../../arm-none-eabi/lib/thumb/libg.a(libc_a-sccl.o)
 .comment       0x00000046       0x24 /opt/devkitpro/devkitARM/bin/../lib/gcc/arm-none-eabi/14.1.0/../../../../arm-none-eabi/lib/thumb/libg.a(libc_a-makebuf.o)
 .comment       0x00000046       0x24 /opt/devkitpro/devkitARM/bin/../lib/gcc/arm-none-eabi/14.1.0/../../../../arm-none-eabi/lib/thumb/libg.a(libc_a-realloc.o)
 .comment       0x00000046       0x24 /opt/devkitpro/devkitARM/bin/../lib/gcc/arm-none-eabi/14.1.0/../../../../arm-none-eabi/lib/thumb/libg.a(libc_a-findfp.o)
 .comment       0x00000046       0x24 /opt/devkitpro/devkitARM/bin/../lib/gcc/arm-none-eabi/14.1.0/../../../../arm-none-eabi/lib/thumb/libg.a(libc_a-mallocr.o)
 .comment       0x00000046       0x24 /opt/devkitpro/devkitARM/bin/../lib/gcc/arm-none-eabi/14.1.0/../../../../arm-none-eabi/lib/thumb/libg.a(libc_a-freer.o)
 .comment       0x00000046       0x24 /opt/devkitpro/devkitARM/bin/../lib/gcc/arm-none-eabi/14.1.0/../../../../arm-none-eabi/lib/thumb/libg.a(libc_a-strtol.o)
 .comment       0x00000046       0x24 /opt/devkitpro/devkitARM/bin/../lib/gcc/arm-none-eabi/14.1.0/../../../../arm-none-eabi/lib/thumb/libg.a(libc_a-errno.o)
 .comment       0x00000046       0x24 /opt/devkitpro/devkitARM/bin/../lib/gcc/arm-none-eabi/14.1.0/../../../../arm-none-eabi/lib/thumb/libg.a(libc_a-ctype_.o)
 .comment       0x00000046       0x24 /opt/devkitpro/devkitARM/bin/../lib/gcc/arm-none-eabi/14.1.0/../../../../arm-none-eabi/lib/thumb/libg.a(libc_a-reallocr.o)
 .comment       0x00000046       0x24 /opt/devkitpro/devkitARM/bin/../lib/gcc/arm-none-eabi/14.1.0/../../../../arm-none-eabi/lib/thumb/libg.a(libc_a-fwalk.o)
 .comment       0x00000046       0x24 /opt/devkitpro/devkitARM/bin/../lib/gcc/arm-none-eabi/14.1.0/../../../../arm-none-eabi/lib/thumb/libg.a(libc_a-mlock.o)
 .comment       0x00000046       0x24 /opt/devkitpro/devkitARM/bin/../lib/gcc/arm-none-eabi/14.1.0/../../../../arm-none-eabi/lib/thumb/libg.a(libc_a-strtoull.o)
 .comment       0x00000046       0x24 /opt/devkitpro/devkitARM/bin/../lib/gcc/arm-none-eabi/14.1.0/../../../../arm-none-eabi/lib/thumb/libg.a(libc_a-mbrtowc.o)
 .comment       0x00000046       0x24 /opt/devkitpro/devkitARM/bin/../lib/gcc/arm-none-eabi/14.1.0/../../../../arm-none-eabi/lib/thumb/libg.a(libc_a-ungetc.o)
 .comment       0x00000046       0x24 /opt/devkitpro/devkitARM/bin/../lib/gcc/arm-none-eabi/14.1.0/../../../../arm-none-eabi/lib/thumb/libg.a(libc_a-memmove.o)
 .comment       0x00000046       0x24 /opt/devkitpro/devkitARM/bin/../lib/gcc/arm-none-eabi/14.1.0/../../../../arm-none-eabi/lib/thumb/libg.a(libc_a-iswspace_l.o)
 .comment       0x00000046       0x24 /opt/devkitpro/devkitARM/bin/../lib/gcc/arm-none-eabi/14.1.0/../../../../arm-none-eabi/lib/thumb/libg.a(libc_a-strtoll.o)
 .comment       0x00000046       0x24 /opt/devkitpro/devkitARM/bin/../lib/gcc/arm-none-eabi/14.1.0/../../../../arm-none-eabi/lib/thumb/libg.a(libc_a-locale.o)
 .comment       0x00000046       0x24 /opt/devkitpro/devkitARM/bin/../lib/gcc/arm-none-eabi/14.1.0/../../../../arm-none-eabi/lib/thumb/libg.a(libc_a-mbtowc_r.o)
 .comment       0x00000046       0x24 /opt/devkitpro/devkitARM/bin/../lib/gcc/arm-none-eabi/14.1.0/../../../../arm-none-eabi/lib/thumb/libg.a(libc_a-fclose.o)
 .comment       0x00000046       0x24 /opt/devkitpro/devkitARM/bin/../lib/gcc/arm-none-eabi/14.1.0/../../../../arm-none-eabi/lib/thumb/libg.a(libc_a-categories.o)
 .comment       0x00000046       0x24 /opt/devkitpro/devkitARM/bin/../lib/gcc/arm-none-eabi/14.1.0/../../../../arm-none-eabi/lib/thumb/libg.a(libc_a-wctomb_r.o)
 .comment       0x00000046       0x24 /opt/devkitpro/devkitARM/bin/../lib/gcc/arm-none-eabi/14.1.0/../../../../arm-none-eabi/lib/thumb/libsysbase.a(libsysbase_libsysbase_a-build_argv.o)
 .comment       0x00000046       0x24 /opt/devkitpro/devkitARM/bin/../lib/gcc/arm-none-eabi/14.1.0/../../../../arm-none-eabi/lib/thumb/libsysbase.a(libsysbase_libsysbase_a-fstat.o)
 .comment       0x00000046       0x24 /opt/devkitpro/devkitARM/bin/../lib/gcc/arm-none-eabi/14.1.0/../../../../arm-none-eabi/lib/thumb/libsysbase.a(libsysbase_libsysbase_a-getreent.o)
 .comment       0x00000046       0x24 /opt/devkitpro/devkitARM/bin/../lib/gcc/arm-none-eabi/14.1.0/../../../../arm-none-eabi/lib/thumb/libsysbase.a(libsysbase_libsysbase_a-handle_manager.o)
 .comment       0x00000046       0x24 /opt/devkitpro/devkitARM/bin/../lib/gcc/arm-none-eabi/14.1.0/../../../../arm-none-eabi/lib/thumb/libsysbase.a(libsysbase_libsysbase_a-iosupport.o)
 .comment       0x00000046       0x24 /opt/devkitpro/devkitARM/bin/../lib/gcc/arm-none-eabi/14.1.0/../../../../arm-none-eabi/lib/thumb/libsysbase.a(libsysbase_libsysbase_a-lseek.o)
 .comment       0x00000046       0x24 /opt/devkitpro/devkitARM/bin/../lib/gcc/arm-none-eabi/14.1.0/../../../../arm-none-eabi/lib/thumb/libsysbase.a(libsysbase_libsysbase_a-malloc_vars.o)
 .comment       0x00000046       0x24 /opt/devkitpro/devkitARM/bin/../lib/gcc/arm-none-eabi/14.1.0/../../../../arm-none-eabi/lib/thumb/libsysbase.a(libsysbase_libsysbase_a-read.o)
 .comment       0x00000046       0x24 /opt/devkitpro/devkitARM/bin/../lib/gcc/arm-none-eabi/14.1.0/../../../../arm-none-eabi/lib/thumb/libsysbase.a(libsysbase_libsysbase_a-sbrk.o)
 .comment       0x00000046       0x24 /opt/devkitpro/devkitARM/bin/../lib/gcc/arm-none-eabi/14.1.0/../../../../arm-none-eabi/lib/thumb/libsysbase.a(libsysbase_libsysbase_a-syscall_support.o)
 .comment       0x00000046       0x24 /opt/devkitpro/devkitARM/bin/../lib/gcc/arm-none-eabi/14.1.0/../../../../arm-none-eabi/lib/thumb/libsysbase.a(libsysbase_libsysbase_a-write.o)
 .comment       0x00000046       0x24 /opt/devkitpro/devkitARM/bin/../lib/gcc/arm-none-eabi/14.1.0/thumb/libgcc.a(_muldi3.o)
 .comment       0x00000046       0x24 /opt/devkitpro/devkitARM/bin/../lib/gcc/arm-none-eabi/14.1.0/thumb/libgcc.a(_udivmoddi4.o)
 .comment       0x00000046       0x24 /opt/devkitpro/devkitARM/bin/../lib/gcc/arm-none-eabi/14.1.0/thumb/crtend.o

.ARM.attributes
                0x00000000       0x2d
 .ARM.attributes
                0x00000000       0x21 /opt/devkitpro/devkitARM/bin/../lib/gcc/arm-none-eabi/14.1.0/../../../../arm-none-eabi/lib/thumb/ds_arm9_crt0.o
 .ARM.attributes
                0x00000021       0x1c /opt/devkitpro/devkitARM/bin/../lib/gcc/arm-none-eabi/14.1.0/thumb/crti.o
 .ARM.attributes
                0x0000003d       0x2a /opt/devkitpro/devkitARM/bin/../lib/gcc/arm-none-eabi/14.1.0/thumb/crtbegin.o
 .ARM.attributes
                0x00000067       0x27 template.o
 .ARM.attributes
                0x0000008e       0x2b /opt/devkitpro/libnds/lib/libnds9.a(touch.o)
 .ARM.attributes
                0x000000b9       0x2b /opt/devkitpro/libnds/lib/libnds9.a(console.o)
 .ARM.attributes
                0x000000e4       0x2b /opt/devkitpro/libnds/lib/libnds9.a(keys.o)
 .ARM.attributes
                0x0000010f       0x2b /opt/devkitpro/libnds/lib/libnds9.a(initSystem.o)
 .ARM.attributes
                0x0000013a       0x2b /opt/devkitpro/libnds/lib/libnds9.a(securearea.o)
 .ARM.attributes
                0x00000165       0x2b /opt/devkitpro/libnds/lib/libnds9.a(interrupts.o)
 .ARM.attributes
                0x00000190       0x2b /opt/devkitpro/libnds/lib/libnds9.a(libnds_exit.arm.o)
 .ARM.attributes
                0x000001bb       0x2b /opt/devkitpro/libnds/lib/libnds9.a(fifosystem.o)
 .ARM.attributes
                0x000001e6       0x21 /opt/devkitpro/libnds/lib/libnds9.a(mpu_setup.o)
 .ARM.attributes
                0x00000207       0x21 /opt/devkitpro/libnds/lib/libnds9.a(IntrWait.o)
 .ARM.attributes
                0x00000228       0x21 /opt/devkitpro/libnds/lib/libnds9.a(cpu_clock.o)
 .ARM.attributes
                0x00000249       0x1b /opt/devkitpro/libnds/lib/libnds9.a(interruptDispatcher.o)
 .ARM.attributes
                0x00000264       0x21 /opt/devkitpro/libnds/lib/libnds9.a(swiSoftReset.o)
 .ARM.attributes
                0x00000285       0x14 /opt/devkitpro/libnds/lib/libnds9.a(default_font.bin.o)
 .ARM.attributes
                0x00000299       0x2b /opt/devkitpro/libnds/lib/libnds9.a(background.o)
 .ARM.attributes
                0x000002c4       0x2b /opt/devkitpro/libnds/lib/libnds9.a(trig.o)
 .ARM.attributes
                0x000002ef       0x2b /opt/devkitpro/libnds/lib/libnds9.a(video.o)
 .ARM.attributes
                0x0000031a       0x2b /opt/devkitpro/libnds/lib/libnds9.a(system.o)
 .ARM.attributes
                0x00000345       0x1b /opt/devkitpro/libnds/lib/libnds9.a(biosCalls.o)
 .ARM.attributes
                0x00000360       0x1c /opt/devkitpro/devkitARM/bin/../lib/gcc/arm-none-eabi/14.1.0/thumb/libgcc.a(_divsi3.o)
 .ARM.attributes
                0x0000037c       0x1c /opt/devkitpro/devkitARM/bin/../lib/gcc/arm-none-eabi/14.1.0/thumb/libgcc.a(_dvmd_tls.o)
 .ARM.attributes
                0x00000398       0x2a /opt/devkitpro/devkitARM/bin/../lib/gcc/arm-none-eabi/14.1.0/../../../../arm-none-eabi/lib/thumb/libg.a(libc_a-siscanf.o)
 .ARM.attributes
                0x000003c2       0x2a /opt/devkitpro/devkitARM/bin/../lib/gcc/arm-none-eabi/14.1.0/../../../../arm-none-eabi/lib/thumb/libg.a(libc_a-stdio.o)
 .ARM.attributes
                0x000003ec       0x2a /opt/devkitpro/devkitARM/bin/../lib/gcc/arm-none-eabi/14.1.0/../../../../arm-none-eabi/lib/thumb/libg.a(libc_a-setvbuf.o)
 .ARM.attributes
                0x00000416       0x2a /opt/devkitpro/devkitARM/bin/../lib/gcc/arm-none-eabi/14.1.0/../../../../arm-none-eabi/lib/thumb/libg.a(libc_a-malloc.o)
 .ARM.attributes
                0x00000440       0x2a /opt/devkitpro/devkitARM/bin/../lib/gcc/arm-none-eabi/14.1.0/../../../../arm-none-eabi/lib/thumb/libg.a(libc_a-memcpy-stub.o)
 .ARM.attributes
                0x0000046a       0x2a /opt/devkitpro/devkitARM/bin/../lib/gcc/arm-none-eabi/14.1.0/../../../../arm-none-eabi/lib/thumb/libg.a(libc_a-memset.o)
 .ARM.attributes
                0x00000494       0x2a /opt/devkitpro/devkitARM/bin/../lib/gcc/arm-none-eabi/14.1.0/../../../../arm-none-eabi/lib/thumb/libg.a(libc_a-init.o)
 .ARM.attributes
                0x000004be       0x2a /opt/devkitpro/devkitARM/bin/../lib/gcc/arm-none-eabi/14.1.0/../../../../arm-none-eabi/lib/thumb/libg.a(libc_a-fflush.o)
 .ARM.attributes
                0x000004e8       0x2a /opt/devkitpro/devkitARM/bin/../lib/gcc/arm-none-eabi/14.1.0/../../../../arm-none-eabi/lib/thumb/libg.a(libc_a-strlen-stub.o)
 .ARM.attributes
                0x00000512       0x2a /opt/devkitpro/devkitARM/bin/../lib/gcc/arm-none-eabi/14.1.0/../../../../arm-none-eabi/lib/thumb/libg.a(libc_a-impure.o)
 .ARM.attributes
                0x0000053c       0x2a /opt/devkitpro/devkitARM/bin/../lib/gcc/arm-none-eabi/14.1.0/../../../../arm-none-eabi/lib/thumb/libg.a(libc_a-malignr.o)
 .ARM.attributes
                0x00000566       0x2a /opt/devkitpro/devkitARM/bin/../lib/gcc/arm-none-eabi/14.1.0/../../../../arm-none-eabi/lib/thumb/libg.a(libc_a-svfiscanf.o)
 .ARM.attributes
                0x00000590       0x2a /opt/devkitpro/devkitARM/bin/../lib/gcc/arm-none-eabi/14.1.0/../../../../arm-none-eabi/lib/thumb/libg.a(libc_a-strtoul.o)
 .ARM.attributes
                0x000005ba       0x2a /opt/devkitpro/devkitARM/bin/../lib/gcc/arm-none-eabi/14.1.0/../../../../arm-none-eabi/lib/thumb/libg.a(libc_a-iswspace.o)
 .ARM.attributes
                0x000005e4       0x2a /opt/devkitpro/devkitARM/bin/../lib/gcc/arm-none-eabi/14.1.0/../../../../arm-none-eabi/lib/thumb/libg.a(libc_a-sccl.o)
 .ARM.attributes
                0x0000060e       0x2a /opt/devkitpro/devkitARM/bin/../lib/gcc/arm-none-eabi/14.1.0/../../../../arm-none-eabi/lib/thumb/libg.a(libc_a-makebuf.o)
 .ARM.attributes
                0x00000638       0x2a /opt/devkitpro/devkitARM/bin/../lib/gcc/arm-none-eabi/14.1.0/../../../../arm-none-eabi/lib/thumb/libg.a(libc_a-realloc.o)
 .ARM.attributes
                0x00000662       0x2a /opt/devkitpro/devkitARM/bin/../lib/gcc/arm-none-eabi/14.1.0/../../../../arm-none-eabi/lib/thumb/libg.a(libc_a-findfp.o)
 .ARM.attributes
                0x0000068c       0x2a /opt/devkitpro/devkitARM/bin/../lib/gcc/arm-none-eabi/14.1.0/../../../../arm-none-eabi/lib/thumb/libg.a(libc_a-mallocr.o)
 .ARM.attributes
                0x000006b6       0x2a /opt/devkitpro/devkitARM/bin/../lib/gcc/arm-none-eabi/14.1.0/../../../../arm-none-eabi/lib/thumb/libg.a(libc_a-freer.o)
 .ARM.attributes
                0x000006e0       0x2a /opt/devkitpro/devkitARM/bin/../lib/gcc/arm-none-eabi/14.1.0/../../../../arm-none-eabi/lib/thumb/libg.a(libc_a-strtol.o)
 .ARM.attributes
                0x0000070a       0x2a /opt/devkitpro/devkitARM/bin/../lib/gcc/arm-none-eabi/14.1.0/../../../../arm-none-eabi/lib/thumb/libg.a(libc_a-errno.o)
 .ARM.attributes
                0x00000734       0x2a /opt/devkitpro/devkitARM/bin/../lib/gcc/arm-none-eabi/14.1.0/../../../../arm-none-eabi/lib/thumb/libg.a(libc_a-ctype_.o)
 .ARM.attributes
                0x0000075e       0x2a /opt/devkitpro/devkitARM/bin/../lib/gcc/arm-none-eabi/14.1.0/../../../../arm-none-eabi/lib/thumb/libg.a(libc_a-reallocr.o)
 .ARM.attributes
                0x00000788       0x2a /opt/devkitpro/devkitARM/bin/../lib/gcc/arm-none-eabi/14.1.0/../../../../arm-none-eabi/lib/thumb/libg.a(libc_a-fwalk.o)
 .ARM.attributes
                0x000007b2       0x2a /opt/devkitpro/devkitARM/bin/../lib/gcc/arm-none-eabi/14.1.0/../../../../arm-none-eabi/lib/thumb/libg.a(libc_a-mlock.o)
 .ARM.attributes
                0x000007dc       0x2a /opt/devkitpro/devkitARM/bin/../lib/gcc/arm-none-eabi/14.1.0/../../../../arm-none-eabi/lib/thumb/libg.a(libc_a-strtoull.o)
 .ARM.attributes
                0x00000806       0x2a /opt/devkitpro/devkitARM/bin/../lib/gcc/arm-none-eabi/14.1.0/../../../../arm-none-eabi/lib/thumb/libg.a(libc_a-mbrtowc.o)
 .ARM.attributes
                0x00000830       0x2a /opt/devkitpro/devkitARM/bin/../lib/gcc/arm-none-eabi/14.1.0/../../../../arm-none-eabi/lib/thumb/libg.a(libc_a-ungetc.o)
 .ARM.attributes
                0x0000085a       0x2a /opt/devkitpro/devkitARM/bin/../lib/gcc/arm-none-eabi/14.1.0/../../../../arm-none-eabi/lib/thumb/libg.a(libc_a-memmove.o)
 .ARM.attributes
                0x00000884       0x2a /opt/devkitpro/devkitARM/bin/../lib/gcc/arm-none-eabi/14.1.0/../../../../arm-none-eabi/lib/thumb/libg.a(libc_a-iswspace_l.o)
 .ARM.attributes
                0x000008ae       0x2a /opt/devkitpro/devkitARM/bin/../lib/gcc/arm-none-eabi/14.1.0/../../../../arm-none-eabi/lib/thumb/libg.a(libc_a-strtoll.o)
 .ARM.attributes
                0x000008d8       0x2a /opt/devkitpro/devkitARM/bin/../lib/gcc/arm-none-eabi/14.1.0/../../../../arm-none-eabi/lib/thumb/libg.a(libc_a-locale.o)
 .ARM.attributes
                0x00000902       0x2a /opt/devkitpro/devkitARM/bin/../lib/gcc/arm-none-eabi/14.1.0/../../../../arm-none-eabi/lib/thumb/libg.a(libc_a-mbtowc_r.o)
 .ARM.attributes
                0x0000092c       0x2a /opt/devkitpro/devkitARM/bin/../lib/gcc/arm-none-eabi/14.1.0/../../../../arm-none-eabi/lib/thumb/libg.a(libc_a-fclose.o)
 .ARM.attributes
                0x00000956       0x2a /opt/devkitpro/devkitARM/bin/../lib/gcc/arm-none-eabi/14.1.0/../../../../arm-none-eabi/lib/thumb/libg.a(libc_a-categories.o)
 .ARM.attributes
                0x00000980       0x2a /opt/devkitpro/devkitARM/bin/../lib/gcc/arm-none-eabi/14.1.0/../../../../arm-none-eabi/lib/thumb/libg.a(libc_a-wctomb_r.o)
 .ARM.attributes
                0x000009aa       0x2a /opt/devkitpro/devkitARM/bin/../lib/gcc/arm-none-eabi/14.1.0/../../../../arm-none-eabi/lib/thumb/libsysbase.a(libsysbase_libsysbase_a-build_argv.o)
 .ARM.attributes
                0x000009d4       0x2a /opt/devkitpro/devkitARM/bin/../lib/gcc/arm-none-eabi/14.1.0/../../../../arm-none-eabi/lib/thumb/libsysbase.a(libsysbase_libsysbase_a-fstat.o)
 .ARM.attributes
                0x000009fe       0x2a /opt/devkitpro/devkitARM/bin/../lib/gcc/arm-none-eabi/14.1.0/../../../../arm-none-eabi/lib/thumb/libsysbase.a(libsysbase_libsysbase_a-getreent.o)
 .ARM.attributes
                0x00000a28       0x2a /opt/devkitpro/devkitARM/bin/../lib/gcc/arm-none-eabi/14.1.0/../../../../arm-none-eabi/lib/thumb/libsysbase.a(libsysbase_libsysbase_a-handle_manager.o)
 .ARM.attributes
                0x00000a52       0x2a /opt/devkitpro/devkitARM/bin/../lib/gcc/arm-none-eabi/14.1.0/../../../../arm-none-eabi/lib/thumb/libsysbase.a(libsysbase_libsysbase_a-iosupport.o)
 .ARM.attributes
                0x00000a7c       0x2a /opt/devkitpro/devkitARM/bin/../lib/gcc/arm-none-eabi/14.1.0/../../../../arm-none-eabi/lib/thumb/libsysbase.a(libsysbase_libsysbase_a-lseek.o)
 .ARM.attributes
                0x00000aa6       0x2a /opt/devkitpro/devkitARM/bin/../lib/gcc/arm-none-eabi/14.1.0/../../../../arm-none-eabi/lib/thumb/libsysbase.a(libsysbase_libsysbase_a-malloc_vars.o)
 .ARM.attributes
                0x00000ad0       0x2a /opt/devkitpro/devkitARM/bin/../lib/gcc/arm-none-eabi/14.1.0/../../../../arm-none-eabi/lib/thumb/libsysbase.a(libsysbase_libsysbase_a-read.o)
 .ARM.attributes
                0x00000afa       0x2a /opt/devkitpro/devkitARM/bin/../lib/gcc/arm-none-eabi/14.1.0/../../../../arm-none-eabi/lib/thumb/libsysbase.a(libsysbase_libsysbase_a-sbrk.o)
 .ARM.attributes
                0x00000b24       0x2a /opt/devkitpro/devkitARM/bin/../lib/gcc/arm-none-eabi/14.1.0/../../../../arm-none-eabi/lib/thumb/libsysbase.a(libsysbase_libsysbase_a-syscall_support.o)
 .ARM.attributes
                0x00000b4e       0x2a /opt/devkitpro/devkitARM/bin/../lib/gcc/arm-none-eabi/14.1.0/../../../../arm-none-eabi/lib/thumb/libsysbase.a(libsysbase_libsysbase_a-write.o)
 .ARM.attributes
                0x00000b78       0x1c /opt/devkitpro/devkitARM/bin/../lib/gcc/arm-none-eabi/14.1.0/thumb/libgcc.a(_thumb1_case_uqi.o)
 .ARM.attributes
                0x00000b94       0x1c /opt/devkitpro/devkitARM/bin/../lib/gcc/arm-none-eabi/14.1.0/thumb/libgcc.a(_thumb1_case_uhi.o)
 .ARM.attributes
                0x00000bb0       0x1c /opt/devkitpro/devkitARM/bin/../lib/gcc/arm-none-eabi/14.1.0/thumb/libgcc.a(_udivsi3.o)
 .ARM.attributes
                0x00000bcc       0x1c /opt/devkitpro/devkitARM/bin/../lib/gcc/arm-none-eabi/14.1.0/thumb/libgcc.a(_aeabi_uldivmod.o)
 .ARM.attributes
                0x00000be8       0x2a /opt/devkitpro/devkitARM/bin/../lib/gcc/arm-none-eabi/14.1.0/thumb/libgcc.a(_muldi3.o)
 .ARM.attributes
                0x00000c12       0x2a /opt/devkitpro/devkitARM/bin/../lib/gcc/arm-none-eabi/14.1.0/thumb/libgcc.a(_udivmoddi4.o)
 .ARM.attributes
                0x00000c3c       0x1c /opt/devkitpro/devkitARM/bin/../lib/gcc/arm-none-eabi/14.1.0/thumb/libgcc.a(_clzdi2.o)
 .ARM.attributes
                0x00000c58       0x1c /opt/devkitpro/devkitARM/bin/../lib/gcc/arm-none-eabi/14.1.0/thumb/libgcc.a(_clzsi2.o)
 .ARM.attributes
                0x00000c74       0x2a /opt/devkitpro/devkitARM/bin/../lib/gcc/arm-none-eabi/14.1.0/thumb/crtend.o
 .ARM.attributes
                0x00000c9e       0x1c /opt/devkitpro/devkitARM/bin/../lib/gcc/arm-none-eabi/14.1.0/thumb/crtn.o

.debug
 *(.debug)

.line
 *(.line)

.debug_srcinfo
 *(.debug_srcinfo)

.debug_sfnames
 *(.debug_sfnames)

.debug_aranges  0x00000000      0x560
 *(.debug_aranges)
 .debug_aranges
                0x00000000       0x28 template.o
 .debug_aranges
                0x00000028       0x28 /opt/devkitpro/libnds/lib/libnds9.a(touch.o)
 .debug_aranges
                0x00000050       0x80 /opt/devkitpro/libnds/lib/libnds9.a(console.o)
 .debug_aranges
                0x000000d0       0x50 /opt/devkitpro/libnds/lib/libnds9.a(keys.o)
 .debug_aranges
                0x00000120       0x30 /opt/devkitpro/libnds/lib/libnds9.a(initSystem.o)
 .debug_aranges
                0x00000150       0x18 /opt/devkitpro/libnds/lib/libnds9.a(securearea.o)
 .debug_aranges
                0x00000168       0x50 /opt/devkitpro/libnds/lib/libnds9.a(interrupts.o)
 .debug_aranges
                0x000001b8       0x28 /opt/devkitpro/libnds/lib/libnds9.a(libnds_exit.arm.o)
 .debug_aranges
                0x000001e0       0xb0 /opt/devkitpro/libnds/lib/libnds9.a(fifosystem.o)
 .debug_aranges
                0x00000290       0x30 /opt/devkitpro/libnds/lib/libnds9.a(mpu_setup.o)
 .debug_aranges
                0x000002c0       0x28 /opt/devkitpro/libnds/lib/libnds9.a(IntrWait.o)
 .debug_aranges
                0x000002e8       0x20 /opt/devkitpro/libnds/lib/libnds9.a(cpu_clock.o)
 .debug_aranges
                0x00000308       0x20 /opt/devkitpro/libnds/lib/libnds9.a(interruptDispatcher.o)
 .debug_aranges
                0x00000328       0x20 /opt/devkitpro/libnds/lib/libnds9.a(swiSoftReset.o)
 .debug_aranges
                0x00000348       0x40 /opt/devkitpro/libnds/lib/libnds9.a(background.o)
 .debug_aranges
                0x00000388       0x60 /opt/devkitpro/libnds/lib/libnds9.a(trig.o)
 .debug_aranges
                0x000003e8       0x48 /opt/devkitpro/libnds/lib/libnds9.a(video.o)
 .debug_aranges
                0x00000430       0x68 /opt/devkitpro/libnds/lib/libnds9.a(system.o)
 .debug_aranges
                0x00000498       0xc8 /opt/devkitpro/libnds/lib/libnds9.a(biosCalls.o)

.debug_pubnames
 *(.debug_pubnames)

.debug_info     0x00000000     0x9170
 *(.debug_info)
 .debug_info    0x00000000      0xa8a template.o
 .debug_info    0x00000a8a      0x329 /opt/devkitpro/libnds/lib/libnds9.a(touch.o)
 .debug_info    0x00000db3     0x26ac /opt/devkitpro/libnds/lib/libnds9.a(console.o)
 .debug_info    0x0000345f      0x43b /opt/devkitpro/libnds/lib/libnds9.a(keys.o)
 .debug_info    0x0000389a     0x113e /opt/devkitpro/libnds/lib/libnds9.a(initSystem.o)
 .debug_info    0x000049d8       0x5a /opt/devkitpro/libnds/lib/libnds9.a(securearea.o)
 .debug_info    0x00004a32      0x68d /opt/devkitpro/libnds/lib/libnds9.a(interrupts.o)
 .debug_info    0x000050bf      0x367 /opt/devkitpro/libnds/lib/libnds9.a(libnds_exit.arm.o)
 .debug_info    0x00005426     0x183f /opt/devkitpro/libnds/lib/libnds9.a(fifosystem.o)
 .debug_info    0x00006c65       0x23 /opt/devkitpro/libnds/lib/libnds9.a(mpu_setup.o)
 .debug_info    0x00006c88       0x23 /opt/devkitpro/libnds/lib/libnds9.a(IntrWait.o)
 .debug_info    0x00006cab       0x24 /opt/devkitpro/libnds/lib/libnds9.a(cpu_clock.o)
 .debug_info    0x00006ccf       0x25 /opt/devkitpro/libnds/lib/libnds9.a(interruptDispatcher.o)
 .debug_info    0x00006cf4       0x24 /opt/devkitpro/libnds/lib/libnds9.a(swiSoftReset.o)
 .debug_info    0x00006d18      0xa9c /opt/devkitpro/libnds/lib/libnds9.a(background.o)
 .debug_info    0x000077b4      0x793 /opt/devkitpro/libnds/lib/libnds9.a(trig.o)
 .debug_info    0x00007f47      0x790 /opt/devkitpro/libnds/lib/libnds9.a(video.o)
 .debug_info    0x000086d7      0xa76 /opt/devkitpro/libnds/lib/libnds9.a(system.o)
 .debug_info    0x0000914d       0x23 /opt/devkitpro/libnds/lib/libnds9.a(biosCalls.o)

.debug_abbrev   0x00000000     0x250a
 *(.debug_abbrev)
 .debug_abbrev  0x00000000      0x33e template.o
 .debug_abbrev  0x0000033e      0x157 /opt/devkitpro/libnds/lib/libnds9.a(touch.o)
 .debug_abbrev  0x00000495      0x5b3 /opt/devkitpro/libnds/lib/libnds9.a(console.o)
 .debug_abbrev  0x00000a48      0x1a7 /opt/devkitpro/libnds/lib/libnds9.a(keys.o)
 .debug_abbrev  0x00000bef      0x3e1 /opt/devkitpro/libnds/lib/libnds9.a(initSystem.o)
 .debug_abbrev  0x00000fd0       0x47 /opt/devkitpro/libnds/lib/libnds9.a(securearea.o)
 .debug_abbrev  0x00001017      0x2da /opt/devkitpro/libnds/lib/libnds9.a(interrupts.o)
 .debug_abbrev  0x000012f1      0x1ad /opt/devkitpro/libnds/lib/libnds9.a(libnds_exit.arm.o)
 .debug_abbrev  0x0000149e      0x4bb /opt/devkitpro/libnds/lib/libnds9.a(fifosystem.o)
 .debug_abbrev  0x00001959       0x12 /opt/devkitpro/libnds/lib/libnds9.a(mpu_setup.o)
 .debug_abbrev  0x0000196b       0x12 /opt/devkitpro/libnds/lib/libnds9.a(IntrWait.o)
 .debug_abbrev  0x0000197d       0x14 /opt/devkitpro/libnds/lib/libnds9.a(cpu_clock.o)
 .debug_abbrev  0x00001991       0x14 /opt/devkitpro/libnds/lib/libnds9.a(interruptDispatcher.o)
 .debug_abbrev  0x000019a5       0x14 /opt/devkitpro/libnds/lib/libnds9.a(swiSoftReset.o)
 .debug_abbrev  0x000019b9      0x366 /opt/devkitpro/libnds/lib/libnds9.a(background.o)
 .debug_abbrev  0x00001d1f      0x26e /opt/devkitpro/libnds/lib/libnds9.a(trig.o)
 .debug_abbrev  0x00001f8d      0x24c /opt/devkitpro/libnds/lib/libnds9.a(video.o)
 .debug_abbrev  0x000021d9      0x31f /opt/devkitpro/libnds/lib/libnds9.a(system.o)
 .debug_abbrev  0x000024f8       0x12 /opt/devkitpro/libnds/lib/libnds9.a(biosCalls.o)

.debug_line     0x00000000     0x5df3
 *(.debug_line)
 .debug_line    0x00000000      0x3a4 template.o
 .debug_line    0x000003a4      0x2d4 /opt/devkitpro/libnds/lib/libnds9.a(touch.o)
 .debug_line    0x00000678     0x1414 /opt/devkitpro/libnds/lib/libnds9.a(console.o)
 .debug_line    0x00001a8c      0x399 /opt/devkitpro/libnds/lib/libnds9.a(keys.o)
 .debug_line    0x00001e25      0x597 /opt/devkitpro/libnds/lib/libnds9.a(initSystem.o)
 .debug_line    0x000023bc       0x8f /opt/devkitpro/libnds/lib/libnds9.a(securearea.o)
 .debug_line    0x0000244b      0x54c /opt/devkitpro/libnds/lib/libnds9.a(interrupts.o)
 .debug_line    0x00002997      0x23b /opt/devkitpro/libnds/lib/libnds9.a(libnds_exit.arm.o)
 .debug_line    0x00002bd2     0x14f5 /opt/devkitpro/libnds/lib/libnds9.a(fifosystem.o)
 .debug_line    0x000040c7       0xe8 /opt/devkitpro/libnds/lib/libnds9.a(mpu_setup.o)
 .debug_line    0x000041af       0x74 /opt/devkitpro/libnds/lib/libnds9.a(IntrWait.o)
 .debug_line    0x00004223       0x5c /opt/devkitpro/libnds/lib/libnds9.a(cpu_clock.o)
 .debug_line    0x0000427f       0x80 /opt/devkitpro/libnds/lib/libnds9.a(interruptDispatcher.o)
 .debug_line    0x000042ff       0x57 /opt/devkitpro/libnds/lib/libnds9.a(swiSoftReset.o)
 .debug_line    0x00004356      0x725 /opt/devkitpro/libnds/lib/libnds9.a(background.o)
 .debug_line    0x00004a7b      0x837 /opt/devkitpro/libnds/lib/libnds9.a(trig.o)
 .debug_line    0x000052b2      0x4b5 /opt/devkitpro/libnds/lib/libnds9.a(video.o)
 .debug_line    0x00005767      0x4dc /opt/devkitpro/libnds/lib/libnds9.a(system.o)
 .debug_line    0x00005c43      0x1b0 /opt/devkitpro/libnds/lib/libnds9.a(biosCalls.o)

.debug_frame    0x00000000      0x9d4
 *(.debug_frame)
 .debug_frame   0x00000000       0x7c template.o
 .debug_frame   0x0000007c       0x3c /opt/devkitpro/libnds/lib/libnds9.a(touch.o)
 .debug_frame   0x000000b8      0x180 /opt/devkitpro/libnds/lib/libnds9.a(console.o)
 .debug_frame   0x00000238       0x8c /opt/devkitpro/libnds/lib/libnds9.a(keys.o)
 .debug_frame   0x000002c4       0x5c /opt/devkitpro/libnds/lib/libnds9.a(initSystem.o)
 .debug_frame   0x00000320       0xa4 /opt/devkitpro/libnds/lib/libnds9.a(interrupts.o)
 .debug_frame   0x000003c4       0x38 /opt/devkitpro/libnds/lib/libnds9.a(libnds_exit.arm.o)
 .debug_frame   0x000003fc      0x294 /opt/devkitpro/libnds/lib/libnds9.a(fifosystem.o)
 .debug_frame   0x00000690       0xb8 /opt/devkitpro/libnds/lib/libnds9.a(background.o)
 .debug_frame   0x00000748       0xd8 /opt/devkitpro/libnds/lib/libnds9.a(trig.o)
 .debug_frame   0x00000820       0xbc /opt/devkitpro/libnds/lib/libnds9.a(video.o)
 .debug_frame   0x000008dc       0xf8 /opt/devkitpro/libnds/lib/libnds9.a(system.o)

.debug_str      0x00000000     0x348e
 *(.debug_str)
 .debug_str     0x00000000     0x348e template.o
                                0x984 (size before relaxing)
 .debug_str     0x0000348e      0x332 /opt/devkitpro/libnds/lib/libnds9.a(touch.o)
 .debug_str     0x0000348e     0x1282 /opt/devkitpro/libnds/lib/libnds9.a(console.o)
 .debug_str     0x0000348e      0x420 /opt/devkitpro/libnds/lib/libnds9.a(keys.o)
 .debug_str     0x0000348e      0xb81 /opt/devkitpro/libnds/lib/libnds9.a(initSystem.o)
 .debug_str     0x0000348e      0x16e /opt/devkitpro/libnds/lib/libnds9.a(securearea.o)
 .debug_str     0x0000348e      0x496 /opt/devkitpro/libnds/lib/libnds9.a(interrupts.o)
 .debug_str     0x0000348e      0x3e5 /opt/devkitpro/libnds/lib/libnds9.a(libnds_exit.arm.o)
 .debug_str     0x0000348e      0x8a9 /opt/devkitpro/libnds/lib/libnds9.a(fifosystem.o)
 .debug_str     0x0000348e       0x6c /opt/devkitpro/libnds/lib/libnds9.a(mpu_setup.o)
 .debug_str     0x0000348e       0x6b /opt/devkitpro/libnds/lib/libnds9.a(IntrWait.o)
 .debug_str     0x0000348e       0x6c /opt/devkitpro/libnds/lib/libnds9.a(cpu_clock.o)
 .debug_str     0x0000348e       0x76 /opt/devkitpro/libnds/lib/libnds9.a(interruptDispatcher.o)
 .debug_str     0x0000348e       0x6f /opt/devkitpro/libnds/lib/libnds9.a(swiSoftReset.o)
 .debug_str     0x0000348e      0x7a2 /opt/devkitpro/libnds/lib/libnds9.a(background.o)
 .debug_str     0x0000348e      0x2fc /opt/devkitpro/libnds/lib/libnds9.a(trig.o)
 .debug_str     0x0000348e      0xc53 /opt/devkitpro/libnds/lib/libnds9.a(video.o)
 .debug_str     0x0000348e      0x798 /opt/devkitpro/libnds/lib/libnds9.a(system.o)
 .debug_str     0x0000348e       0x6c /opt/devkitpro/libnds/lib/libnds9.a(biosCalls.o)

.debug_loc
 *(.debug_loc)

.debug_macinfo
 *(.debug_macinfo)

.debug_weaknames
 *(.debug_weaknames)

.debug_funcnames
 *(.debug_funcnames)

.debug_typenames
 *(.debug_typenames)

.debug_varnames
 *(.debug_varnames)

.stack          0x00080000        0x0
                0x00080000                        _stack = .
 *(.stack)
LOAD /opt/devkitpro/devkitARM/bin/../lib/gcc/arm-none-eabi/14.1.0/../../../../arm-none-eabi/lib/thumb/ds_arm9_crt0.o
LOAD /opt/devkitpro/devkitARM/bin/../lib/gcc/arm-none-eabi/14.1.0/thumb/crti.o
LOAD /opt/devkitpro/devkitARM/bin/../lib/gcc/arm-none-eabi/14.1.0/thumb/crtbegin.o
LOAD template.o
LOAD /opt/devkitpro/libnds/lib/libnds9.a
START GROUP
LOAD /opt/devkitpro/devkitARM/bin/../lib/gcc/arm-none-eabi/14.1.0/thumb/libgcc.a
LOAD /opt/devkitpro/devkitARM/bin/../lib/gcc/arm-none-eabi/14.1.0/../../../../arm-none-eabi/lib/thumb/libg.a
LOAD /opt/devkitpro/devkitARM/bin/../lib/gcc/arm-none-eabi/14.1.0/../../../../arm-none-eabi/lib/thumb/libc.a
LOAD /opt/devkitpro/devkitARM/bin/../lib/gcc/arm-none-eabi/14.1.0/../../../../arm-none-eabi/lib/thumb/libsysbase.a
END GROUP
LOAD /opt/devkitpro/devkitARM/bin/../lib/gcc/arm-none-eabi/14.1.0/thumb/crtend.o
LOAD /opt/devkitpro/devkitARM/bin/../lib/gcc/arm-none-eabi/14.1.0/thumb/crtn.o
OUTPUT(/home/bhu2/Downloads/nds-examples-20181226/Graphics/3D/draw2/draw2.elf elf32-littlearm)
LOAD linker stubs

.debug_loclists
                0x00000000     0x2f19
 .debug_loclists
                0x00000000      0x105 template.o
 .debug_loclists
                0x00000105       0x8f /opt/devkitpro/libnds/lib/libnds9.a(touch.o)
 .debug_loclists
                0x00000194      0xf6c /opt/devkitpro/libnds/lib/libnds9.a(console.o)
 .debug_loclists
                0x00001100       0x17 /opt/devkitpro/libnds/lib/libnds9.a(keys.o)
 .debug_loclists
                0x00001117       0xc5 /opt/devkitpro/libnds/lib/libnds9.a(initSystem.o)
 .debug_loclists
                0x000011dc      0x1a5 /opt/devkitpro/libnds/lib/libnds9.a(interrupts.o)
 .debug_loclists
                0x00001381       0x48 /opt/devkitpro/libnds/lib/libnds9.a(libnds_exit.arm.o)
 .debug_loclists
                0x000013c9      0xe1a /opt/devkitpro/libnds/lib/libnds9.a(fifosystem.o)
 .debug_loclists
                0x000021e3      0x2a3 /opt/devkitpro/libnds/lib/libnds9.a(background.o)
 .debug_loclists
                0x00002486      0x779 /opt/devkitpro/libnds/lib/libnds9.a(trig.o)
 .debug_loclists
                0x00002bff      0x1da /opt/devkitpro/libnds/lib/libnds9.a(video.o)
 .debug_loclists
                0x00002dd9      0x140 /opt/devkitpro/libnds/lib/libnds9.a(system.o)

.debug_rnglists
                0x00000000      0x8d0
 .debug_rnglists
                0x00000000       0x84 template.o
 .debug_rnglists
                0x00000084       0x28 /opt/devkitpro/libnds/lib/libnds9.a(touch.o)
 .debug_rnglists
                0x000000ac      0x20e /opt/devkitpro/libnds/lib/libnds9.a(console.o)
 .debug_rnglists
                0x000002ba       0x44 /opt/devkitpro/libnds/lib/libnds9.a(keys.o)
 .debug_rnglists
                0x000002fe       0x20 /opt/devkitpro/libnds/lib/libnds9.a(initSystem.o)
 .debug_rnglists
                0x0000031e       0x8b /opt/devkitpro/libnds/lib/libnds9.a(interrupts.o)
 .debug_rnglists
                0x000003a9       0x19 /opt/devkitpro/libnds/lib/libnds9.a(libnds_exit.arm.o)
 .debug_rnglists
                0x000003c2      0x2a4 /opt/devkitpro/libnds/lib/libnds9.a(fifosystem.o)
 .debug_rnglists
                0x00000666       0x20 /opt/devkitpro/libnds/lib/libnds9.a(mpu_setup.o)
 .debug_rnglists
                0x00000686       0x19 /opt/devkitpro/libnds/lib/libnds9.a(IntrWait.o)
 .debug_rnglists
                0x0000069f       0x7c /opt/devkitpro/libnds/lib/libnds9.a(background.o)
 .debug_rnglists
                0x0000071b       0x9d /opt/devkitpro/libnds/lib/libnds9.a(trig.o)
 .debug_rnglists
                0x000007b8       0x3e /opt/devkitpro/libnds/lib/libnds9.a(video.o)
 .debug_rnglists
                0x000007f6       0x49 /opt/devkitpro/libnds/lib/libnds9.a(system.o)
 .debug_rnglists
                0x0000083f       0x91 /opt/devkitpro/libnds/lib/libnds9.a(biosCalls.o)

.debug_line_str
                0x00000000      0x113
 .debug_line_str
                0x00000000      0x113 /opt/devkitpro/libnds/lib/libnds9.a(mpu_setup.o)
                                 0xdc (size before relaxing)
 .debug_line_str
                0x00000113       0xda /opt/devkitpro/libnds/lib/libnds9.a(IntrWait.o)
 .debug_line_str
                0x00000113       0xdc /opt/devkitpro/libnds/lib/libnds9.a(cpu_clock.o)
 .debug_line_str
                0x00000113       0xe6 /opt/devkitpro/libnds/lib/libnds9.a(interruptDispatcher.o)
 .debug_line_str
                0x00000113       0xd8 /opt/devkitpro/libnds/lib/libnds9.a(swiSoftReset.o)
 .debug_line_str
                0x00000113       0xd2 /opt/devkitpro/libnds/lib/libnds9.a(biosCalls.o)
